12-01 01:15:09.448  2493  2600 I AccountManagerService: getTypesVisibleToCaller: isPermitted? true
12-01 01:15:09.543  3989  3999 I art     : Background sticky concurrent mark sweep GC freed 38253(3MB) AllocSpace objects, 2(40KB) LOS objects, 28% free, 8MB/11MB, paused 10.222ms total 223.311ms
12-01 01:15:09.949  3321  4538 I GCM-GMS : Registering GMS 745476177629
12-01 01:15:10.107  3989  4072 E GCM     : Missing checkin config file
12-01 01:15:10.108  3989  4072 W GCM     : GCM FAILED TO INITIALIZE - missing checkin
12-01 01:15:10.110  3321  4538 W GCM-GMS : Failed to get registration: java.io.IOException: AUTHENTICATION_FAILED
12-01 01:15:10.183  3321  3636 I ProcessCheckinRequest: Get token from PseudonymousIdApi: null
12-01 01:15:10.183  3321  3636 I CheckinRequestBuilder: Checkin reason type: 6 attempt count: 2
12-01 01:15:10.184  2493  3033 I AccountManagerService: getTypesVisibleToCaller: isPermitted? true
12-01 01:15:10.186  2493  2701 I AccountManagerService: getTypesVisibleToCaller: isPermitted? true
12-01 01:15:10.192  3321  3636 E ActivityThread: Failed to find provider info for com.google.android.wearable.settings
12-01 01:15:10.453  3989  4090 I HeterodyneSyncScheduler: Scheduling Phenotype for a PhenotypeSyncImmediately(6, com.google.android.gms.playlog.uploader) one off with window [1, 2] in seconds
12-01 01:15:10.648  3989  4055 E GCM     : Missing checkin config file
12-01 01:15:10.649  3989  4055 W GCM     : GCM FAILED TO INITIALIZE - missing checkin
12-01 01:15:10.654  3989  4536 E GcmPushIntentOperation: Failed to subscribe to GCM: com.google.android.gms.playlog.uploader
12-01 01:15:10.654  3989  4536 E GcmPushIntentOperation: java.io.IOException: AUTHENTICATION_FAILED
12-01 01:15:10.654  3989  4536 E GcmPushIntentOperation: 	at vfm.b(:com.google.android.gms@11743470:39)
12-01 01:15:10.654  3989  4536 E GcmPushIntentOperation: 	at vfm.a(:com.google.android.gms@11743470:46)
12-01 01:15:10.654  3989  4536 E GcmPushIntentOperation: 	at vfj.b(:com.google.android.gms@11743470:11)
12-01 01:15:10.654  3989  4536 E GcmPushIntentOperation: 	at vfj.a(:com.google.android.gms@11743470:29)
12-01 01:15:10.654  3989  4536 E GcmPushIntentOperation: 	at com.google.android.gms.phenotype.gcmpush.GcmPushIntentOperation.a(:com.google.android.gms@11743470:15)
12-01 01:15:10.654  3989  4536 E GcmPushIntentOperation: 	at com.google.android.gms.phenotype.gcmpush.GcmPushIntentOperation.onHandleIntent(:com.google.android.gms@11743470:7)
12-01 01:15:10.654  3989  4536 E GcmPushIntentOperation: 	at com.google.android.chimera.IntentOperation.onHandleIntent(:com.google.android.gms@11743470:2)
12-01 01:15:10.654  3989  4536 E GcmPushIntentOperation: 	at bwo.run(:com.google.android.gms@11743470:10)
12-01 01:15:10.654  3989  4536 E GcmPushIntentOperation: 	at bwl.run(:com.google.android.gms@11743470:14)
12-01 01:15:10.654  3989  4536 E GcmPushIntentOperation: 	at java.util.concurrent.ThreadPoolExecutor.runWorker(ThreadPoolExecutor.java:1113)
12-01 01:15:10.654  3989  4536 E GcmPushIntentOperation: 	at java.util.concurrent.ThreadPoolExecutor$Worker.run(ThreadPoolExecutor.java:588)
12-01 01:15:10.654  3989  4536 E GcmPushIntentOperation: 	at java.lang.Thread.run(Thread.java:818)
12-01 01:15:10.852  3321  3636 D         : HostConnection::get() New Host Connection established 0x933aa180, tid 3636
12-01 01:15:10.853  3321  3636 W         : Unrecognized GLES max version string in extensions: ANDROID_EMU_CHECKSUM_HELPER_v1 ANDROID_EMU_dma_v1 
12-01 01:15:10.864  3321  3636 D EGL_emulation: eglCreateContext: 0x91ed5d80: maj 2 min 0 rcv 2
12-01 01:15:10.868  3321  3636 D EGL_emulation: eglMakeCurrent: 0x91ed5d80: ver 2 0 (tinfo 0x90fccc00)
12-01 01:15:10.890  3321  3636 D EGL_emulation: eglCreateContext: 0x91ed5d80: maj 2 min 0 rcv 2
12-01 01:15:10.897  3321  3636 D EGL_emulation: eglMakeCurrent: 0x91ed5d80: ver 2 0 (tinfo 0x90fccc00)
12-01 01:15:10.974  2493  3032 I AccountManagerService: getTypesVisibleToCaller: isPermitted? true
12-01 01:15:11.058  3989  4541 I GoogleURLConnFactory: Using platform SSLCertificateSocketFactory
12-01 01:15:11.197  3989  4541 I GoogleURLConnFactory: Using platform SSLCertificateSocketFactory
12-01 01:15:11.252  2493  4212 I AccountManagerService: getTypesVisibleToCaller: isPermitted? true
12-01 01:15:11.280  2493  2601 I AccountManagerService: getTypesVisibleToCaller: isPermitted? true
12-01 01:15:11.295  2493  3981 I AccountManagerService: getTypesVisibleToCaller: isPermitted? true
12-01 01:15:11.315  2493  3979 I AccountManagerService: getTypesVisibleToCaller: isPermitted? true
12-01 01:15:11.331  2493  2702 I AccountManagerService: getTypesVisibleToCaller: isPermitted? true
12-01 01:15:11.350  2493  4212 I AccountManagerService: getTypesVisibleToCaller: isPermitted? true
12-01 01:15:13.989  2493  2703 I AccountManagerService: getTypesVisibleToCaller: isPermitted? true
12-01 01:15:16.920  2493  3379 D NetworkMonitor/NetworkAgentInfo [MOBILE (LTE) - 100]: Probably not a portal: exception java.net.UnknownHostException: Unable to resolve host "connectivitycheck.gstatic.com": No address associated with hostname
12-01 01:15:16.923  2493  2564 D ConnectivityService: NetworkAgentInfo [MOBILE (LTE) - 100] validation failed
12-01 01:15:44.803  3989  4526 W FetchTask: exception on config fetch: java.net.UnknownHostException: Unable to resolve host "cloudconfig.googleapis.com": No address associated with hostname
12-01 01:15:46.757  3989  3989 I GoogleURLConnFactory: Using platform SSLCertificateSocketFactory
12-01 01:15:47.064  3989  4208 E GCM     : Missing checkin config file
12-01 01:15:47.071  3989  4208 W GCM     : GCM FAILED TO INITIALIZE - missing checkin
12-01 01:15:47.183  2493  3979 I AccountManagerService: getTypesVisibleToCaller: isPermitted? true
12-01 01:15:47.185  3989  4556 E GcmPushIntentOperation: Failed to subscribe to GCM: com.google.android.gms.settings.platform
12-01 01:15:47.185  3989  4556 E GcmPushIntentOperation: java.io.IOException: AUTHENTICATION_FAILED
12-01 01:15:47.185  3989  4556 E GcmPushIntentOperation: 	at vfm.b(:com.google.android.gms@11743470:39)
12-01 01:15:47.185  3989  4556 E GcmPushIntentOperation: 	at vfm.a(:com.google.android.gms@11743470:46)
12-01 01:15:47.185  3989  4556 E GcmPushIntentOperation: 	at vfj.b(:com.google.android.gms@11743470:11)
12-01 01:15:47.185  3989  4556 E GcmPushIntentOperation: 	at vfj.a(:com.google.android.gms@11743470:29)
12-01 01:15:47.185  3989  4556 E GcmPushIntentOperation: 	at com.google.android.gms.phenotype.gcmpush.GcmPushIntentOperation.a(:com.google.android.gms@11743470:15)
12-01 01:15:47.185  3989  4556 E GcmPushIntentOperation: 	at com.google.android.gms.phenotype.gcmpush.GcmPushIntentOperation.onHandleIntent(:com.google.android.gms@11743470:7)
12-01 01:15:47.185  3989  4556 E GcmPushIntentOperation: 	at com.google.android.chimera.IntentOperation.onHandleIntent(:com.google.android.gms@11743470:2)
12-01 01:15:47.185  3989  4556 E GcmPushIntentOperation: 	at bwo.run(:com.google.android.gms@11743470:10)
12-01 01:15:47.185  3989  4556 E GcmPushIntentOperation: 	at bwl.run(:com.google.android.gms@11743470:14)
12-01 01:15:47.185  3989  4556 E GcmPushIntentOperation: 	at java.util.concurrent.ThreadPoolExecutor.runWorker(ThreadPoolExecutor.java:1113)
12-01 01:15:47.185  3989  4556 E GcmPushIntentOperation: 	at java.util.concurrent.ThreadPoolExecutor$Worker.run(ThreadPoolExecutor.java:588)
12-01 01:15:47.185  3989  4556 E GcmPushIntentOperation: 	at java.lang.Thread.run(Thread.java:818)
12-01 01:15:47.324  3989  4208 E GCM     : Missing checkin config file
12-01 01:15:47.325  3989  4208 W GCM     : GCM FAILED TO INITIALIZE - missing checkin
12-01 01:15:47.343  3989  4556 E GcmPushIntentOperation: Failed to subscribe to GCM: com.google.android.gms.phenotype
12-01 01:15:47.343  3989  4556 E GcmPushIntentOperation: java.io.IOException: AUTHENTICATION_FAILED
12-01 01:15:47.343  3989  4556 E GcmPushIntentOperation: 	at vfm.b(:com.google.android.gms@11743470:39)
12-01 01:15:47.343  3989  4556 E GcmPushIntentOperation: 	at vfm.a(:com.google.android.gms@11743470:46)
12-01 01:15:47.343  3989  4556 E GcmPushIntentOperation: 	at vfj.b(:com.google.android.gms@11743470:11)
12-01 01:15:47.343  3989  4556 E GcmPushIntentOperation: 	at vfj.a(:com.google.android.gms@11743470:29)
12-01 01:15:47.343  3989  4556 E GcmPushIntentOperation: 	at com.google.android.gms.phenotype.gcmpush.GcmPushIntentOperation.a(:com.google.android.gms@11743470:15)
12-01 01:15:47.343  3989  4556 E GcmPushIntentOperation: 	at com.google.android.gms.phenotype.gcmpush.GcmPushIntentOperation.onHandleIntent(:com.google.android.gms@11743470:7)
12-01 01:15:47.343  3989  4556 E GcmPushIntentOperation: 	at com.google.android.chimera.IntentOperation.onHandleIntent(:com.google.android.gms@11743470:2)
12-01 01:15:47.343  3989  4556 E GcmPushIntentOperation: 	at bwo.run(:com.google.android.gms@11743470:10)
12-01 01:15:47.343  3989  4556 E GcmPushIntentOperation: 	at bwl.run(:com.google.android.gms@11743470:14)
12-01 01:15:47.343  3989  4556 E GcmPushIntentOperation: 	at java.util.concurrent.ThreadPoolExecutor.runWorker(ThreadPoolExecutor.java:1113)
12-01 01:15:47.343  3989  4556 E GcmPushIntentOperation: 	at java.util.concurrent.ThreadPoolExecutor$Worker.run(ThreadPoolExecutor.java:588)
12-01 01:15:47.343  3989  4556 E GcmPushIntentOperation: 	at java.lang.Thread.run(Thread.java:818)
12-01 01:15:47.375  3989  3999 I art     : Background partial concurrent mark sweep GC freed 57329(3MB) AllocSpace objects, 2(40KB) LOS objects, 34% free, 7MB/11MB, paused 12.958ms total 312.378ms
12-01 01:15:47.781  3989  4554 I HeterodyneSyncScheduler: Scheduling adaptive one off task with window [14400, 604800] in seconds
12-01 01:15:48.341  3989  4071 E NetworkScheduler: ignoring stale queue check message
12-01 01:15:48.349  3989  4560 W ConfigurationChimeraPro: Got null configs for com.google.android.gms.auth.account.base
12-01 01:15:48.351  2493  3225 I AccountManagerService: getTypesVisibleToCaller: isPermitted? true
12-01 01:15:48.808  3321  4561 I SpamListSync: SpamListSyncChimeraService.syncSpamList called with tag: telephonyspam.SpamListSyncOneOffTask, extras: null
12-01 01:15:48.813  3321  4561 I SpamListSync: Spam module disabled. Skipping spam list syncing.
12-01 01:16:11.089  3321  3636 I CheckinUtil: Classify the device as Phone.
12-01 01:16:11.382  3321  3636 I ProcessCheckinRequest: cookie is null
12-01 01:17:00.234  1233  1301 D hwcomposer: hw_composer sent 7 syncs in 119s
12-01 01:17:03.709  3989  4541 E Uploader: Clearcut upload error
12-01 01:17:04.438  2493  2505 I AccountManagerService: getTypesVisibleToCaller: isPermitted? true
12-01 01:17:04.773  3321  4569 I GCM-GMS : Registering GMS 745476177629
12-01 01:17:04.824  3989  4055 E GCM     : Missing checkin config file
12-01 01:17:04.824  3989  4055 W GCM     : GCM FAILED TO INITIALIZE - missing checkin
12-01 01:17:04.833  3321  4569 W GCM-GMS : Failed to get registration: java.io.IOException: AUTHENTICATION_FAILED
12-01 01:17:13.183  2493  3379 D NetworkMonitor/NetworkAgentInfo [MOBILE (LTE) - 100]: Probably not a portal: exception java.net.UnknownHostException: Unable to resolve host "connectivitycheck.gstatic.com": No address associated with hostname
12-01 01:17:13.194  2493  2564 D ConnectivityService: NetworkAgentInfo [MOBILE (LTE) - 100] validation failed
12-01 01:17:22.636  3881  3892 D         : HostConnection::get() New Host Connection established 0xaec0f480, tid 3892
12-01 01:17:22.650  3881  3892 W         : Unrecognized GLES max version string in extensions: ANDROID_EMU_CHECKSUM_HELPER_v1 ANDROID_EMU_dma_v1 
12-01 01:17:22.671  3881  3892 D EGL_emulation: eglCreateContext: 0xaec14ae0: maj 2 min 0 rcv 2
12-01 01:17:22.684  3881  3892 D EGL_emulation: eglMakeCurrent: 0xaec14ae0: ver 2 0 (tinfo 0xaec129a0)
12-01 01:17:49.842  2493  2703 I AccountManagerService: getTypesVisibleToCaller: isPermitted? true
12-01 01:17:49.974  2493  2503 I art     : Background partial concurrent mark sweep GC freed 32713(2MB) AllocSpace objects, 6(164KB) LOS objects, 33% free, 7MB/10MB, paused 17.579ms total 178.673ms
12-01 01:18:00.319  2242  2242 I perfprofd: profile collection skipped (running in emulator)
12-01 01:18:00.350  1233  1301 D hwcomposer: hw_composer sent 17 syncs in 60s
12-01 01:18:03.641  3321  3636 E ProcessCheckinRequest: CheckinNowTaskTag : Checkin failed: https://android.clients.google.com/checkin (request #0): java.net.UnknownHostException: Unable to resolve host "android.clients.google.com": No address associated with hostname
12-01 01:18:03.759  3321  4564 I EventLogChimeraService: Accumulating logs since 1512090908803
12-01 01:18:04.381  2493  3225 I AccountManagerService: getTypesVisibleToCaller: isPermitted? true
12-01 01:18:04.717  3321  4564 I ProcessCheckinRequest: Get token from PseudonymousIdApi: null
12-01 01:18:04.718  3321  4564 I CheckinRequestBuilder: Checkin reason type: 6 attempt count: 3
12-01 01:18:04.720  2493  4212 I AccountManagerService: getTypesVisibleToCaller: isPermitted? true
12-01 01:18:04.724  2493  2703 I AccountManagerService: getTypesVisibleToCaller: isPermitted? true
12-01 01:18:04.730  3321  4564 E ActivityThread: Failed to find provider info for com.google.android.wearable.settings
12-01 01:18:04.800  3321  4564 D         : HostConnection::get() New Host Connection established 0x9ae53fc0, tid 4564
12-01 01:18:04.803  3321  4564 W         : Unrecognized GLES max version string in extensions: ANDROID_EMU_CHECKSUM_HELPER_v1 ANDROID_EMU_dma_v1 
12-01 01:18:04.818  3321  4564 D EGL_emulation: eglCreateContext: 0x91ed6c20: maj 2 min 0 rcv 2
12-01 01:18:04.824  3321  4564 D EGL_emulation: eglMakeCurrent: 0x91ed6c20: ver 2 0 (tinfo 0x92bedaa0)
12-01 01:18:04.848  3321  4564 D EGL_emulation: eglCreateContext: 0x91ed6c20: maj 2 min 0 rcv 2
12-01 01:18:04.852  3321  4564 D EGL_emulation: eglMakeCurrent: 0x91ed6c20: ver 2 0 (tinfo 0x92bedaa0)
12-01 01:18:04.927  2493  3979 I AccountManagerService: getTypesVisibleToCaller: isPermitted? true
12-01 01:18:49.884  2493  2702 I AccountManagerService: getTypesVisibleToCaller: isPermitted? true
12-01 01:18:50.241  3321  3321 W GcmTaskChimeraService: com.google.android.gms RetryTaskTag: Task already running, won't start another
12-01 01:19:00.230  1233  1301 D hwcomposer: hw_composer sent 3 syncs in 60s
12-01 01:19:04.924  3321  4564 I CheckinUtil: Classify the device as Phone.
12-01 01:19:05.195  3321  4564 I ProcessCheckinRequest: cookie is null
12-01 01:19:13.450  2493  3379 D NetworkMonitor/NetworkAgentInfo [MOBILE (LTE) - 100]: Probably not a portal: exception java.net.UnknownHostException: Unable to resolve host "connectivitycheck.gstatic.com": No address associated with hostname
12-01 01:19:13.454  2493  2564 D ConnectivityService: NetworkAgentInfo [MOBILE (LTE) - 100] validation failed
12-01 01:19:20.621  2493  2504 I AccountManagerService: getTypesVisibleToCaller: isPermitted? true
12-01 01:19:20.661  3989  3999 I art     : Background sticky concurrent mark sweep GC freed 46481(3MB) AllocSpace objects, 0(0B) LOS objects, 31% free, 8MB/11MB, paused 21.084ms total 335.974ms
12-01 01:19:21.011  3321  4591 I GCM-GMS : Registering GMS 745476177629
12-01 01:19:21.067  3989  4055 E GCM     : Missing checkin config file
12-01 01:19:21.068  3989  4055 W GCM     : GCM FAILED TO INITIALIZE - missing checkin
12-01 01:19:21.079  3321  4591 W GCM-GMS : Failed to get registration: java.io.IOException: AUTHENTICATION_FAILED
12-01 01:19:51.468  2493  3033 I AccountManagerService: getTypesVisibleToCaller: isPermitted? true
12-01 01:19:57.262  3881  3893 D EGL_emulation: eglCreateContext: 0xab1a30e0: maj 2 min 0 rcv 2
12-01 01:19:57.277  3881  3893 D EGL_emulation: eglMakeCurrent: 0xab1a30e0: ver 2 0 (tinfo 0xab2cc590)
12-01 01:20:00.214  1233  1301 D hwcomposer: hw_composer sent 3 syncs in 60s
12-01 01:20:22.064  2493  2601 I AccountManagerService: getTypesVisibleToCaller: isPermitted? true
12-01 01:20:52.670  2493  2702 I AccountManagerService: getTypesVisibleToCaller: isPermitted? true
12-01 01:20:57.464  3321  4564 E ProcessCheckinRequest: RetryTaskTag : Checkin failed: https://android.clients.google.com/checkin (request #0): java.net.UnknownHostException: Unable to resolve host "android.clients.google.com": No address associated with hostname
12-01 01:20:57.501  3989  4001 E NetworkScheduler.ATC: Received callback from client for task that is already complete. ComponentInfo{com.google.android.gms/com.google.android.gms.checkin.CheckinService} RetryTaskTag
12-01 01:20:57.559  2493  2601 I ActivityManager: Killing 3818:com.android.managedprovisioning/u0a10 (adj 15): empty #17
12-01 01:21:00.258  1233  1301 D hwcomposer: hw_composer sent 4 syncs in 60s
12-01 01:21:21.721  2493  3379 D NetworkMonitor/NetworkAgentInfo [MOBILE (LTE) - 100]: Probably not a portal: exception java.net.UnknownHostException: Unable to resolve host "connectivitycheck.gstatic.com": No address associated with hostname
12-01 01:21:21.725  2493  2564 D ConnectivityService: NetworkAgentInfo [MOBILE (LTE) - 100] validation failed
12-01 01:21:23.202  2493  2600 I AccountManagerService: getTypesVisibleToCaller: isPermitted? true
12-01 01:21:53.722  2493  3981 I AccountManagerService: getTypesVisibleToCaller: isPermitted? true
12-01 01:22:00.226  1233  1301 D hwcomposer: hw_composer sent 7 syncs in 60s
12-01 01:22:24.361  2493  3981 I AccountManagerService: getTypesVisibleToCaller: isPermitted? true
12-01 01:22:55.044  2493  2702 I AccountManagerService: getTypesVisibleToCaller: isPermitted? true
12-01 01:22:55.449  3321  4612 I EventLogChimeraService: Accumulating logs since 1512091083802
12-01 01:22:56.020  3321  4612 I ProcessCheckinRequest: Get token from PseudonymousIdApi: null
12-01 01:22:56.020  3321  4612 I CheckinRequestBuilder: Checkin reason type: 6 attempt count: 1
12-01 01:22:56.021  2493  2702 I AccountManagerService: getTypesVisibleToCaller: isPermitted? true
12-01 01:22:56.022  2493  2601 I AccountManagerService: getTypesVisibleToCaller: isPermitted? true
12-01 01:22:56.024  3321  4612 E ActivityThread: Failed to find provider info for com.google.android.wearable.settings
12-01 01:22:56.083  3321  4612 D         : HostConnection::get() New Host Connection established 0x9ae969c0, tid 4612
12-01 01:22:56.088  3321  4612 W         : Unrecognized GLES max version string in extensions: ANDROID_EMU_CHECKSUM_HELPER_v1 ANDROID_EMU_dma_v1 
12-01 01:22:56.100  3321  4612 D EGL_emulation: eglCreateContext: 0x92b7c620: maj 2 min 0 rcv 2
12-01 01:22:56.104  3321  4612 D EGL_emulation: eglMakeCurrent: 0x92b7c620: ver 2 0 (tinfo 0x92d9ff40)
12-01 01:22:56.124  3321  4612 D EGL_emulation: eglCreateContext: 0x92b7c620: maj 2 min 0 rcv 2
12-01 01:22:56.131  3321  4612 D EGL_emulation: eglMakeCurrent: 0x92b7c620: ver 2 0 (tinfo 0x92d9ff40)
12-01 01:22:56.210  2493  3981 I AccountManagerService: getTypesVisibleToCaller: isPermitted? true
12-01 01:23:00.303  1233  1301 D hwcomposer: hw_composer sent 5 syncs in 60s
12-01 01:23:25.731  2493  3979 I AccountManagerService: getTypesVisibleToCaller: isPermitted? true
12-01 01:23:26.081  3321  4617 I GCM-GMS : Registering GMS 745476177629
12-01 01:23:26.150  3989  4208 E GCM     : Missing checkin config file
12-01 01:23:26.151  3989  4208 W GCM     : GCM FAILED TO INITIALIZE - missing checkin
12-01 01:23:26.154  3321  4617 W GCM-GMS : Failed to get registration: java.io.IOException: AUTHENTICATION_FAILED
12-01 01:23:26.234  3989  3999 I art     : Background partial concurrent mark sweep GC freed 59086(4MB) AllocSpace objects, 0(0B) LOS objects, 35% free, 7MB/11MB, paused 7.810ms total 78.797ms
12-01 01:23:26.280  3989  3997 W SQLiteConnectionPool: A SQLiteConnection object for database '/data/user/0/com.google.android.gms/databases/config.db' was leaked!  Please fix your application to end transactions in progress properly and to close the database when it is no longer needed.
12-01 01:23:31.710  2493  2505 I AccountManagerService: getTypesVisibleToCaller: isPermitted? true
12-01 01:23:46.013  2493  3379 D NetworkMonitor/NetworkAgentInfo [MOBILE (LTE) - 100]: Probably not a portal: exception java.net.UnknownHostException: Unable to resolve host "connectivitycheck.gstatic.com": No address associated with hostname
12-01 01:23:46.017  2493  2564 D ConnectivityService: NetworkAgentInfo [MOBILE (LTE) - 100] validation failed
12-01 01:23:50.041  2977  2987 I art     : Background partial concurrent mark sweep GC freed 11072(660KB) AllocSpace objects, 6(144KB) LOS objects, 42% free, 1366KB/2MB, paused 11.115ms total 74.255ms
12-01 01:23:56.203  3321  4612 I CheckinUtil: Classify the device as Phone.
12-01 01:23:56.577  3321  4612 I ProcessCheckinRequest: cookie is null
12-01 01:23:56.609  2493  2703 I AccountManagerService: getTypesVisibleToCaller: isPermitted? true
12-01 01:24:00.260  1233  1301 D hwcomposer: hw_composer sent 2 syncs in 60s
12-01 01:24:27.084  2493  3225 I AccountManagerService: getTypesVisibleToCaller: isPermitted? true
12-01 01:24:48.510  3881  4508 D         : HostConnection::get() New Host Connection established 0xaec0fac0, tid 4508
12-01 01:24:48.514  3881  4508 W         : Unrecognized GLES max version string in extensions: ANDROID_EMU_CHECKSUM_HELPER_v1 ANDROID_EMU_dma_v1 
12-01 01:24:48.563  3881  4508 D EGL_emulation: eglCreateContext: 0xaec154a0: maj 2 min 0 rcv 2
12-01 01:24:48.585  3881  4508 D EGL_emulation: eglMakeCurrent: 0xaec154a0: ver 2 0 (tinfo 0xaec12e90)
12-01 01:24:57.572  2493  2701 I AccountManagerService: getTypesVisibleToCaller: isPermitted? true
12-01 01:25:00.134  1233  1301 D hwcomposer: hw_composer sent 6 syncs in 60s
12-01 01:25:28.004  2493  2601 I AccountManagerService: getTypesVisibleToCaller: isPermitted? true
12-01 01:25:48.861  3321  4612 E ProcessCheckinRequest: RetryTaskTag : Checkin failed: https://android.clients.google.com/checkin (request #0): java.net.UnknownHostException: Unable to resolve host "android.clients.google.com": No address associated with hostname
12-01 01:25:49.312  2493  2503 I art     : Background partial concurrent mark sweep GC freed 36127(1956KB) AllocSpace objects, 0(0B) LOS objects, 33% free, 7MB/10MB, paused 16.044ms total 149.423ms
12-01 01:25:49.462  2493  2601 I AccountManagerService: getTypesVisibleToCaller: isPermitted? true
12-01 01:26:00.270  1233  1301 D hwcomposer: hw_composer sent 3 syncs in 60s
12-01 01:26:20.055  2493  2601 I AccountManagerService: getTypesVisibleToCaller: isPermitted? true
12-01 01:26:42.361  2493  3379 D NetworkMonitor/NetworkAgentInfo [MOBILE (LTE) - 100]: Probably not a portal: exception java.net.UnknownHostException: Unable to resolve host "connectivitycheck.gstatic.com": No address associated with hostname
12-01 01:26:42.370  2493  2564 D ConnectivityService: NetworkAgentInfo [MOBILE (LTE) - 100] validation failed
12-01 01:26:50.591  2493  2505 I AccountManagerService: getTypesVisibleToCaller: isPermitted? true
12-01 01:27:00.197  1233  1301 D hwcomposer: hw_composer sent 8 syncs in 60s
12-01 01:27:21.162  2493  2703 I AccountManagerService: getTypesVisibleToCaller: isPermitted? true
12-01 01:27:51.510  2493  2702 I AccountManagerService: getTypesVisibleToCaller: isPermitted? true
12-01 01:28:00.228  1233  1301 D hwcomposer: hw_composer sent 8 syncs in 60s
12-01 01:28:22.094  2493  3032 I AccountManagerService: getTypesVisibleToCaller: isPermitted? true
12-01 01:28:52.660  2493  2703 I AccountManagerService: getTypesVisibleToCaller: isPermitted? true
12-01 01:28:52.897  3989  3999 I art     : Background sticky concurrent mark sweep GC freed 46606(3MB) AllocSpace objects, 0(0B) LOS objects, 33% free, 7MB/11MB, paused 9.003ms total 92.609ms
12-01 01:29:00.129  1233  1301 D hwcomposer: hw_composer sent 3 syncs in 60s
12-01 01:29:23.183  2493  2504 I AccountManagerService: getTypesVisibleToCaller: isPermitted? true
12-01 01:29:23.240  4656  4656 D AndroidRuntime: >>>>>> START com.android.internal.os.RuntimeInit uid 0 <<<<<<
12-01 01:29:23.244  4656  4656 D AndroidRuntime: CheckJNI is ON
12-01 01:29:23.337  4656  4656 D ICU     : No timezone override file found: /data/misc/zoneinfo/current/icu/icu_tzdata.dat
12-01 01:29:23.471  4656  4656 E memtrack: Couldn't load memtrack module (No such file or directory)
12-01 01:29:23.471  4656  4656 E android.os.Debug: failed to load memtrack module: -2
12-01 01:29:23.474  4656  4656 I Radio-JNI: register_android_hardware_Radio DONE
12-01 01:29:23.516  4656  4656 D AndroidRuntime: Calling main entry com.android.commands.am.Am
12-01 01:29:23.573  4656  4656 D AndroidRuntime: Shutting down VM
12-01 01:29:24.866  4666  4666 D AndroidRuntime: >>>>>> START com.android.internal.os.RuntimeInit uid 0 <<<<<<
12-01 01:29:24.870  4666  4666 D AndroidRuntime: CheckJNI is ON
12-01 01:29:24.919  4666  4666 D ICU     : No timezone override file found: /data/misc/zoneinfo/current/icu/icu_tzdata.dat
12-01 01:29:25.041  4666  4666 E memtrack: Couldn't load memtrack module (No such file or directory)
12-01 01:29:25.041  4666  4666 E android.os.Debug: failed to load memtrack module: -2
12-01 01:29:25.049  4666  4666 I Radio-JNI: register_android_hardware_Radio DONE
12-01 01:29:25.090  4666  4666 D AndroidRuntime: Calling main entry com.android.commands.pm.Pm
12-01 01:29:25.300  4666  4666 I art     : System.exit called, status: 0
12-01 01:29:25.301  4666  4666 I AndroidRuntime: VM exiting with result code 0.
12-01 01:29:25.992  4676  4676 D AndroidRuntime: >>>>>> START com.android.internal.os.RuntimeInit uid 0 <<<<<<
12-01 01:29:25.999  4676  4676 D AndroidRuntime: CheckJNI is ON
12-01 01:29:26.050  4676  4676 D ICU     : No timezone override file found: /data/misc/zoneinfo/current/icu/icu_tzdata.dat
12-01 01:29:26.173  4676  4676 E memtrack: Couldn't load memtrack module (No such file or directory)
12-01 01:29:26.174  4676  4676 E android.os.Debug: failed to load memtrack module: -2
12-01 01:29:26.182  4676  4676 I Radio-JNI: register_android_hardware_Radio DONE
12-01 01:29:26.220  4676  4676 D AndroidRuntime: Calling main entry com.android.commands.pm.Pm
12-01 01:29:26.283  2225  2225 I installd: free_cache(7985879) avail 1915658240
12-01 01:29:27.238  4676  4676 I art     : System.exit called, status: 0
12-01 01:29:27.238  4676  4676 I AndroidRuntime: VM exiting with result code 0.
12-01 01:29:27.920  4687  4687 D AndroidRuntime: >>>>>> START com.android.internal.os.RuntimeInit uid 0 <<<<<<
12-01 01:29:27.925  4687  4687 D AndroidRuntime: CheckJNI is ON
12-01 01:29:27.997  4687  4687 D ICU     : No timezone override file found: /data/misc/zoneinfo/current/icu/icu_tzdata.dat
12-01 01:29:28.203  4687  4687 E memtrack: Couldn't load memtrack module (No such file or directory)
12-01 01:29:28.203  4687  4687 E android.os.Debug: failed to load memtrack module: -2
12-01 01:29:28.224  4687  4687 I Radio-JNI: register_android_hardware_Radio DONE
12-01 01:29:28.293  4687  4687 D AndroidRuntime: Calling main entry com.android.commands.pm.Pm
12-01 01:29:29.471  2493  2517 I ActivityManager: Start proc 4696:com.android.defcontainer/u0a4 for service com.android.defcontainer/.DefaultContainerService
12-01 01:29:29.836  2493  2503 I art     : Background sticky concurrent mark sweep GC freed 44854(2MB) AllocSpace objects, 22(728KB) LOS objects, 29% free, 7MB/10MB, paused 7.739ms total 111.095ms
12-01 01:29:30.384  2493  2517 I PackageManager.DexOptimizer: Running dexopt (dex2oat) on: /data/app/vmdl670851120.tmp/base.apk pkg=com.appsqlite isa=x86 vmSafeMode=false debuggable=true oatDir = /data/app/vmdl670851120.tmp/oat
12-01 01:29:30.410  4710  4710 W dex2oat : Unexpected CPU variant for X86 using defaults: x86
12-01 01:29:30.411  4710  4710 W dex2oat : Mismatch between dex2oat instruction set features (ISA: X86 Feature string: smp,-ssse3,-sse4.1,-sse4.2,-avx,-avx2) and those of dex2oat executable (ISA: X86 Feature string: smp,ssse3,-sse4.1,-sse4.2,-avx,-avx2) for the command line:
12-01 01:29:30.411  4710  4710 W dex2oat : /system/bin/dex2oat --zip-fd=6 --zip-location=base.apk --oat-fd=7 --oat-location=/data/app/vmdl670851120.tmp/oat/x86/base.odex --instruction-set=x86 --instruction-set-variant=x86 --instruction-set-features=default --runtime-arg -Xms64m --runtime-arg -Xmx512m --swap-fd=8 --debuggable
12-01 01:29:30.412  4710  4710 I dex2oat : /system/bin/dex2oat --debuggable
12-01 01:29:30.793  4710  4712 W dex2oat : Before Android 4.1, method int android.support.v7.internal.widget.ListViewCompat.lookForSelectablePosition(int, boolean) would have incorrectly overridden the package-private method in android.widget.ListView
12-01 01:29:40.033  4710  4710 I dex2oat : dex2oat took 9.622s (threads: 2) arena alloc=174KB java alloc=4MB native alloc=20MB free=3MB
12-01 01:29:40.230  2493  2517 V BackupManagerService: restoreAtInstall pkg=com.appsqlite token=1 restoreSet=0
12-01 01:29:40.230  2493  2517 V BackupManagerService: Finishing install immediately
12-01 01:29:40.236  2493  2517 W Settings: Setting install_non_market_apps has moved from android.provider.Settings.Global to android.provider.Settings.Secure, returning read-only value.
12-01 01:29:40.237  2493  2517 I art     : Starting a blocking GC Explicit
12-01 01:29:40.239  2493  3979 I ActivityManager: Killing 3140:com.android.email/u0a30 (adj 15): empty #17
12-01 01:29:40.296  2493  2517 I art     : Explicit concurrent mark sweep GC freed 48077(2MB) AllocSpace objects, 16(488KB) LOS objects, 33% free, 7MB/10MB, paused 4.990ms total 57.161ms
12-01 01:29:40.297  2225  2225 E installd: Couldn't opendir /data/app/vmdl670851120.tmp: No such file or directory
12-01 01:29:40.303  4687  4687 I art     : System.exit called, status: 0
12-01 01:29:40.303  4687  4687 I AndroidRuntime: VM exiting with result code 0.
12-01 01:29:40.339  2493  2531 I InputReader: Reconfiguring input devices.  changes=0x00000010
12-01 01:29:40.392  2977  2977 D CarrierServiceBindHelper: Receive action: android.intent.action.PACKAGE_ADDED
12-01 01:29:40.393  2977  2977 D CarrierServiceBindHelper: mHandler: 3
12-01 01:29:40.393  2977  2977 D CarrierConfigLoader: mHandler: 9 phoneId: 0
12-01 01:29:40.950  3989  4001 W ConfigurationChimeraPro: Got null configs for com.google.android.gms.appinvite
12-01 01:29:40.992  2493  3032 I ActivityManager: Start proc 4733:com.svox.pico/u0a45 for broadcast com.svox.pico/.VoiceDataInstallerReceiver
12-01 01:29:41.011  3055  4728 I UpdateIcingCorporaServi: Updating corpora: APPS=com.appsqlite, CONTACTS=MAYBE
12-01 01:29:41.760  3321  4746 I FontsPackageChangeOp: Package com.appsqlite has no metadata
12-01 01:29:42.131  3321  4749 D Wear_Controller: Received broadcast action=android.intent.action.PACKAGE_ADDED and uri=com.appsqlite
12-01 01:29:42.189  3321  4722 W art     : Verification of long com.google.android.gms.games.broker.AchievementAgent.performLocalIncrement(com.google.android.gms.games.broker.AchievementAgent$AchievementStepData, boolean, boolean) took 144.297ms
12-01 01:29:42.245  2493  2703 I AccountManagerService: getTypesVisibleToCaller: isPermitted? true
12-01 01:29:42.305  3321  3588 W art     : Long monitor contention event with owner method=boolean android.os.BinderProxy.transactNative(int, android.os.Parcel, android.os.Parcel, int) from Binder.java:4294967294 waiters=0 for 313ms
12-01 01:29:42.347  3321  3636 I Icing   : IndexChimeraService.getServiceInterface callingPackage=com.google.android.googlequicksearchbox componentName=null serviceId=36
12-01 01:29:42.395  3321  3642 I Icing   : IndexChimeraService.getServiceInterface callingPackage=com.google.android.gms componentName=AppsCorpus serviceId=36
12-01 01:29:42.395  3321  4323 I Icing   : IndexChimeraService.getServiceInterface callingPackage=com.google.android.gms componentName=AppsCorpus serviceId=32
12-01 01:29:42.548  3321  4722 W art     : Verification of com.google.android.gms.games.broker.AchievementAgent$AchievementUpdateResult com.google.android.gms.games.broker.AchievementAgent.updateAchievementState(com.google.android.gms.games.broker.GamesClientContext, java.lang.String, int, com.google.android.gms.games.internal.PopupManager$PopupLocationInfo) took 177.901ms
12-01 01:29:42.660  4753  4753 D AndroidRuntime: >>>>>> START com.android.internal.os.RuntimeInit uid 0 <<<<<<
12-01 01:29:42.668  4753  4753 D AndroidRuntime: CheckJNI is ON
12-01 01:29:42.712  4753  4753 D ICU     : No timezone override file found: /data/misc/zoneinfo/current/icu/icu_tzdata.dat
12-01 01:29:42.748  3321  4758 I Icing   : Usage reports ok 0, Failed Usage reports 0, indexed 0, rejected 0, imm upload false
12-01 01:29:42.799  3321  4758 I Icing   : Usage reports ok 0, Failed Usage reports 0, indexed 0, rejected 0, imm upload false
12-01 01:29:42.834  3321  4758 I Icing   : Usage reports ok 0, Failed Usage reports 0, indexed 0, rejected 0, imm upload true
12-01 01:29:42.834  4753  4753 E memtrack: Couldn't load memtrack module (No such file or directory)
12-01 01:29:42.834  4753  4753 E android.os.Debug: failed to load memtrack module: -2
12-01 01:29:42.839  4753  4753 I Radio-JNI: register_android_hardware_Radio DONE
12-01 01:29:42.841  3055  4728 I UpdateIcingCorporaServi: UpdateCorporaTask done [took 1829 ms] updated apps [took 1829 ms] 
12-01 01:29:42.909  4753  4753 D AndroidRuntime: Calling main entry com.android.commands.am.Am
12-01 01:29:42.944  2493  3981 I ActivityManager: START u0 {flg=0x10000000 cmp=com.appsqlite/.MainActivity} from uid 0 on display 0
12-01 01:29:43.142  4753  4753 D AndroidRuntime: Shutting down VM
12-01 01:29:43.208  1233  1294 D gralloc_ranchu: gralloc_alloc: Creating ashmem region of size 8294400
12-01 01:29:43.242  2493  3033 I ActivityManager: Start proc 4766:com.appsqlite/u0a60 for activity com.appsqlite/.MainActivity
12-01 01:29:43.250  4766  4766 I chatty  : uid=10060(com.appsqlite) expire 25 lines
12-01 01:29:43.421  3321  4722 W art     : Verification of com.google.android.gms.games.broker.EventAgent$WindowInfo com.google.android.gms.games.broker.EventAgent.getMostRecentEventWindow(com.google.android.gms.games.broker.GamesClientContext, long, long) took 135.968ms
12-01 01:29:43.724  3321  4722 W art     : Verification of void com.google.android.gms.games.broker.LeaderboardAgent.postDeferredScore(com.google.android.gms.games.broker.GamesClientContext, java.lang.String, long, long, java.lang.String, java.lang.String) took 137.382ms
12-01 01:29:43.762  3357  3397 D EGL_emulation: eglMakeCurrent: 0xab1a2ae0: ver 2 0 (tinfo 0xab289f50)
12-01 01:29:43.769  3357  3397 E Surface : getSlotFromBufferLocked: unknown buffer: 0xb407d660
12-01 01:29:43.914  3321  3486 I Icing   : Indexing E070C9E8BCF3EF3215BB8DBA2AC078535072D2E0 from com.google.android.googlequicksearchbox
12-01 01:29:44.078  3153  3163 I art     : WaitForGcToComplete blocked for 32.378ms for cause Background
12-01 01:29:44.510  3321  3486 I Icing   : Indexing done E070C9E8BCF3EF3215BB8DBA2AC078535072D2E0
12-01 01:29:44.517  3321  3486 I Icing   : Indexing AE75F2B5681A30EC972419B91BA7A7FE2E96FE70 from com.google.android.gms
12-01 01:29:44.668  3321  3486 I Icing   : Indexing done AE75F2B5681A30EC972419B91BA7A7FE2E96FE70
12-01 01:29:44.682  1233  1294 E SurfaceFlinger: ro.sf.lcd_density must be defined as a build property
12-01 01:29:44.682  4766  4787 I chatty  : uid=10060(com.appsqlite) RenderThread expire 11 lines
12-01 01:29:45.313  2493  2512 I ActivityManager: Displayed com.appsqlite/.MainActivity: +2s109ms
12-01 01:29:46.070  4733  4743 W art     : Suspending all threads took: 14.503ms
12-01 01:29:46.158  2493  2704 I AccountManagerService: getTypesVisibleToCaller: isPermitted? true
12-01 01:29:49.465  2493  3979 I ActivityManager: Killing 3099:com.android.exchange/u0a32 (adj 15): empty #17
12-01 01:29:53.720  2493  2601 I AccountManagerService: getTypesVisibleToCaller: isPermitted? true
12-01 01:29:54.579  4766  4784 I chatty  : uid=10060(com.appsqlite) OkHttp Dispatch expire 1 line
12-01 01:29:59.391  1233  1301 D hwcomposer: hw_composer sent 81 syncs in 60s
12-01 01:30:11.659  4766  4766 I chatty  : uid=10060(com.appsqlite) expire 3 lines
12-01 01:30:11.678  2493  2704 W AppOps  : Finishing op nesting under-run: uid 10060 pkg com.appsqlite code 24 time=0 duration=0 nesting=0
12-01 01:30:11.749  4766  4794 I chatty  : uid=10060(com.appsqlite) expire 46 lines
12-01 01:30:11.908  4766  4776 I chatty  : uid=10060(com.appsqlite) HeapTaskDaemon expire 9 lines
12-01 01:30:12.351  2493  4212 D VoldConnector: SND -> {30 volume mkdirs /storage/0814-3115/Android/data/com.appsqlite/cache/}
12-01 01:30:12.432  2493  2533 D VoldConnector: RCV <- {200 30 Command succeeded}
12-01 01:30:12.459  4766  4798 I chatty  : uid=10060(com.appsqlite) mqt_native_modu expire 9 lines
12-01 01:30:13.790  4766  4797 I chatty  : uid=10060(com.appsqlite) mqt_js expire 167 lines
12-01 01:30:24.240  2493  2600 I AccountManagerService: getTypesVisibleToCaller: isPermitted? true
12-01 01:30:42.751  2493  3379 D NetworkMonitor/NetworkAgentInfo [MOBILE (LTE) - 100]: Probably not a portal: exception java.net.UnknownHostException: Unable to resolve host "connectivitycheck.gstatic.com": No address associated with hostname
12-01 01:30:42.757  2493  2564 D ConnectivityService: NetworkAgentInfo [MOBILE (LTE) - 100] validation failed
12-01 01:30:55.142  2493  2701 I AccountManagerService: getTypesVisibleToCaller: isPermitted? true
12-01 01:30:59.399  1233  1301 D hwcomposer: hw_composer sent 1925 syncs in 60s
12-01 01:31:25.753  2493  3225 I AccountManagerService: getTypesVisibleToCaller: isPermitted? true
12-01 01:31:56.195  2493  2506 I UsageStatsService: User[0] Flushing usage stats to disk
12-01 01:31:56.391  2493  3792 I AccountManagerService: getTypesVisibleToCaller: isPermitted? true
12-01 01:31:56.804  3321  4820 I GCM-GMS : Registering GMS 745476177629
12-01 01:31:56.901  3989  4208 E GCM     : Missing checkin config file
12-01 01:31:56.902  3989  4208 W GCM     : GCM FAILED TO INITIALIZE - missing checkin
12-01 01:31:56.909  3321  4820 W GCM-GMS : Failed to get registration: java.io.IOException: AUTHENTICATION_FAILED
12-01 01:31:59.390  1233  1301 D hwcomposer: hw_composer sent 2490 syncs in 60s
12-01 01:32:27.242  2493  2505 I AccountManagerService: getTypesVisibleToCaller: isPermitted? true
12-01 01:32:57.791  2493  2701 I AccountManagerService: getTypesVisibleToCaller: isPermitted? true
12-01 01:32:59.619  1233  1301 D hwcomposer: hw_composer sent 2241 syncs in 60s
12-01 01:33:24.163  2753  2764 I art     : Background partial concurrent mark sweep GC freed 67756(2MB) AllocSpace objects, 1(2MB) LOS objects, 40% free, 5MB/8MB, paused 9.911ms total 93.872ms
12-01 01:33:28.307  2493  2701 I AccountManagerService: getTypesVisibleToCaller: isPermitted? true
12-01 01:33:58.805  2493  3792 I AccountManagerService: getTypesVisibleToCaller: isPermitted? true
12-01 01:33:58.913  3989  3999 I art     : Background sticky concurrent mark sweep GC freed 45492(3MB) AllocSpace objects, 0(0B) LOS objects, 31% free, 7MB/11MB, paused 14.843ms total 264.519ms
12-01 01:33:59.152  3321  4840 I EventLogChimeraService: Aggregate from 1512091375463 (log), 0 (data)
12-01 01:33:59.880  1233  1301 D hwcomposer: hw_composer sent 2627 syncs in 60s
12-01 01:34:00.138  2493  3225 I AccountManagerService: getTypesVisibleToCaller: isPermitted? true
12-01 01:34:00.389  2493  3225 I AccountManagerService: getTypesVisibleToCaller: isPermitted? true
12-01 01:34:30.776  2493  2704 I AccountManagerService: getTypesVisibleToCaller: isPermitted? true
12-01 01:34:59.992  1233  1301 D hwcomposer: hw_composer sent 2447 syncs in 60s
12-01 01:35:01.190  2493  2704 I AccountManagerService: getTypesVisibleToCaller: isPermitted? true
12-01 01:35:24.648  2493  2503 I art     : Background partial concurrent mark sweep GC freed 42180(2MB) AllocSpace objects, 10(196KB) LOS objects, 33% free, 7MB/11MB, paused 8.024ms total 122.154ms
12-01 01:35:31.783  2493  2504 I AccountManagerService: getTypesVisibleToCaller: isPermitted? true
12-01 01:35:59.402  1233  1301 D hwcomposer: hw_composer sent 2332 syncs in 60s
12-01 01:36:02.206  2493  2600 I AccountManagerService: getTypesVisibleToCaller: isPermitted? true
12-01 01:36:21.450  4766  4783 I chatty  : uid=10060(com.appsqlite) expire 2 lines
12-01 01:36:32.724  2493  3981 I AccountManagerService: getTypesVisibleToCaller: isPermitted? true
12-01 01:36:51.171  2493  3379 D NetworkMonitor/NetworkAgentInfo [MOBILE (LTE) - 100]: Probably not a portal: exception java.net.UnknownHostException: Unable to resolve host "connectivitycheck.gstatic.com": No address associated with hostname
12-01 01:36:51.179  2493  2564 D ConnectivityService: NetworkAgentInfo [MOBILE (LTE) - 100] validation failed
12-01 01:36:59.401  1233  1301 D hwcomposer: hw_composer sent 2157 syncs in 60s
12-01 01:37:03.091  2493  3033 I AccountManagerService: getTypesVisibleToCaller: isPermitted? true
12-01 01:37:33.594  2493  2704 I AccountManagerService: getTypesVisibleToCaller: isPermitted? true
12-01 01:37:59.401  1233  1301 D hwcomposer: hw_composer sent 2523 syncs in 60s
12-01 01:38:04.090  2493  2600 I AccountManagerService: getTypesVisibleToCaller: isPermitted? true
12-01 01:38:20.514  2493  2509 E BluetoothAdapter: Bluetooth binder is null
12-01 01:38:20.565  2493  2509 E KernelCpuSpeedReader: Failed to read cpu-freq
12-01 01:38:20.565  2493  2509 E KernelCpuSpeedReader: java.io.FileNotFoundException: /sys/devices/system/cpu/cpu0/cpufreq/stats/time_in_state: open failed: ENOENT (No such file or directory)
12-01 01:38:20.565  2493  2509 E KernelCpuSpeedReader: 	at libcore.io.IoBridge.open(IoBridge.java:452)
12-01 01:38:20.565  2493  2509 E KernelCpuSpeedReader: 	at java.io.FileInputStream.<init>(FileInputStream.java:76)
12-01 01:38:20.565  2493  2509 E KernelCpuSpeedReader: 	at java.io.FileInputStream.<init>(FileInputStream.java:103)
12-01 01:38:20.565  2493  2509 E KernelCpuSpeedReader: 	at java.io.FileReader.<init>(FileReader.java:66)
12-01 01:38:20.565  2493  2509 E KernelCpuSpeedReader: 	at com.android.internal.os.KernelCpuSpeedReader.readDelta(KernelCpuSpeedReader.java:49)
12-01 01:38:20.565  2493  2509 E KernelCpuSpeedReader: 	at com.android.internal.os.BatteryStatsImpl.updateCpuTimeLocked(BatteryStatsImpl.java:8002)
12-01 01:38:20.565  2493  2509 E KernelCpuSpeedReader: 	at com.android.server.am.BatteryStatsService.updateExternalStats(BatteryStatsService.java:1366)
12-01 01:38:20.565  2493  2509 E KernelCpuSpeedReader: 	at com.android.server.am.BatteryStatsService$BatteryStatsHandler.handleMessage(BatteryStatsService.java:125)
12-01 01:38:20.565  2493  2509 E KernelCpuSpeedReader: 	at android.os.Handler.dispatchMessage(Handler.java:102)
12-01 01:38:20.565  2493  2509 E KernelCpuSpeedReader: 	at android.os.Looper.loop(Looper.java:148)
12-01 01:38:20.565  2493  2509 E KernelCpuSpeedReader: 	at android.os.HandlerThread.run(HandlerThread.java:61)
12-01 01:38:20.565  2493  2509 E KernelCpuSpeedReader: 	at com.android.server.ServiceThread.run(ServiceThread.java:46)
12-01 01:38:20.565  2493  2509 E KernelCpuSpeedReader: Caused by: android.system.ErrnoException: open failed: ENOENT (No such file or directory)
12-01 01:38:20.565  2493  2509 E KernelCpuSpeedReader: 	at libcore.io.Posix.open(Native Method)
12-01 01:38:20.565  2493  2509 E KernelCpuSpeedReader: 	at libcore.io.BlockGuardOs.open(BlockGuardOs.java:186)
12-01 01:38:20.565  2493  2509 E KernelCpuSpeedReader: 	at libcore.io.IoBridge.open(IoBridge.java:438)
12-01 01:38:20.565  2493  2509 E KernelCpuSpeedReader: 	... 11 more
12-01 01:38:20.573  2493  2509 E KernelUidCpuTimeReader: Failed to read uid_cputime
12-01 01:38:20.573  2493  2509 E KernelUidCpuTimeReader: java.io.FileNotFoundException: /proc/uid_cputime/show_uid_stat: open failed: ENOENT (No such file or directory)
12-01 01:38:20.573  2493  2509 E KernelUidCpuTimeReader: 	at libcore.io.IoBridge.open(IoBridge.java:452)
12-01 01:38:20.573  2493  2509 E KernelUidCpuTimeReader: 	at java.io.FileInputStream.<init>(FileInputStream.java:76)
12-01 01:38:20.573  2493  2509 E KernelUidCpuTimeReader: 	at java.io.FileInputStream.<init>(FileInputStream.java:103)
12-01 01:38:20.573  2493  2509 E KernelUidCpuTimeReader: 	at java.io.FileReader.<init>(FileReader.java:66)
12-01 01:38:20.573  2493  2509 E KernelUidCpuTimeReader: 	at com.android.internal.os.KernelUidCpuTimeReader.readDelta(KernelUidCpuTimeReader.java:71)
12-01 01:38:20.573  2493  2509 E KernelUidCpuTimeReader: 	at com.android.internal.os.BatteryStatsImpl.updateCpuTimeLocked(BatteryStatsImpl.java:8031)
12-01 01:38:20.573  2493  2509 E KernelUidCpuTimeReader: 	at com.android.server.am.BatteryStatsService.updateExternalStats(BatteryStatsService.java:1366)
12-01 01:38:20.573  2493  2509 E KernelUidCpuTimeReader: 	at com.android.server.am.BatteryStatsService$BatteryStatsHandler.handleMessage(BatteryStatsService.java:125)
12-01 01:38:20.573  2493  2509 E KernelUidCpuTimeReader: 	at android.os.Handler.dispatchMessage(Handler.java:102)
12-01 01:38:20.573  2493  2509 E KernelUidCpuTimeReader: 	at android.os.Looper.loop(Looper.java:148)
12-01 01:38:20.573  2493  2509 E KernelUidCpuTimeReader: 	at android.os.HandlerThread.run(HandlerThread.java:61)
12-01 01:38:20.573  2493  2509 E KernelUidCpuTimeReader: 	at com.android.server.ServiceThread.run(ServiceThread.java:46)
12-01 01:38:20.573  2493  2509 E KernelUidCpuTimeReader: Caused by: android.system.ErrnoException: open failed: ENOENT (No such file or directory)
12-01 01:38:20.573  2493  2509 E KernelUidCpuTimeReader: 	at libcore.io.Posix.open(Native Method)
12-01 01:38:20.573  2493  2509 E KernelUidCpuTimeReader: 	at libcore.io.BlockGuardOs.open(BlockGuardOs.java:186)
12-01 01:38:20.573  2493  2509 E KernelUidCpuTimeReader: 	at libcore.io.IoBridge.open(IoBridge.java:438)
12-01 01:38:20.573  2493  2509 E KernelUidCpuTimeReader: 	... 11 more
12-01 01:38:34.890  2493  3792 I AccountManagerService: getTypesVisibleToCaller: isPermit