12-01 01:13:50.633  3989  4072 W GCM     : GCM FAILED TO INITIALIZE - missing checkin
12-01 01:13:50.634  3989  4366 E GcmPushIntentOperation: Failed to subscribe to GCM: com.google.android.gms.trustagent
12-01 01:13:50.634  3989  4366 E GcmPushIntentOperation: java.io.IOException: AUTHENTICATION_FAILED
12-01 01:13:50.634  3989  4366 E GcmPushIntentOperation: 	at vfm.b(:com.google.android.gms@11743470:39)
12-01 01:13:50.634  3989  4366 E GcmPushIntentOperation: 	at vfm.a(:com.google.android.gms@11743470:46)
12-01 01:13:50.634  3989  4366 E GcmPushIntentOperation: 	at vfj.b(:com.google.android.gms@11743470:11)
12-01 01:13:50.634  3989  4366 E GcmPushIntentOperation: 	at vfj.a(:com.google.android.gms@11743470:29)
12-01 01:13:50.634  3989  4366 E GcmPushIntentOperation: 	at com.google.android.gms.phenotype.gcmpush.GcmPushIntentOperation.a(:com.google.android.gms@11743470:15)
12-01 01:13:50.634  3989  4366 E GcmPushIntentOperation: 	at com.google.android.gms.phenotype.gcmpush.GcmPushIntentOperation.onHandleIntent(:com.google.android.gms@11743470:7)
12-01 01:13:50.634  3989  4366 E GcmPushIntentOperation: 	at com.google.android.chimera.IntentOperation.onHandleIntent(:com.google.android.gms@11743470:2)
12-01 01:13:50.634  3989  4366 E GcmPushIntentOperation: 	at bwo.run(:com.google.android.gms@11743470:10)
12-01 01:13:50.634  3989  4366 E GcmPushIntentOperation: 	at bwl.run(:com.google.android.gms@11743470:14)
12-01 01:13:50.634  3989  4366 E GcmPushIntentOperation: 	at java.util.concurrent.ThreadPoolExecutor.runWorker(ThreadPoolExecutor.java:1113)
12-01 01:13:50.634  3989  4366 E GcmPushIntentOperation: 	at java.util.concurrent.ThreadPoolExecutor$Worker.run(ThreadPoolExecutor.java:588)
12-01 01:13:50.634  3989  4366 E GcmPushIntentOperation: 	at java.lang.Thread.run(Thread.java:818)
12-01 01:13:50.666  3989  4072 E GCM     : Missing checkin config file
12-01 01:13:50.667  3989  4072 W GCM     : GCM FAILED TO INITIALIZE - missing checkin
12-01 01:13:50.668  3989  4366 E GcmPushIntentOperation: Failed to subscribe to GCM: com.google.android.gms.devicedoctor
12-01 01:13:50.668  3989  4366 E GcmPushIntentOperation: java.io.IOException: AUTHENTICATION_FAILED
12-01 01:13:50.668  3989  4366 E GcmPushIntentOperation: 	at vfm.b(:com.google.android.gms@11743470:39)
12-01 01:13:50.668  3989  4366 E GcmPushIntentOperation: 	at vfm.a(:com.google.android.gms@11743470:46)
12-01 01:13:50.668  3989  4366 E GcmPushIntentOperation: 	at vfj.b(:com.google.android.gms@11743470:11)
12-01 01:13:50.668  3989  4366 E GcmPushIntentOperation: 	at vfj.a(:com.google.android.gms@11743470:29)
12-01 01:13:50.668  3989  4366 E GcmPushIntentOperation: 	at com.google.android.gms.phenotype.gcmpush.GcmPushIntentOperation.a(:com.google.android.gms@11743470:15)
12-01 01:13:50.668  3989  4366 E GcmPushIntentOperation: 	at com.google.android.gms.phenotype.gcmpush.GcmPushIntentOperation.onHandleIntent(:com.google.android.gms@11743470:7)
12-01 01:13:50.668  3989  4366 E GcmPushIntentOperation: 	at com.google.android.chimera.IntentOperation.onHandleIntent(:com.google.android.gms@11743470:2)
12-01 01:13:50.668  3989  4366 E GcmPushIntentOperation: 	at bwo.run(:com.google.android.gms@11743470:10)
12-01 01:13:50.668  3989  4366 E GcmPushIntentOperation: 	at bwl.run(:com.google.android.gms@11743470:14)
12-01 01:13:50.668  3989  4366 E GcmPushIntentOperation: 	at java.util.concurrent.ThreadPoolExecutor.runWorker(ThreadPoolExecutor.java:1113)
12-01 01:13:50.668  3989  4366 E GcmPushIntentOperation: 	at java.util.concurrent.ThreadPoolExecutor$Worker.run(ThreadPoolExecutor.java:588)
12-01 01:13:50.668  3989  4366 E GcmPushIntentOperation: 	at java.lang.Thread.run(Thread.java:818)
12-01 01:13:50.687  3989  4072 E GCM     : Missing checkin config file
12-01 01:13:50.688  3989  4072 W GCM     : GCM FAILED TO INITIALIZE - missing checkin
12-01 01:13:50.693  3989  4366 E GcmPushIntentOperation: Failed to subscribe to GCM: com.google.android.gms.trustlet_onbody
12-01 01:13:50.693  3989  4366 E GcmPushIntentOperation: java.io.IOException: AUTHENTICATION_FAILED
12-01 01:13:50.693  3989  4366 E GcmPushIntentOperation: 	at vfm.b(:com.google.android.gms@11743470:39)
12-01 01:13:50.693  3989  4366 E GcmPushIntentOperation: 	at vfm.a(:com.google.android.gms@11743470:46)
12-01 01:13:50.693  3989  4366 E GcmPushIntentOperation: 	at vfj.b(:com.google.android.gms@11743470:11)
12-01 01:13:50.693  3989  4366 E GcmPushIntentOperation: 	at vfj.a(:com.google.android.gms@11743470:29)
12-01 01:13:50.693  3989  4366 E GcmPushIntentOperation: 	at com.google.android.gms.phenotype.gcmpush.GcmPushIntentOperation.a(:com.google.android.gms@11743470:15)
12-01 01:13:50.693  3989  4366 E GcmPushIntentOperation: 	at com.google.android.gms.phenotype.gcmpush.GcmPushIntentOperation.onHandleIntent(:com.google.android.gms@11743470:7)
12-01 01:13:50.693  3989  4366 E GcmPushIntentOperation: 	at com.google.android.chimera.IntentOperation.onHandleIntent(:com.google.android.gms@11743470:2)
12-01 01:13:50.693  3989  4366 E GcmPushIntentOperation: 	at bwo.run(:com.google.android.gms@11743470:10)
12-01 01:13:50.693  3989  4366 E GcmPushIntentOperation: 	at bwl.run(:com.google.android.gms@11743470:14)
12-01 01:13:50.693  3989  4366 E GcmPushIntentOperation: 	at java.util.concurrent.ThreadPoolExecutor.runWorker(ThreadPoolExecutor.java:1113)
12-01 01:13:50.693  3989  4366 E GcmPushIntentOperation: 	at java.util.concurrent.ThreadPoolExecutor$Worker.run(ThreadPoolExecutor.java:588)
12-01 01:13:50.693  3989  4366 E GcmPushIntentOperation: 	at java.lang.Thread.run(Thread.java:818)
12-01 01:13:50.719  3989  4055 E GCM     : Missing checkin config file
12-01 01:13:50.719  3989  4055 W GCM     : GCM FAILED TO INITIALIZE - missing checkin
12-01 01:13:50.721  3989  4366 E GcmPushIntentOperation: Failed to subscribe to GCM: com.google.android.gms.telephonyspam
12-01 01:13:50.721  3989  4366 E GcmPushIntentOperation: java.io.IOException: AUTHENTICATION_FAILED
12-01 01:13:50.721  3989  4366 E GcmPushIntentOperation: 	at vfm.b(:com.google.android.gms@11743470:39)
12-01 01:13:50.721  3989  4366 E GcmPushIntentOperation: 	at vfm.a(:com.google.android.gms@11743470:46)
12-01 01:13:50.721  3989  4366 E GcmPushIntentOperation: 	at vfj.b(:com.google.android.gms@11743470:11)
12-01 01:13:50.721  3989  4366 E GcmPushIntentOperation: 	at vfj.a(:com.google.android.gms@11743470:29)
12-01 01:13:50.721  3989  4366 E GcmPushIntentOperation: 	at com.google.android.gms.phenotype.gcmpush.GcmPushIntentOperation.a(:com.google.android.gms@11743470:15)
12-01 01:13:50.721  3989  4366 E GcmPushIntentOperation: 	at com.google.android.gms.phenotype.gcmpush.GcmPushIntentOperation.onHandleIntent(:com.google.android.gms@11743470:7)
12-01 01:13:50.721  3989  4366 E GcmPushIntentOperation: 	at com.google.android.chimera.IntentOperation.onHandleIntent(:com.google.android.gms@11743470:2)
12-01 01:13:50.721  3989  4366 E GcmPushIntentOperation: 	at bwo.run(:com.google.android.gms@11743470:10)
12-01 01:13:50.721  3989  4366 E GcmPushIntentOperation: 	at bwl.run(:com.google.android.gms@11743470:14)
12-01 01:13:50.721  3989  4366 E GcmPushIntentOperation: 	at java.util.concurrent.ThreadPoolExecutor.runWorker(ThreadPoolExecutor.java:1113)
12-01 01:13:50.721  3989  4366 E GcmPushIntentOperation: 	at java.util.concurrent.ThreadPoolExecutor$Worker.run(ThreadPoolExecutor.java:588)
12-01 01:13:50.721  3989  4366 E GcmPushIntentOperation: 	at java.lang.Thread.run(Thread.java:818)
12-01 01:13:50.739  3989  4055 E GCM     : Missing checkin config file
12-01 01:13:50.740  3989  4055 W GCM     : GCM FAILED TO INITIALIZE - missing checkin
12-01 01:13:50.742  3989  4366 E GcmPushIntentOperation: Failed to subscribe to GCM: com.google.android.gms.reachability
12-01 01:13:50.742  3989  4366 E GcmPushIntentOperation: java.io.IOException: AUTHENTICATION_FAILED
12-01 01:13:50.742  3989  4366 E GcmPushIntentOperation: 	at vfm.b(:com.google.android.gms@11743470:39)
12-01 01:13:50.742  3989  4366 E GcmPushIntentOperation: 	at vfm.a(:com.google.android.gms@11743470:46)
12-01 01:13:50.742  3989  4366 E GcmPushIntentOperation: 	at vfj.b(:com.google.android.gms@11743470:11)
12-01 01:13:50.742  3989  4366 E GcmPushIntentOperation: 	at vfj.a(:com.google.android.gms@11743470:29)
12-01 01:13:50.742  3989  4366 E GcmPushIntentOperation: 	at com.google.android.gms.phenotype.gcmpush.GcmPushIntentOperation.a(:com.google.android.gms@11743470:15)
12-01 01:13:50.742  3989  4366 E GcmPushIntentOperation: 	at com.google.android.gms.phenotype.gcmpush.GcmPushIntentOperation.onHandleIntent(:com.google.android.gms@11743470:7)
12-01 01:13:50.742  3989  4366 E GcmPushIntentOperation: 	at com.google.android.chimera.IntentOperation.onHandleIntent(:com.google.android.gms@11743470:2)
12-01 01:13:50.742  3989  4366 E GcmPushIntentOperation: 	at bwo.run(:com.google.android.gms@11743470:10)
12-01 01:13:50.742  3989  4366 E GcmPushIntentOperation: 	at bwl.run(:com.google.android.gms@11743470:14)
12-01 01:13:50.742  3989  4366 E GcmPushIntentOperation: 	at java.util.concurrent.ThreadPoolExecutor.runWorker(ThreadPoolExecutor.java:1113)
12-01 01:13:50.742  3989  4366 E GcmPushIntentOperation: 	at java.util.concurrent.ThreadPoolExecutor$Worker.run(ThreadPoolExecutor.java:588)
12-01 01:13:50.742  3989  4366 E GcmPushIntentOperation: 	at java.lang.Thread.run(Thread.java:818)
12-01 01:13:50.760  3989  4055 E GCM     : Missing checkin config file
12-01 01:13:50.761  3989  4055 W GCM     : GCM FAILED TO INITIALIZE - missing checkin
12-01 01:13:50.763  3989  4366 E GcmPushIntentOperation: Failed to subscribe to GCM: com.google.android.gms.audit
12-01 01:13:50.763  3989  4366 E GcmPushIntentOperation: java.io.IOException: AUTHENTICATION_FAILED
12-01 01:13:50.763  3989  4366 E GcmPushIntentOperation: 	at vfm.b(:com.google.android.gms@11743470:39)
12-01 01:13:50.763  3989  4366 E GcmPushIntentOperation: 	at vfm.a(:com.google.android.gms@11743470:46)
12-01 01:13:50.763  3989  4366 E GcmPushIntentOperation: 	at vfj.b(:com.google.android.gms@11743470:11)
12-01 01:13:50.763  3989  4366 E GcmPushIntentOperation: 	at vfj.a(:com.google.android.gms@11743470:29)
12-01 01:13:50.763  3989  4366 E GcmPushIntentOperation: 	at com.google.android.gms.phenotype.gcmpush.GcmPushIntentOperation.a(:com.google.android.gms@11743470:15)
12-01 01:13:50.763  3989  4366 E GcmPushIntentOperation: 	at com.google.android.gms.phenotype.gcmpush.GcmPushIntentOperation.onHandleIntent(:com.google.android.gms@11743470:7)
12-01 01:13:50.763  3989  4366 E GcmPushIntentOperation: 	at com.google.android.chimera.IntentOperation.onHandleIntent(:com.google.android.gms@11743470:2)
12-01 01:13:50.763  3989  4366 E GcmPushIntentOperation: 	at bwo.run(:com.google.android.gms@11743470:10)
12-01 01:13:50.763  3989  4366 E GcmPushIntentOperation: 	at bwl.run(:com.google.android.gms@11743470:14)
12-01 01:13:50.763  3989  4366 E GcmPushIntentOperation: 	at java.util.concurrent.ThreadPoolExecutor.runWorker(ThreadPoolExecutor.java:1113)
12-01 01:13:50.763  3989  4366 E GcmPushIntentOperation: 	at java.util.concurrent.ThreadPoolExecutor$Worker.run(ThreadPoolExecutor.java:588)
12-01 01:13:50.763  3989  4366 E GcmPushIntentOperation: 	at java.lang.Thread.run(Thread.java:818)
12-01 01:13:50.784  3989  4055 E GCM     : Missing checkin config file
12-01 01:13:50.784  3989  4055 W GCM     : GCM FAILED TO INITIALIZE - missing checkin
12-01 01:13:50.788  3989  4366 E GcmPushIntentOperation: Failed to subscribe to GCM: com.google.android.gms.icing
12-01 01:13:50.788  3989  4366 E GcmPushIntentOperation: java.io.IOException: AUTHENTICATION_FAILED
12-01 01:13:50.788  3989  4366 E GcmPushIntentOperation: 	at vfm.b(:com.google.android.gms@11743470:39)
12-01 01:13:50.788  3989  4366 E GcmPushIntentOperation: 	at vfm.a(:com.google.android.gms@11743470:46)
12-01 01:13:50.788  3989  4366 E GcmPushIntentOperation: 	at vfj.b(:com.google.android.gms@11743470:11)
12-01 01:13:50.788  3989  4366 E GcmPushIntentOperation: 	at vfj.a(:com.google.android.gms@11743470:29)
12-01 01:13:50.788  3989  4366 E GcmPushIntentOperation: 	at com.google.android.gms.phenotype.gcmpush.GcmPushIntentOperation.a(:com.google.android.gms@11743470:15)
12-01 01:13:50.788  3989  4366 E GcmPushIntentOperation: 	at com.google.android.gms.phenotype.gcmpush.GcmPushIntentOperation.onHandleIntent(:com.google.android.gms@11743470:7)
12-01 01:13:50.788  3989  4366 E GcmPushIntentOperation: 	at com.google.android.chimera.IntentOperation.onHandleIntent(:com.google.android.gms@11743470:2)
12-01 01:13:50.788  3989  4366 E GcmPushIntentOperation: 	at bwo.run(:com.google.android.gms@11743470:10)
12-01 01:13:50.788  3989  4366 E GcmPushIntentOperation: 	at bwl.run(:com.google.android.gms@11743470:14)
12-01 01:13:50.788  3989  4366 E GcmPushIntentOperation: 	at java.util.concurrent.ThreadPoolExecutor.runWorker(ThreadPoolExecutor.java:1113)
12-01 01:13:50.788  3989  4366 E GcmPushIntentOperation: 	at java.util.concurrent.ThreadPoolExecutor$Worker.run(ThreadPoolExecutor.java:588)
12-01 01:13:50.788  3989  4366 E GcmPushIntentOperation: 	at java.lang.Thread.run(Thread.java:818)
12-01 01:13:50.806  3989  4055 E GCM     : Missing checkin config file
12-01 01:13:50.806  3989  4055 W GCM     : GCM FAILED TO INITIALIZE - missing checkin
12-01 01:13:50.808  3989  4103 E GcmPushIntentOperation: Failed to subscribe to GCM: com.google.android.gms.auth.api.credentials
12-01 01:13:50.808  3989  4103 E GcmPushIntentOperation: java.io.IOException: AUTHENTICATION_FAILED
12-01 01:13:50.808  3989  4103 E GcmPushIntentOperation: 	at vfm.b(:com.google.android.gms@11743470:39)
12-01 01:13:50.808  3989  4103 E GcmPushIntentOperation: 	at vfm.a(:com.google.android.gms@11743470:46)
12-01 01:13:50.808  3989  4103 E GcmPushIntentOperation: 	at vfj.b(:com.google.android.gms@11743470:11)
12-01 01:13:50.808  3989  4103 E GcmPushIntentOperation: 	at vfj.a(:com.google.android.gms@11743470:29)
12-01 01:13:50.808  3989  4103 E GcmPushIntentOperation: 	at com.google.android.gms.phenotype.gcmpush.GcmPushIntentOperation.a(:com.google.android.gms@11743470:15)
12-01 01:13:50.808  3989  4103 E GcmPushIntentOperation: 	at com.google.android.gms.phenotype.gcmpush.GcmPushIntentOperation.onHandleIntent(:com.google.android.gms@11743470:7)
12-01 01:13:50.808  3989  4103 E GcmPushIntentOperation: 	at com.google.android.chimera.IntentOperation.onHandleIntent(:com.google.android.gms@11743470:2)
12-01 01:13:50.808  3989  4103 E GcmPushIntentOperation: 	at bwo.run(:com.google.android.gms@11743470:10)
12-01 01:13:50.808  3989  4103 E GcmPushIntentOperation: 	at bwl.run(:com.google.android.gms@11743470:14)
12-01 01:13:50.808  3989  4103 E GcmPushIntentOperation: 	at java.util.concurrent.ThreadPoolExecutor.runWorker(ThreadPoolExecutor.java:1113)
12-01 01:13:50.808  3989  4103 E GcmPushIntentOperation: 	at java.util.concurrent.ThreadPoolExecutor$Worker.run(ThreadPoolExecutor.java:588)
12-01 01:13:50.808  3989  4103 E GcmPushIntentOperation: 	at java.lang.Thread.run(Thread.java:818)
12-01 01:13:50.824  3989  4055 E GCM     : Missing checkin config file
12-01 01:13:50.824  3989  4055 W GCM     : GCM FAILED TO INITIALIZE - missing checkin
12-01 01:13:50.826  3989  4103 E GcmPushIntentOperation: Failed to subscribe to GCM: com.google.android.gms.smartdevice
12-01 01:13:50.826  3989  4103 E GcmPushIntentOperation: java.io.IOException: AUTHENTICATION_FAILED
12-01 01:13:50.826  3989  4103 E GcmPushIntentOperation: 	at vfm.b(:com.google.android.gms@11743470:39)
12-01 01:13:50.826  3989  4103 E GcmPushIntentOperation: 	at vfm.a(:com.google.android.gms@11743470:46)
12-01 01:13:50.826  3989  4103 E GcmPushIntentOperation: 	at vfj.b(:com.google.android.gms@11743470:11)
12-01 01:13:50.826  3989  4103 E GcmPushIntentOperation: 	at vfj.a(:com.google.android.gms@11743470:29)
12-01 01:13:50.826  3989  4103 E GcmPushIntentOperation: 	at com.google.android.gms.phenotype.gcmpush.GcmPushIntentOperation.a(:com.google.android.gms@11743470:15)
12-01 01:13:50.826  3989  4103 E GcmPushIntentOperation: 	at com.google.android.gms.phenotype.gcmpush.GcmPushIntentOperation.onHandleIntent(:com.google.android.gms@11743470:7)
12-01 01:13:50.826  3989  4103 E GcmPushIntentOperation: 	at com.google.android.chimera.IntentOperation.onHandleIntent(:com.google.android.gms@11743470:2)
12-01 01:13:50.826  3989  4103 E GcmPushIntentOperation: 	at bwo.run(:com.google.android.gms@11743470:10)
12-01 01:13:50.826  3989  4103 E GcmPushIntentOperation: 	at bwl.run(:com.google.android.gms@11743470:14)
12-01 01:13:50.826  3989  4103 E GcmPushIntentOperation: 	at java.util.concurrent.ThreadPoolExecutor.runWorker(ThreadPoolExecutor.java:1113)
12-01 01:13:50.826  3989  4103 E GcmPushIntentOperation: 	at java.util.concurrent.ThreadPoolExecutor$Worker.run(ThreadPoolExecutor.java:588)
12-01 01:13:50.826  3989  4103 E GcmPushIntentOperation: 	at java.lang.Thread.run(Thread.java:818)
12-01 01:13:50.850  3989  4055 E GCM     : Missing checkin config file
12-01 01:13:50.850  3989  4055 W GCM     : GCM FAILED TO INITIALIZE - missing checkin
12-01 01:13:50.852  3989  4103 E GcmPushIntentOperation: Failed to subscribe to GCM: com.google.android.gms.settings.platform
12-01 01:13:50.852  3989  4103 E GcmPushIntentOperation: java.io.IOException: AUTHENTICATION_FAILED
12-01 01:13:50.852  3989  4103 E GcmPushIntentOperation: 	at vfm.b(:com.google.android.gms@11743470:39)
12-01 01:13:50.852  3989  4103 E GcmPushIntentOperation: 	at vfm.a(:com.google.android.gms@11743470:46)
12-01 01:13:50.852  3989  4103 E GcmPushIntentOperation: 	at vfj.b(:com.google.android.gms@11743470:11)
12-01 01:13:50.852  3989  4103 E GcmPushIntentOperation: 	at vfj.a(:com.google.android.gms@11743470:29)
12-01 01:13:50.852  3989  4103 E GcmPushIntentOperation: 	at com.google.android.gms.phenotype.gcmpush.GcmPushIntentOperation.a(:com.google.android.gms@11743470:15)
12-01 01:13:50.852  3989  4103 E GcmPushIntentOperation: 	at com.google.android.gms.phenotype.gcmpush.GcmPushIntentOperation.onHandleIntent(:com.google.android.gms@11743470:7)
12-01 01:13:50.852  3989  4103 E GcmPushIntentOperation: 	at com.google.android.chimera.IntentOperation.onHandleIntent(:com.google.android.gms@11743470:2)
12-01 01:13:50.852  3989  4103 E GcmPushIntentOperation: 	at bwo.run(:com.google.android.gms@11743470:10)
12-01 01:13:50.852  3989  4103 E GcmPushIntentOperation: 	at bwl.run(:com.google.android.gms@11743470:14)
12-01 01:13:50.852  3989  4103 E GcmPushIntentOperation: 	at java.util.concurrent.ThreadPoolExecutor.runWorker(ThreadPoolExecutor.java:1113)
12-01 01:13:50.852  3989  4103 E GcmPushIntentOperation: 	at java.util.concurrent.ThreadPoolExecutor$Worker.run(ThreadPoolExecutor.java:588)
12-01 01:13:50.852  3989  4103 E GcmPushIntentOperation: 	at java.lang.Thread.run(Thread.java:818)
12-01 01:13:50.873  3989  4055 E GCM     : Missing checkin config file
12-01 01:13:50.873  3989  4055 W GCM     : GCM FAILED TO INITIALIZE - missing checkin
12-01 01:13:50.878  3989  4103 E GcmPushIntentOperation: Failed to subscribe to GCM: com.google.android.gms.phenotype
12-01 01:13:50.878  3989  4103 E GcmPushIntentOperation: java.io.IOException: AUTHENTICATION_FAILED
12-01 01:13:50.878  3989  4103 E GcmPushIntentOperation: 	at vfm.b(:com.google.android.gms@11743470:39)
12-01 01:13:50.878  3989  4103 E GcmPushIntentOperation: 	at vfm.a(:com.google.android.gms@11743470:46)
12-01 01:13:50.878  3989  4103 E GcmPushIntentOperation: 	at vfj.b(:com.google.android.gms@11743470:11)
12-01 01:13:50.878  3989  4103 E GcmPushIntentOperation: 	at vfj.a(:com.google.android.gms@11743470:29)
12-01 01:13:50.878  3989  4103 E GcmPushIntentOperation: 	at com.google.android.gms.phenotype.gcmpush.GcmPushIntentOperation.a(:com.google.android.gms@11743470:15)
12-01 01:13:50.878  3989  4103 E GcmPushIntentOperation: 	at com.google.android.gms.phenotype.gcmpush.GcmPushIntentOperation.onHandleIntent(:com.google.android.gms@11743470:7)
12-01 01:13:50.878  3989  4103 E GcmPushIntentOperation: 	at com.google.android.chimera.IntentOperation.onHandleIntent(:com.google.android.gms@11743470:2)
12-01 01:13:50.878  3989  4103 E GcmPushIntentOperation: 	at bwo.run(:com.google.android.gms@11743470:10)
12-01 01:13:50.878  3989  4103 E GcmPushIntentOperation: 	at bwl.run(:com.google.android.gms@11743470:14)
12-01 01:13:50.878  3989  4103 E GcmPushIntentOperation: 	at java.util.concurrent.ThreadPoolExecutor.runWorker(ThreadPoolExecutor.java:1113)
12-01 01:13:50.878  3989  4103 E GcmPushIntentOperation: 	at java.util.concurrent.ThreadPoolExecutor$Worker.run(ThreadPoolExecutor.java:588)
12-01 01:13:50.878  3989  4103 E GcmPushIntentOperation: 	at java.lang.Thread.run(Thread.java:818)
12-01 01:13:50.909  3989  4055 E GCM     : Missing checkin config file
12-01 01:13:50.909  3989  4055 W GCM     : GCM FAILED TO INITIALIZE - missing checkin
12-01 01:13:50.911  3989  4103 E GcmPushIntentOperation: Failed to subscribe to GCM: com.google.android.gms.settings.platform
12-01 01:13:50.911  3989  4103 E GcmPushIntentOperation: java.io.IOException: AUTHENTICATION_FAILED
12-01 01:13:50.911  3989  4103 E GcmPushIntentOperation: 	at vfm.b(:com.google.android.gms@11743470:39)
12-01 01:13:50.911  3989  4103 E GcmPushIntentOperation: 	at vfm.a(:com.google.android.gms@11743470:46)
12-01 01:13:50.911  3989  4103 E GcmPushIntentOperation: 	at vfj.b(:com.google.android.gms@11743470:11)
12-01 01:13:50.911  3989  4103 E GcmPushIntentOperation: 	at vfj.a(:com.google.android.gms@11743470:29)
12-01 01:13:50.911  3989  4103 E GcmPushIntentOperation: 	at com.google.android.gms.phenotype.gcmpush.GcmPushIntentOperation.a(:com.google.android.gms@11743470:15)
12-01 01:13:50.911  3989  4103 E GcmPushIntentOperation: 	at com.google.android.gms.phenotype.gcmpush.GcmPushIntentOperation.onHandleIntent(:com.google.android.gms@11743470:7)
12-01 01:13:50.911  3989  4103 E GcmPushIntentOperation: 	at com.google.android.chimera.IntentOperation.onHandleIntent(:com.google.android.gms@11743470:2)
12-01 01:13:50.911  3989  4103 E GcmPushIntentOperation: 	at bwo.run(:com.google.android.gms@11743470:10)
12-01 01:13:50.911  3989  4103 E GcmPushIntentOperation: 	at bwl.run(:com.google.android.gms@11743470:14)
12-01 01:13:50.911  3989  4103 E GcmPushIntentOperation: 	at java.util.concurrent.ThreadPoolExecutor.runWorker(ThreadPoolExecutor.java:1113)
12-01 01:13:50.911  3989  4103 E GcmPushIntentOperation: 	at java.util.concurrent.ThreadPoolExecutor$Worker.run(ThreadPoolExecutor.java:588)
12-01 01:13:50.911  3989  4103 E GcmPushIntentOperation: 	at java.lang.Thread.run(Thread.java:818)
12-01 01:13:50.934  3989  4055 E GCM     : Missing checkin config file
12-01 01:13:50.934  3989  4055 W GCM     : GCM FAILED TO INITIALIZE - missing checkin
12-01 01:13:50.936  3989  4103 E GcmPushIntentOperation: Failed to subscribe to GCM: com.google.android.gms.phenotype
12-01 01:13:50.936  3989  4103 E GcmPushIntentOperation: java.io.IOException: AUTHENTICATION_FAILED
12-01 01:13:50.936  3989  4103 E GcmPushIntentOperation: 	at vfm.b(:com.google.android.gms@11743470:39)
12-01 01:13:50.936  3989  4103 E GcmPushIntentOperation: 	at vfm.a(:com.google.android.gms@11743470:46)
12-01 01:13:50.936  3989  4103 E GcmPushIntentOperation: 	at vfj.b(:com.google.android.gms@11743470:11)
12-01 01:13:50.936  3989  4103 E GcmPushIntentOperation: 	at vfj.a(:com.google.android.gms@11743470:29)
12-01 01:13:50.936  3989  4103 E GcmPushIntentOperation: 	at com.google.android.gms.phenotype.gcmpush.GcmPushIntentOperation.a(:com.google.android.gms@11743470:15)
12-01 01:13:50.936  3989  4103 E GcmPushIntentOperation: 	at com.google.android.gms.phenotype.gcmpush.GcmPushIntentOperation.onHandleIntent(:com.google.android.gms@11743470:7)
12-01 01:13:50.936  3989  4103 E GcmPushIntentOperation: 	at com.google.android.chimera.IntentOperation.onHandleIntent(:com.google.android.gms@11743470:2)
12-01 01:13:50.936  3989  4103 E GcmPushIntentOperation: 	at bwo.run(:com.google.android.gms@11743470:10)
12-01 01:13:50.936  3989  4103 E GcmPushIntentOperation: 	at bwl.run(:com.google.android.gms@11743470:14)
12-01 01:13:50.936  3989  4103 E GcmPushIntentOperation: 	at java.util.concurrent.ThreadPoolExecutor.runWorker(ThreadPoolExecutor.java:1113)
12-01 01:13:50.936  3989  4103 E GcmPushIntentOperation: 	at java.util.concurrent.ThreadPoolExecutor$Worker.run(ThreadPoolExecutor.java:588)
12-01 01:13:50.936  3989  4103 E GcmPushIntentOperation: 	at java.lang.Thread.run(Thread.java:818)
12-01 01:13:57.359  3121  3836 W MediaScanner: Error opening directory '/oem/media/', skipping: No such file or directory.
12-01 01:13:57.369  3121  3836 W MediaProvider: Missing volume for /system/media/audio/ui; assuming invalid
12-01 01:13:57.395  3121  3836 W MediaProvider: Missing volume for /system/media/audio/ringtones/Andromeda.ogg; assuming invalid
12-01 01:13:57.411  3121  3836 W MediaProvider: Missing volume for /system/media/audio/ringtones/Aquila.ogg; assuming invalid
12-01 01:13:57.421  3121  3836 W MediaProvider: Missing volume for /system/media/audio/ringtones/ArgoNavis.ogg; assuming invalid
12-01 01:13:57.434  3121  3836 W MediaProvider: Missing volume for /system/media/audio/ringtones/Atria.ogg; assuming invalid
12-01 01:13:57.444  3121  3836 W MediaProvider: Missing volume for /system/media/audio/ringtones/BOOTES.ogg; assuming invalid
12-01 01:13:57.453  3121  3836 W MediaProvider: Missing volume for /system/media/audio/ringtones/Backroad.ogg; assuming invalid
12-01 01:13:57.468  3121  3836 W MediaProvider: Missing volume for /system/media/audio/ringtones/BeatPlucker.ogg; assuming invalid
12-01 01:13:57.474  3121  3836 W MediaProvider: Missing volume for /system/media/audio/ringtones/BentleyDubs.ogg; assuming invalid
12-01 01:13:57.487  3121  3836 W MediaProvider: Missing volume for /system/media/audio/ringtones/Big_Easy.ogg; assuming invalid
12-01 01:13:57.495  3121  3836 W MediaProvider: Missing volume for /system/media/audio/ringtones/BirdLoop.ogg; assuming invalid
12-01 01:13:57.508  3121  3836 W MediaProvider: Missing volume for /system/media/audio/ringtones/Bollywood.ogg; assuming invalid
12-01 01:13:57.532  3121  3836 W MediaProvider: Missing volume for /system/media/audio/ringtones/BussaMove.ogg; assuming invalid
12-01 01:13:57.540  3121  3836 W MediaProvider: Missing volume for /system/media/audio/ringtones/CANISMAJOR.ogg; assuming invalid
12-01 01:13:57.557  3121  3836 W MediaProvider: Missing volume for /system/media/audio/ringtones/CASSIOPEIA.ogg; assuming invalid
12-01 01:13:57.563  3121  3836 W MediaProvider: Missing volume for /system/media/audio/ringtones/Cairo.ogg; assuming invalid
12-01 01:13:57.575  3121  3836 W MediaProvider: Missing volume for /system/media/audio/ringtones/Calypso_Steel.ogg; assuming invalid
12-01 01:13:57.584  3121  3836 W MediaProvider: Missing volume for /system/media/audio/ringtones/CanisMajor.ogg; assuming invalid
12-01 01:13:57.592  3121  3836 W MediaProvider: Missing volume for /system/media/audio/ringtones/CaribbeanIce.ogg; assuming invalid
12-01 01:13:57.608  3121  3836 W MediaProvider: Missing volume for /system/media/audio/ringtones/Carina.ogg; assuming invalid
12-01 01:13:57.617  3121  3836 W MediaProvider: Missing volume for /system/media/audio/ringtones/Centaurus.ogg; assuming invalid
12-01 01:13:57.625  3121  3836 W MediaProvider: Missing volume for /system/media/audio/ringtones/Champagne_Edition.ogg; assuming invalid
12-01 01:13:57.638  3121  3836 W MediaProvider: Missing volume for /system/media/audio/ringtones/Club_Cubano.ogg; assuming invalid
12-01 01:13:57.648  3121  3836 W MediaProvider: Missing volume for /system/media/audio/ringtones/CrayonRock.ogg; assuming invalid
12-01 01:13:57.660  3121  3836 W MediaProvider: Missing volume for /system/media/audio/ringtones/CrazyDream.ogg; assuming invalid
12-01 01:13:57.672  3121  3836 W MediaProvider: Missing volume for /system/media/audio/ringtones/CurveBall.ogg; assuming invalid
12-01 01:13:57.682  3121  3836 W MediaProvider: Missing volume for /system/media/audio/ringtones/Cygnus.ogg; assuming invalid
12-01 01:13:57.690  3121  3836 W MediaProvider: Missing volume for /system/media/audio/ringtones/DancinFool.ogg; assuming invalid
12-01 01:13:57.700  3121  3836 W MediaProvider: Missing volume for /system/media/audio/ringtones/Ding.ogg; assuming invalid
12-01 01:13:57.703  3121  3836 W MediaProvider: Missing volume for /system/media/audio/ringtones/DonMessWivIt.ogg; assuming invalid
12-01 01:13:57.711  3121  3836 W MediaProvider: Missing volume for /system/media/audio/ringtones/Draco.ogg; assuming invalid
12-01 01:13:57.719  3121  3836 W MediaProvider: Missing volume for /system/media/audio/ringtones/DreamTheme.ogg; assuming invalid
12-01 01:13:57.731  3121  3836 W MediaProvider: Missing volume for /system/media/audio/ringtones/Eastern_Sky.ogg; assuming invalid
12-01 01:13:57.741  3121  3836 W MediaProvider: Missing volume for /system/media/audio/ringtones/Enter_the_Nexus.ogg; assuming invalid
12-01 01:13:57.744  3121  3836 W MediaProvider: Missing volume for /system/media/audio/ringtones/Eridani.ogg; assuming invalid
12-01 01:13:57.754  3121  3836 W MediaProvider: Missing volume for /system/media/audio/ringtones/EtherShake.ogg; assuming invalid
12-01 01:13:57.761  3121  3836 W MediaProvider: Missing volume for /system/media/audio/ringtones/FreeFlight.ogg; assuming invalid
12-01 01:13:57.765  3121  3836 W MediaProvider: Missing volume for /system/media/audio/ringtones/FriendlyGhost.ogg; assuming invalid
12-01 01:13:57.771  3121  3836 W MediaProvider: Missing volume for /system/media/audio/ringtones/Funk_Yall.ogg; assuming invalid
12-01 01:13:57.780  3121  3836 W MediaProvider: Missing volume for /system/media/audio/ringtones/GameOverGuitar.ogg; assuming invalid
12-01 01:13:57.790  3121  3836 W MediaProvider: Missing volume for /system/media/audio/ringtones/Gimme_Mo_Town.ogg; assuming invalid
12-01 01:13:57.798  3121  3836 W MediaProvider: Missing volume for /system/media/audio/ringtones/Girtab.ogg; assuming invalid
12-01 01:13:57.804  3121  3836 W MediaProvider: Missing volume for /system/media/audio/ringtones/Glacial_Groove.ogg; assuming invalid
12-01 01:13:57.808  3121  3836 W MediaProvider: Missing volume for /system/media/audio/ringtones/Growl.ogg; assuming invalid
12-01 01:13:57.812  3121  3836 W MediaProvider: Missing volume for /system/media/audio/ringtones/HalfwayHome.ogg; assuming invalid
12-01 01:13:57.817  3121  3836 W MediaProvider: Missing volume for /system/media/audio/ringtones/Hydra.ogg; assuming invalid
12-01 01:13:57.823  3121  3836 W MediaProvider: Missing volume for /system/media/audio/ringtones/InsertCoin.ogg; assuming invalid
12-01 01:13:57.834  3121  3836 W MediaProvider: Missing volume for /system/media/audio/ringtones/Kuma.ogg; assuming invalid
12-01 01:13:57.841  3121  3836 W MediaProvider: Missing volume for /system/media/audio/ringtones/LoopyLounge.ogg; assuming invalid
12-01 01:13:57.859  3121  3836 W MediaProvider: Missing volume for /system/media/audio/ringtones/LoveFlute.ogg; assuming invalid
12-01 01:13:57.868  3121  3836 W MediaProvider: Missing volume for /system/media/audio/ringtones/Lyra.ogg; assuming invalid
12-01 01:13:57.903  3121  3836 W MediaProvider: Missing volume for /system/media/audio/ringtones/Machina.ogg; assuming invalid
12-01 01:13:57.912  3121  3836 W MediaProvider: Missing volume for /system/media/audio/ringtones/MidEvilJaunt.ogg; assuming invalid
12-01 01:13:57.922  3121  3836 W MediaProvider: Missing volume for /system/media/audio/ringtones/MildlyAlarming.ogg; assuming invalid
12-01 01:13:57.927  3121  3836 W MediaProvider: Missing volume for /system/media/audio/ringtones/Nairobi.ogg; assuming invalid
12-01 01:13:57.930  3121  3836 W MediaProvider: Missing volume for /system/media/audio/ringtones/Nassau.ogg; assuming invalid
12-01 01:13:57.938  3121  3836 W MediaProvider: Missing volume for /system/media/audio/ringtones/NewPlayer.ogg; assuming invalid
12-01 01:13:57.944  3121  3836 W MediaProvider: Missing volume for /system/media/audio/ringtones/No_Limits.ogg; assuming invalid
12-01 01:13:57.958  3121  3836 W MediaProvider: Missing volume for /system/media/audio/ringtones/Noises1.ogg; assuming invalid
12-01 01:13:57.965  3121  3836 W MediaProvider: Missing volume for /system/media/audio/ringtones/Noises2.ogg; assuming invalid
12-01 01:13:57.980  3121  3836 W MediaProvider: Missing volume for /system/media/audio/ringtones/Noises3.ogg; assuming invalid
12-01 01:13:57.990  3121  3836 W MediaProvider: Missing volume for /system/media/audio/ringtones/OrganDub.ogg; assuming invalid
12-01 01:13:57.999  3121  3836 W MediaProvider: Missing volume for /system/media/audio/ringtones/Orion.ogg; assuming invalid
12-01 01:13:58.014  3121  3836 W MediaProvider: Missing volume for /system/media/audio/ringtones/PERSEUS.ogg; assuming invalid
12-01 01:13:58.033  3121  3836 W MediaProvider: Missing volume for /system/media/audio/ringtones/Paradise_Island.ogg; assuming invalid
12-01 01:13:58.045  3121  3836 W MediaProvider: Missing volume for /system/media/audio/ringtones/Pegasus.ogg; assuming invalid
12-01 01:13:58.051  2221  2570 E MetadataRetrieverClient: failed to extract an album art
12-01 01:13:58.057  3121  3836 W MediaProvider: Missing volume for /system/media/audio/ringtones/Perseus.ogg; assuming invalid
12-01 01:13:58.064  3121  3836 W MediaProvider: Missing volume for /system/media/audio/ringtones/Playa.ogg; assuming invalid
12-01 01:13:58.075  3121  3836 W MediaProvider: Missing volume for /system/media/audio/ringtones/Pyxis.ogg; assuming invalid
12-01 01:13:58.082  3121  3836 W MediaProvider: Missing volume for /system/media/audio/ringtones/Rasalas.ogg; assuming invalid
12-01 01:13:58.100  3121  3836 W MediaProvider: Missing volume for /system/media/audio/ringtones/Revelation.ogg; assuming invalid
12-01 01:13:58.104  3121  3836 W MediaProvider: Missing volume for /system/media/audio/ringtones/Rigel.ogg; assuming invalid
12-01 01:13:58.115  3121  3836 W MediaProvider: Missing volume for /system/media/audio/ringtones/Ring_Classic_02.ogg; assuming invalid
12-01 01:13:58.122  3121  3836 W MediaProvider: Missing volume for /system/media/audio/ringtones/Ring_Digital_02.ogg; assuming invalid
12-01 01:13:58.127  3121  3836 W MediaProvider: Missing volume for /system/media/audio/ringtones/Ring_Synth_02.ogg; assuming invalid
12-01 01:13:58.134  3121  3836 W MediaProvider: Missing volume for /system/media/audio/ringtones/Ring_Synth_04.ogg; assuming invalid
12-01 01:13:58.143  3121  3836 W MediaProvider: Missing volume for /system/media/audio/ringtones/Road_Trip.ogg; assuming invalid
12-01 01:13:58.155  3121  3836 W MediaProvider: Missing volume for /system/media/audio/ringtones/RomancingTheTone.ogg; assuming invalid
12-01 01:13:58.171  3121  3836 W MediaProvider: Missing volume for /system/media/audio/ringtones/Safari.ogg; assuming invalid
12-01 01:13:58.188  3121  3836 W MediaProvider: Missing volume for /system/media/audio/ringtones/Savannah.ogg; assuming invalid
12-01 01:13:58.208  3121  3836 W MediaProvider: Missing volume for /system/media/audio/ringtones/Scarabaeus.ogg; assuming invalid
12-01 01:13:58.231  3121  3836 W MediaProvider: Missing volume for /system/media/audio/ringtones/Sceptrum.ogg; assuming invalid
12-01 01:13:58.240  3121  3836 W MediaProvider: Missing volume for /system/media/audio/ringtones/Seville.ogg; assuming invalid
12-01 01:13:58.249  3121  3836 W MediaProvider: Missing volume for /system/media/audio/ringtones/Shes_All_That.ogg; assuming invalid
12-01 01:13:58.264  3121  3836 W MediaProvider: Missing volume for /system/media/audio/ringtones/SilkyWay.ogg; assuming invalid
12-01 01:13:58.270  3121  3836 W MediaProvider: Missing volume for /system/media/audio/ringtones/SitarVsSitar.ogg; assuming invalid
12-01 01:13:58.275  3121  3836 W MediaProvider: Missing volume for /system/media/audio/ringtones/Solarium.ogg; assuming invalid
12-01 01:13:58.287  3121  3836 W MediaProvider: Missing volume for /system/media/audio/ringtones/SpringyJalopy.ogg; assuming invalid
12-01 01:13:58.293  3121  3836 W MediaProvider: Missing volume for /system/media/audio/ringtones/Steppin_Out.ogg; assuming invalid
12-01 01:13:58.299  3121  3836 W MediaProvider: Missing volume for /system/media/audio/ringtones/Terminated.ogg; assuming invalid
12-01 01:13:58.310  3121  3836 W MediaProvider: Missing volume for /system/media/audio/ringtones/Testudo.ogg; assuming invalid
12-01 01:13:58.318  3121  3836 W MediaProvider: Missing volume for /system/media/audio/ringtones/Themos.ogg; assuming invalid
12-01 01:13:58.327  3121  3836 W MediaProvider: Missing volume for /system/media/audio/ringtones/Third_Eye.ogg; assuming invalid
12-01 01:13:58.335  3121  3836 W MediaProvider: Missing volume for /system/media/audio/ringtones/Thunderfoot.ogg; assuming invalid
12-01 01:13:58.340  3121  3836 W MediaProvider: Missing volume for /system/media/audio/ringtones/TwirlAway.ogg; assuming invalid
12-01 01:13:58.347  3121  3836 W MediaProvider: Missing volume for /system/media/audio/ringtones/URSAMINOR.ogg; assuming invalid
12-01 01:13:58.353  3121  3836 W MediaProvider: Missing volume for /system/media/audio/ringtones/UrsaMinor.ogg; assuming invalid
12-01 01:13:58.361  3121  3836 W MediaProvider: Missing volume for /system/media/audio/ringtones/VeryAlarmed.ogg; assuming invalid
12-01 01:13:58.364  3121  3836 W MediaProvider: Missing volume for /system/media/audio/ringtones/Vespa.ogg; assuming invalid
12-01 01:13:58.370  3121  3836 W MediaProvider: Missing volume for /system/media/audio/ringtones/World.ogg; assuming invalid
12-01 01:13:58.377  3121  3836 W MediaProvider: Missing volume for /system/media/audio/ringtones/Zeta.ogg; assuming invalid
12-01 01:13:58.389  3121  3836 W MediaProvider: Missing volume for /system/media/audio/ringtones/hydra.ogg; assuming invalid
12-01 01:13:58.408  3121  3836 W MediaProvider: Missing volume for /system/media/audio/ui/Dock.ogg; assuming invalid
12-01 01:13:58.417  3121  3836 W MediaProvider: Missing volume for /system/media/audio/ui/Effect_Tick.ogg; assuming invalid
12-01 01:13:58.428  3121  3836 W MediaProvider: Missing volume for /system/media/audio/ui/KeypressDelete.ogg; assuming invalid
12-01 01:13:58.441  3121  3836 W MediaProvider: Missing volume for /system/media/audio/ui/KeypressInvalid.ogg; assuming invalid
12-01 01:13:58.453  3121  3836 W MediaProvider: Missing volume for /system/media/audio/ui/KeypressReturn.ogg; assuming invalid
12-01 01:13:58.482  2221  2928 E MetadataRetrieverClient: failed to extract an album art
12-01 01:13:58.489  3121  3836 W MediaProvider: Missing volume for /system/media/audio/ui/KeypressSpacebar.ogg; assuming invalid
12-01 01:13:58.503  3121  3836 W MediaProvider: Missing volume for /system/media/audio/ui/KeypressStandard.ogg; assuming invalid
12-01 01:13:58.520  3121  3836 W MediaProvider: Missing volume for /system/media/audio/ui/Lock.ogg; assuming invalid
12-01 01:13:58.531  3121  3836 W MediaProvider: Missing volume for /system/media/audio/ui/LowBattery.ogg; assuming invalid
12-01 01:13:58.539  3121  3836 W MediaProvider: Missing volume for /system/media/audio/ui/Trusted.ogg; assuming invalid
12-01 01:13:58.543  3121  3836 W MediaProvider: Missing volume for /system/media/audio/ui/Undock.ogg; assuming invalid
12-01 01:13:58.551  3121  3836 W MediaProvider: Missing volume for /system/media/audio/ui/Unlock.ogg; assuming invalid
12-01 01:13:58.558  3121  3836 W MediaProvider: Missing volume for /system/media/audio/ui/VideoRecord.ogg; assuming invalid
12-01 01:13:58.567  3121  3836 W MediaProvider: Missing volume for /system/media/audio/ui/WirelessChargingStarted.ogg; assuming invalid
12-01 01:13:58.574  3121  3836 W MediaProvider: Missing volume for /system/media/audio/ui/camera_click.ogg; assuming invalid
12-01 01:13:58.580  3121  3836 W MediaProvider: Missing volume for /system/media/audio/ui/camera_focus.ogg; assuming invalid
12-01 01:13:58.678  3121  3131 W art     : Suspending all threads took: 7.019ms
12-01 01:13:58.973  3321  4484 I iu.UploadsManager: #reloadSettings(); account: -1; IU: disabled; IS: disabled; IS account: -1; photoWiFi: true; videoWiFi: true; roam: false; battery: true; size: STANDARD; maxMobile: 157286400
12-01 01:13:59.262  3321  4484 I iu.UploadsManager: End new media; added: 0, uploading: 0, time: 288 ms
12-01 01:13:59.490  3121  3836 V MediaScanner: pruneDeadThumbnailFiles... android.database.sqlite.SQLiteCursor@fa4061
12-01 01:13:59.491  3121  3836 V MediaScanner: /pruneDeadThumbnailFiles... android.database.sqlite.SQLiteCursor@fa4061
12-01 01:13:59.528  2493  2704 I ActivityManager: Killing 3779:com.android.keychain/1000 (adj 15): empty #17
12-01 01:14:00.571  1233  1301 D hwcomposer: hw_composer sent 130 syncs in 63s
12-01 01:14:02.888  2211  3950 W SocketClient: write error (Broken pipe)
12-01 01:14:02.980  3881  3940 E DG      : FSC error
12-01 01:14:03.393  2493  3792 I AccountManagerService: getTypesVisibleToCaller: isPermitted? true
12-01 01:14:03.403  3881  3940 E DG      : FSC error
12-01 01:14:03.471  3881  3891 W art     : Suspending all threads took: 6.101ms
12-01 01:14:03.955  2493  3033 I AccountManagerService: getTypesVisibleToCaller: isPermitted? true
12-01 01:14:03.971  3881  3940 E DG      : FSC error
12-01 01:14:04.133  3989  4486 W ConfigurationChimeraPro: Got null configs for com.google.android.gms.auth.account.base
12-01 01:14:04.144  2493  3033 I AccountManagerService: getTypesVisibleToCaller: isPermitted? true
12-01 01:14:04.474  2493  2702 I AccountManagerService: getTypesVisibleToCaller: isPermitted? true
12-01 01:14:04.690  3989  4489 I VacuumService: Vacuum at: now=1512090844684 tag=VacuumService
12-01 01:14:05.349  2493  2701 I AccountManagerService: getTypesVisibleToCaller: isPermitted? true
12-01 01:14:05.944  3989  3999 I art     : Background sticky concurrent mark sweep GC freed 39887(3MB) AllocSpace objects, 0(0B) LOS objects, 31% free, 8MB/11MB, paused 6.871ms total 120.080ms
12-01 01:14:06.083  3321  4499 I GCM-GMS : Registering GMS 745476177629
12-01 01:14:06.168  3989  4072 E GCM     : Missing checkin config file
12-01 01:14:06.168  3989  4072 W GCM     : GCM FAILED TO INITIALIZE - missing checkin
12-01 01:14:06.170  3321  4499 W GCM-GMS : Failed to get registration: java.io.IOException: AUTHENTICATION_FAILED
12-01 01:14:06.438  2493  2505 I AccountManagerService: getTypesVisibleToCaller: isPermitted? true
12-01 01:14:06.442  2493  3979 I AccountManagerService: getTypesVisibleToCaller: isPermitted? true
12-01 01:14:06.657  2493  2505 I AccountManagerService: getTypesVisibleToCaller: isPermitted? true
12-01 01:14:06.894  2493  2703 I AccountManagerService: getTypesVisibleToCaller: isPermitted? true
12-01 01:14:09.009  2493  2508 W art     : Long monitor contention event with owner method=android.app.IActivityManager$ContentProviderHolder com.android.server.am.ActivityManagerService.getContentProviderImpl(android.app.IApplicationThread, java.lang.String, android.os.IBinder, boolean, int) from ActivityManagerService.java:9413 waiters=0 for 109ms
12-01 01:14:09.593  3321  4506 I iu.UploadsManager: End new media; added: 0, uploading: 0, time: 732 ms
12-01 01:14:10.951  2493  3979 I AccountManagerService: getTypesVisibleToCaller: isPermitted? true
12-01 01:14:11.714  3321  3648 I CheckinUtil: Classify the device as Phone.
12-01 01:14:12.331  3321  3648 I ProcessCheckinRequest: cookie is null
12-01 01:14:16.944  3321  3486 I CastDatabase: Saving the database
12-01 01:14:16.978  3321  3486 I SQLiteCastStore: [CastNetworkInfo] saved: 0, skipped: 0, [CastDeviceInfo]: saved 0, skipped 0, Paired Guest Mode DeviceInfo] saved: 0, skipped: 0.
12-01 01:14:17.762  2493  3379 D NetworkMonitor/NetworkAgentInfo [MOBILE (LTE) - 100]: Probably not a portal: exception java.net.UnknownHostException: Unable to resolve host "connectivitycheck.gstatic.com": No address associated with hostname
12-01 01:14:17.766  2493  2564 D ConnectivityService: NetworkAgentInfo [MOBILE (LTE) - 100] validation failed
12-01 01:14:18.363  3321  4138 E FontsHttpClientDL: Download https://fonts.gstatic.com/s/a/directory009.pb failed
12-01 01:14:18.770  2493  3379 D NetworkMonitor/NetworkAgentInfo [MOBILE (LTE) - 100]: Probably not a portal: exception java.net.UnknownHostException: Unable to resolve host "connectivitycheck.gstatic.com": No address associated with hostname
12-01 01:14:18.780  2493  2564 D ConnectivityService: NetworkAgentInfo [MOBILE (LTE) - 100] validation failed
12-01 01:14:20.293  2493  2507 I ActivityManager: Waited long enough for: ServiceRecord{2afe834 u0 com.google.android.gms/.chimera.GmsIntentOperationService}
12-01 01:14:28.564  4513  4513 W dex2oat : Unexpected CPU variant for X86 using defaults: x86
12-01 01:14:28.568  4513  4513 W dex2oat : Mismatch between dex2oat instruction set features (ISA: X86 Feature string: smp,-ssse3,-sse4.1,-sse4.2,-avx,-avx2) and those of dex2oat executable (ISA: X86 Feature string: smp,ssse3,-sse4.1,-sse4.2,-avx,-avx2) for the command line:
12-01 01:14:28.568  4513  4513 W dex2oat : /system/bin/dex2oat --runtime-arg -classpath --runtime-arg  --instruction-set=x86 --instruction-set-features=smp,ssse3,-sse4.1,-sse4.2,-avx,-avx2 --runtime-arg -Xrelocate --boot-image=/system/framework/boot.art --runtime-arg -Xms64m --runtime-arg -Xmx512m --instruction-set-variant=x86 --instruction-set-features=default --dex-file=/data/user/0/com.google.android.gms/app_fb/f.apk --oat-file=/data/user/0/com.google.android.gms/app_fb/f.dex
12-01 01:14:28.569  4513  4513 I dex2oat : /system/bin/dex2oat --dex-file=/data/user/0/com.google.android.gms/app_fb/f.apk --oat-file=/data/user/0/com.google.android.gms/app_fb/f.dex
12-01 01:14:28.831  4513  4513 I dex2oat : dex2oat took 267.282ms (threads: 2) arena alloc=260KB java alloc=39KB native alloc=1345KB free=1214KB
12-01 01:14:28.840  3881  3893 W System  : ClassLoader referenced unknown path: 
12-01 01:14:28.854  3881  3893 D         : HostConnection::get() New Host Connection established 0xad955580, tid 3893
12-01 01:14:28.855  3881  3893 W         : Unrecognized GLES max version string in extensions: ANDROID_EMU_CHECKSUM_HELPER_v1 ANDROID_EMU_dma_v1 
12-01 01:14:28.875  3881  3893 D EGL_emulation: eglCreateContext: 0xab1a2a80: maj 2 min 0 rcv 2
12-01 01:14:28.882  3881  3893 D EGL_emulation: eglMakeCurrent: 0xab1a2a80: ver 2 0 (tinfo 0xab2cc590)
12-01 01:14:46.499  2493  3792 I AccountManagerService: getTypesVisibleToCaller: isPermitted? true
12-01 01:14:46.534  2493  2600 I AccountManagerService: getTypesVisibleToCaller: isPermitted? true
12-01 01:14:46.539  2493  3033 I AccountManagerService: getTypesVisibleToCaller: isPermitted? true
12-01 01:14:46.541  2493  2504 I AccountManagerService: getTypesVisibleToCaller: isPermitted? true
12-01 01:14:46.555  3321  4518 W System  : ClassLoader referenced unknown path: /system/priv-app/PrebuiltGmsCore/lib/x86
12-01 01:14:46.652  2493  2702 I AccountManagerService: getTypesVisibleToCaller: isPermitted? true
12-01 01:14:46.798  2493  3979 I AccountManagerService: getTypesVisibleToCaller: isPermitted? true
12-01 01:14:46.902  2493  3979 I AccountManagerService: getTypesVisibleToCaller: isPermitted? true
12-01 01:14:46.921  2493  2704 I AccountManagerService: getTypesVisibleToCaller: isPermitted? true
12-01 01:14:46.922  2493  2504 I AccountManagerService: getTypesVisibleToCaller: isPermitted? true
12-01 01:14:46.923  2493  4212 I AccountManagerService: getTypesVisibleToCaller: isPermitted? true
12-01 01:14:46.928  3321  4518 W System  : ClassLoader referenced unknown path: /system/priv-app/PrebuiltGmsCore/lib/x86
12-01 01:14:46.933  2493  3225 I AccountManagerService: getTypesVisibleToCaller: isPermitted? true
12-01 01:14:47.759  2493  2503 I art     : Background partial concurrent mark sweep GC freed 48059(3MB) AllocSpace objects, 1(16KB) LOS objects, 33% free, 7MB/11MB, paused 6.434ms total 97.603ms
12-01 01:14:48.390  3989  3989 I WearableService: Wearable Services not starting - Wear is not available on this device.
12-01 01:14:48.446  3989  4001 D WearableService: onGetService - Wear is not available on this device.
12-01 01:14:48.633  3989  4526 I CheckinUtil: Classify the device as Phone.
12-01 01:14:53.497  3989  3989 I WearableService: Wearable Services stopping
12-01 01:14:53.809  3321  4523 W ChimeraConfigService: Configuration fetch did not complete: 15
12-01 01:14:53.883  3321  4530 W ChmraDebugLogger: Suspected failure status/reason: [38] 15
12-01 01:14:53.933  3321  4523 I ChimeraConfigService: Scheduling checkin every 43200 seconds, with flex of 1800 seconds
12-01 01:14:53.940  2493  3033 I AccountManagerService: getTypesVisibleToCaller: isPermitted? true
12-01 01:15:00.404  1233  1301 D hwcomposer: hw_composer sent 8 syncs in 60s
12-01 01:15:01.524  3881  4010 D         : HostConnection::get() New Host Connection established 0xaec0f940, tid 4010
12-01 01:15:01.534  3881  4010 W         : Unrecognized GLES max version string in extensions: ANDROID_EMU_CHECKSUM_HELPER_v1 ANDROID_EMU_dma_v1 
12-01 01:15:01.595  3881  4010 D EGL_emulation: eglCreateContext: 0xaec14c00: maj 2 min 0 rcv 2
12-01 01:15:01.619  3881  4010 D EGL_emulation: eglMakeCurrent: 0xaec14c00: ver 2 0 (tinfo 0xaec12ca0)
12-01 01:15:07.164  2493  3792 I ActivityManager: Killing 3796:com.android.dialer/u0a5 (adj 15): empty #17
12-01 01:15:08.470  3321  3648 E ProcessCheckinRequest: CheckinNowTaskTag : Checkin failed: https://android.clients.google.com/checkin (request #0): java.net.UnknownHostException: Unable to resolve host "android.clients.google.com": No address associated with hostname
12-01 01:15:08.779  3321  3636 I EventLogChimeraService: Accumulating logs since 1512090786679
