12-01 01:12:43.117  2221  2483 W audio_hw_generic: Hardware backing HAL too slow, could only write 0 of 661 frames
12-01 01:12:43.120  2493  2533 D VoldConnector: RCV <- {200 29 Command succeeded}
12-01 01:12:43.129  2221  2483 W audio_hw_generic: Hardware backing HAL too slow, could only write 0 of 661 frames
12-01 01:12:43.146  2221  2483 W audio_hw_generic: Hardware backing HAL too slow, could only write 0 of 661 frames
12-01 01:12:43.252  2221  2483 W audio_hw_generic: Hardware backing HAL too slow, could only write 0 of 661 frames
12-01 01:12:43.253  2221  2483 W audio_hw_generic: Not supplying enough data to HAL, expected position 18154 , only wrote 15864
12-01 01:12:43.255  2221  2483 W audio_hw_generic: Not supplying enough data to HAL, expected position 15961 , only wrote 15864
12-01 01:12:43.257  2221  2483 W audio_hw_generic: Hardware backing HAL too slow, could only write 0 of 661 frames
12-01 01:12:43.260  3502  3512 W art     : Suspending all threads took: 199.293ms
12-01 01:12:43.271  2221  2483 W audio_hw_generic: Not supplying enough data to HAL, expected position 16577 , only wrote 16525
12-01 01:12:43.271  2221  2483 W audio_hw_generic: Hardware backing HAL too slow, could only write 0 of 661 frames
12-01 01:12:43.274  2221  2483 W audio_hw_generic: Hardware backing HAL too slow, could only write 0 of 661 frames
12-01 01:12:43.303  2221  2483 W audio_hw_generic: Not supplying enough data to HAL, expected position 17946 , only wrote 17847
12-01 01:12:43.380  3321  3478 I chatty  : uid=10008(com.google.android.gms) pool-9-thread-1 expire 1 line
12-01 01:12:43.579  2221  2483 W audio_hw_generic: Hardware backing HAL too slow, could only write 0 of 661 frames
12-01 01:12:43.595  2221  2483 W audio_hw_generic: Hardware backing HAL too slow, could only write 0 of 661 frames
12-01 01:12:43.609  2221  2483 W audio_hw_generic: Hardware backing HAL too slow, could only write 0 of 661 frames
12-01 01:12:43.628  2221  2483 W audio_hw_generic: Hardware backing HAL too slow, could only write 0 of 661 frames
12-01 01:12:43.639  2221  2483 W audio_hw_generic: Hardware backing HAL too slow, could only write 0 of 661 frames
12-01 01:12:43.654  2221  2483 W audio_hw_generic: Hardware backing HAL too slow, could only write 0 of 661 frames
12-01 01:12:43.669  2221  2483 W audio_hw_generic: Hardware backing HAL too slow, could only write 0 of 661 frames
12-01 01:12:43.684  2221  2483 W audio_hw_generic: Hardware backing HAL too slow, could only write 0 of 661 frames
12-01 01:12:43.719  2221  2483 W audio_hw_generic: Hardware backing HAL too slow, could only write 0 of 661 frames
12-01 01:12:43.729  2221  2483 W audio_hw_generic: Hardware backing HAL too slow, could only write 0 of 661 frames
12-01 01:12:43.761  2221  2483 W audio_hw_generic: Hardware backing HAL too slow, could only write 0 of 661 frames
12-01 01:12:43.778  2221  2483 W audio_hw_generic: Hardware backing HAL too slow, could only write 0 of 661 frames
12-01 01:12:43.790  2221  2483 W audio_hw_generic: Hardware backing HAL too slow, could only write 0 of 661 frames
12-01 01:12:43.809  2221  2483 W audio_hw_generic: Hardware backing HAL too slow, could only write 0 of 661 frames
12-01 01:12:43.821  2221  2483 W audio_hw_generic: Hardware backing HAL too slow, could only write 0 of 661 frames
12-01 01:12:43.835  2221  2483 W audio_hw_generic: Hardware backing HAL too slow, could only write 0 of 661 frames
12-01 01:12:43.850  2221  2483 W audio_hw_generic: Hardware backing HAL too slow, could only write 0 of 661 frames
12-01 01:12:43.866  2221  2483 W audio_hw_generic: Hardware backing HAL too slow, could only write 0 of 661 frames
12-01 01:12:43.910  3270  3532 I chatty  : uid=10008 com.google.android.gms.persistent expire 3 lines
12-01 01:12:43.938  3321  3484 I chatty  : uid=10008(com.google.android.gms) expire 3 lines
12-01 01:12:43.971  2493  2504 I AccountManagerService: getTypesVisibleToCaller: isPermitted? true
12-01 01:12:44.039  3321  3538 I chatty  : uid=10008(com.google.android.gms) expire 1 line
12-01 01:12:44.163  2221  2483 W audio_hw_generic: Hardware backing HAL too slow, could only write 0 of 661 frames
12-01 01:12:44.179  2221  2483 W audio_hw_generic: Hardware backing HAL too slow, could only write 0 of 661 frames
12-01 01:12:44.493  2221  2483 W audio_hw_generic: Hardware backing HAL too slow, could only write 0 of 661 frames
12-01 01:12:44.508  2221  2483 W audio_hw_generic: Hardware backing HAL too slow, could only write 0 of 661 frames
12-01 01:12:44.526  2221  2483 W audio_hw_generic: Hardware backing HAL too slow, could only write 0 of 661 frames
12-01 01:12:44.982  3270  3534 I chatty  : uid=10008 com.google.android.gms.persistent expire 2 lines
12-01 01:12:45.093  2221  2483 W audio_hw_generic: Hardware backing HAL too slow, could only write 0 of 661 frames
12-01 01:12:45.108  2221  2483 W audio_hw_generic: Hardware backing HAL too slow, could only write 0 of 661 frames
12-01 01:12:45.123  2221  2483 W audio_hw_generic: Hardware backing HAL too slow, could only write 0 of 661 frames
12-01 01:12:45.137  2221  2483 W audio_hw_generic: Hardware backing HAL too slow, could only write 0 of 661 frames
12-01 01:12:45.152  2221  2483 W audio_hw_generic: Hardware backing HAL too slow, could only write 0 of 661 frames
12-01 01:12:45.167  2221  2483 W audio_hw_generic: Hardware backing HAL too slow, could only write 0 of 661 frames
12-01 01:12:45.183  2221  2483 W audio_hw_generic: Hardware backing HAL too slow, could only write 0 of 661 frames
12-01 01:12:45.199  2221  2483 W audio_hw_generic: Hardware backing HAL too slow, could only write 0 of 661 frames
12-01 01:12:45.329  3587  3587 I chatty  : uid=10008(com.google.android.gms) /system/bin/dex2oat expire 6 lines
12-01 01:12:45.400  2493  2701 I AccountManagerService: getTypesVisibleToCaller: isPermitted? false
12-01 01:12:45.469  3270  3582 I chatty  : uid=10008 com.google.android.gms.persistent expire 3 lines
12-01 01:12:45.737  2493  2503 I art     : Background partial concurrent mark sweep GC freed 13636(1134KB) AllocSpace objects, 12(668KB) LOS objects, 33% free, 6MB/10MB, paused 6.130ms total 83.416ms
12-01 01:12:45.812  2221  2483 W audio_hw_generic: Hardware backing HAL too slow, could only write 0 of 661 frames
12-01 01:12:45.827  2221  2483 W audio_hw_generic: Hardware backing HAL too slow, could only write 0 of 661 frames
12-01 01:12:45.842  2221  2483 W audio_hw_generic: Hardware backing HAL too slow, could only write 0 of 661 frames
12-01 01:12:45.857  2221  2483 W audio_hw_generic: Hardware backing HAL too slow, could only write 0 of 661 frames
12-01 01:12:45.943  2221  2484 W audio_hw_generic: Not supplying enough data to HAL, expected position 249808 , only wrote 134183
12-01 01:12:46.201  3270  3599 I chatty  : uid=10008 com.google.android.gms.persistent expire 2 lines
12-01 01:12:46.207  2493  2504 I AccountManagerService: getTypesVisibleToCaller: isPermitted? true
12-01 01:12:46.220  2493  2601 I AccountManagerService: getTypesVisibleToCaller: isPermitted? true
12-01 01:12:46.240  2493  2601 I AccountManagerService: getTypesVisibleToCaller: isPermitted? true
12-01 01:12:46.318  3270  3270 I chatty  : uid=10008 com.google.android.gms.persistent expire 10 lines
12-01 01:12:46.503  3270  3604 I chatty  : uid=10008 com.google.android.gms.persistent expire 1 line
12-01 01:12:46.577  2493  2504 I AccountManagerService: getTypesVisibleToCaller: isPermitted? false
12-01 01:12:46.752  2493  2531 I InputReader: Reconfiguring input devices.  changes=0x00000010
12-01 01:12:46.835  3502  3512 W art     : Suspending all threads took: 153.408ms
12-01 01:12:47.061  3608  3608 I chatty  : uid=10008(com.google.android.gms) /system/bin/dex2oat expire 7 lines
12-01 01:12:47.328  2493  2601 I AccountManagerService: getTypesVisibleToCaller: isPermitted? true
12-01 01:12:47.339  3321  3479 I chatty  : uid=10008(com.google.android.gms) expire 2 lines
12-01 01:12:47.405  2493  2703 I AccountManagerService: getTypesVisibleToCaller: isPermitted? true
12-01 01:12:47.416  2493  3032 I AccountManagerService: getTypesVisibleToCaller: isPermitted? true
12-01 01:12:47.424  2493  2704 I AccountManagerService: getTypesVisibleToCaller: isPermitted? true
12-01 01:12:47.937  3502  3502 D StrictMode: StrictMode policy violation; ~duration=3171 ms: android.os.StrictMode$StrictModeDiskReadViolation: policy=65567 violation=2
12-01 01:12:47.937  3502  3502 D StrictMode: 	at android.os.StrictMode$AndroidBlockGuardPolicy.onReadFromDisk(StrictMode.java:1263)
12-01 01:12:47.937  3502  3502 D StrictMode: 	at libcore.io.BlockGuardOs.access(BlockGuardOs.java:67)
12-01 01:12:47.937  3502  3502 D StrictMode: 	at java.io.File.doAccess(File.java:281)
12-01 01:12:47.937  3502  3502 D StrictMode: 	at java.io.File.exists(File.java:361)
12-01 01:12:47.937  3502  3502 D StrictMode: 	at android.app.ContextImpl.createFilesDirLocked(ContextImpl.java:418)
12-01 01:12:47.937  3502  3502 D StrictMode: 	at android.app.ContextImpl.getFilesDir(ContextImpl.java:441)
12-01 01:12:47.937  3502  3502 D StrictMode: 	at android.app.ContextImpl.openFileInput(ContextImpl.java:383)
12-01 01:12:47.937  3502  3502 D StrictMode: 	at android.content.ContextWrapper.openFileInput(ContextWrapper.java:177)
12-01 01:12:47.937  3502  3502 D StrictMode: 	at com.google.android.apps.gmm.shared.i.h.a(PG:250)
12-01 01:12:47.937  3502  3502 D StrictMode: 	at com.google.android.apps.gmm.map.m.q.a(PG:8693)
12-01 01:12:47.937  3502  3502 D StrictMode: 	at com.google.android.apps.gmm.shared.f.a.a(PG:48)
12-01 01:12:47.937  3502  3502 D StrictMode: 	at com.google.android.apps.gmm.map.m.e.a(PG:1531)
12-01 01:12:47.937  3502  3502 D StrictMode: 	at com.google.android.apps.gmm.base.app.a.a(PG:244)
12-01 01:12:47.937  3502  3502 D StrictMode: 	at com.google.android.apps.gmm.base.app.a.a(PG:2265)
12-01 01:12:47.937  3502  3502 D StrictMode: 	at com.google.android.apps.gmm.base.app.GoogleMapsApplication.a(PG:206)
12-01 01:12:47.937  3502  3502 D StrictMode: 	at com.google.android.apps.gmm.base.app.GoogleMapsApplication.onCreate(PG:174)
12-01 01:12:47.937  3502  3502 D StrictMode: 	at android.app.Instrumentation.callApplicationOnCreate(Instrumentation.java:1013)
12-01 01:12:47.937  3502  3502 D StrictMode: 	at android.app.ActivityThread.handleBindApplication(ActivityThread.java:4707)
12-01 01:12:47.937  3502  3502 D StrictMode: 	at android.app.ActivityThread.-wrap1(ActivityThread.java)
12-01 01:12:47.937  3502  3502 D StrictMode: 	at android.app.ActivityThread$H.handleMessage(ActivityThread.java:1405)
12-01 01:12:47.937  3502  3502 D StrictMode: 	at android.os.Handler.dispatchMessage(Handler.java:102)
12-01 01:12:47.937  3502  3502 D StrictMode: 	at android.os.Looper.loop(Looper.java:148)
12-01 01:12:47.937  3502  3502 D StrictMode: 	at android.app.ActivityThread.main(ActivityThread.java:5417)
12-01 01:12:47.937  3502  3502 D StrictMode: 	at java.lang.reflect.Method.invoke(Native Method)
12-01 01:12:47.937  3502  3502 D StrictMode: 	at com.android.internal.os.ZygoteInit$MethodAndArgsCaller.run(ZygoteInit.java:726)
12-01 01:12:47.937  3502  3502 D StrictMode: 	at com.android.internal.os.ZygoteInit.main(ZygoteInit.java:616)
12-01 01:12:47.938  3502  3502 D StrictMode: StrictMode policy violation; ~duration=3170 ms: android.os.StrictMode$StrictModeDiskReadViolation: policy=65567 violation=2
12-01 01:12:47.938  3502  3502 D StrictMode: 	at android.os.StrictMode$AndroidBlockGuardPolicy.onReadFromDisk(StrictMode.java:1263)
12-01 01:12:47.938  3502  3502 D StrictMode: 	at libcore.io.BlockGuardOs.open(BlockGuardOs.java:182)
12-01 01:12:47.938  3502  3502 D StrictMode: 	at libcore.io.IoBridge.open(IoBridge.java:438)
12-01 01:12:47.938  3502  3502 D StrictMode: 	at java.io.FileInputStream.<init>(FileInputStream.java:76)
12-01 01:12:47.938  3502  3502 D StrictMode: 	at android.app.ContextImpl.openFileInput(ContextImpl.java:384)
12-01 01:12:47.938  3502  3502 D StrictMode: 	at android.content.ContextWrapper.openFileInput(ContextWrapper.java:177)
12-01 01:12:47.938  3502  3502 D StrictMode: 	at com.google.android.apps.gmm.shared.i.h.a(PG:250)
12-01 01:12:47.938  3502  3502 D StrictMode: 	at com.google.android.apps.gmm.map.m.q.a(PG:8693)
12-01 01:12:47.938  3502  3502 D StrictMode: 	at com.google.android.apps.gmm.shared.f.a.a(PG:48)
12-01 01:12:47.938  3502  3502 D StrictMode: 	at com.google.android.apps.gmm.map.m.e.a(PG:1531)
12-01 01:12:47.938  3502  3502 D StrictMode: 	at com.google.android.apps.gmm.base.app.a.a(PG:244)
12-01 01:12:47.938  3502  3502 D StrictMode: 	at com.google.android.apps.gmm.base.app.a.a(PG:2265)
12-01 01:12:47.938  3502  3502 D StrictMode: 	at com.google.android.apps.gmm.base.app.GoogleMapsApplication.a(PG:206)
12-01 01:12:47.938  3502  3502 D StrictMode: 	at com.google.android.apps.gmm.base.app.GoogleMapsApplication.onCreate(PG:174)
12-01 01:12:47.938  3502  3502 D StrictMode: 	at android.app.Instrumentation.callApplicationOnCreate(Instrumentation.java:1013)
12-01 01:12:47.938  3502  3502 D StrictMode: 	at android.app.ActivityThread.handleBindApplication(ActivityThread.java:4707)
12-01 01:12:47.938  3502  3502 D StrictMode: 	at android.app.ActivityThread.-wrap1(ActivityThread.java)
12-01 01:12:47.938  3502  3502 D StrictMode: 	at android.app.ActivityThread$H.handleMessage(ActivityThread.java:1405)
12-01 01:12:47.938  3502  3502 D StrictMode: 	at android.os.Handler.dispatchMessage(Handler.java:102)
12-01 01:12:47.938  3502  3502 D StrictMode: 	at android.os.Looper.loop(Looper.java:148)
12-01 01:12:47.938  3502  3502 D StrictMode: 	at android.app.ActivityThread.main(ActivityThread.java:5417)
12-01 01:12:47.938  3502  3502 D StrictMode: 	at java.lang.reflect.Method.invoke(Native Method)
12-01 01:12:47.938  3502  3502 D StrictMode: 	at com.android.internal.os.ZygoteInit$MethodAndArgsCaller.run(ZygoteInit.java:726)
12-01 01:12:47.938  3502  3502 D StrictMode: 	at com.android.internal.os.ZygoteInit.main(ZygoteInit.java:616)
12-01 01:12:48.047  2493  2493 I AccountManagerService: getTypesVisibleToCaller: isPermitted? true
12-01 01:12:48.060  3321  3581 I chatty  : uid=10008(com.google.android.gms) expire 14 lines
12-01 01:12:48.127  3502  3512 W art     : Suspending all threads took: 16.482ms
12-01 01:12:48.157  2493  2505 I AccountManagerService: getTypesVisibleToCaller: isPermitted? true
12-01 01:12:48.319  3270  3616 I chatty  : uid=10008 com.google.android.gms.persistent expire 1 line
12-01 01:12:48.486  3321  3625 I chatty  : uid=10008(com.google.android.gms) expire 4 lines
12-01 01:12:48.736  3502  3622 W ActivityThread: ClassLoader.loadClass: The class loader returned by Thread.getContextClassLoader() may fail for processes that host multiple applications. You should explicitly specify a context class loader. For example: Thread.setContextClassLoader(getClass().getClassLoader());
12-01 01:12:49.060  2493  3033 I AccountManagerService: getTypesVisibleToCaller: isPermitted? true
12-01 01:12:49.358  3321  3636 I chatty  : uid=10008(com.google.android.gms) highpool[1] expire 5 lines
12-01 01:12:49.508  2493  2601 I AccountManagerService: getTypesVisibleToCaller: isPermitted? true
12-01 01:12:49.711  3270  3558 I chatty  : uid=10008 com.google.android.gms.persistent expire 1 line
12-01 01:12:50.030  3502  3560 W com.google.a.a.b.d.a: Application name is not set. Call Builder#setApplicationName.
12-01 01:12:50.366  3608  3612 I chatty  : uid=10008(com.google.android.gms) /system/bin/dex2oat expire 6 lines
12-01 01:12:50.484  3321  3648 I chatty  : uid=10008(com.google.android.gms) highpool[3] expire 13 lines
12-01 01:12:50.607  3502  3560 E BluetoothAdapter: Bluetooth binder is null
12-01 01:12:50.858  3321  3539 I chatty  : uid=10008(com.google.android.gms) expire 1 line
12-01 01:12:50.884  3502  3554 W art     : Long monitor contention event with owner method=void com.google.android.apps.gmm.notification.z.<init>(android.content.Context) from PG:33 waiters=0 for 2.750s
12-01 01:12:50.973  2493  3033 I ActivityManager: Start proc 3659:com.android.settings/1000 for broadcast com.android.settings/.sim.SimSelectNotification
12-01 01:12:51.038  3659  3659 W System  : ClassLoader referenced unknown path: /system/priv-app/Settings/lib/x86
12-01 01:12:51.324  3321  3652 I chatty  : uid=10008(com.google.android.gms) expire 10 lines
12-01 01:12:51.473  2493  2504 I ActivityManager: Start proc 3675:com.android.calendar/u0a22 for broadcast com.android.calendar/.widget.CalendarAppWidgetService$CalendarFactory
12-01 01:12:51.540  3321  3613 I chatty  : uid=10008(com.google.android.gms) expire 11 lines
12-01 01:12:51.728  3675  3675 W System  : ClassLoader referenced unknown path: /system/app/Calendar/lib/x86
12-01 01:12:51.964  2493  3032 I AccountManagerService: getTypesVisibleToCaller: isPermitted? true
12-01 01:12:52.214  3321  3461 I chatty  : uid=10008(com.google.android.gms) expire 18 lines
12-01 01:12:52.242  3675  3675 D ExtensionsFactory: No custom extensions.
12-01 01:12:52.397  2493  2505 I ActivityManager: Start proc 3695:com.android.deskclock/u0a26 for broadcast com.android.deskclock/.AlarmInitReceiver
12-01 01:12:52.536  3695  3695 W System  : ClassLoader referenced unknown path: /system/app/DeskClock/lib/x86
12-01 01:12:52.588  2493  2704 I ActivityManager: Start proc 3708:com.android.providers.calendar/u0a1 for content provider com.android.providers.calendar/.CalendarProvider2
12-01 01:12:52.722  3708  3708 W System  : ClassLoader referenced unknown path: /system/priv-app/CalendarProvider/lib/x86
12-01 01:12:52.787  3695  3695 V AlarmClock: AlarmInitReceiver android.intent.action.TIME_SET
12-01 01:12:53.087  3708  3708 I CalendarDatabaseHelper: Bootstrapping database
12-01 01:12:53.195  3695  3724 I AlarmClock: Alarms Table created
12-01 01:12:53.197  3695  3724 I AlarmClock: Instance table created
12-01 01:12:53.198  3695  3724 I AlarmClock: Cities table created
12-01 01:12:53.198  3695  3724 I AlarmClock: Inserting default alarms
12-01 01:12:53.208  3708  3708 I CalendarProvider2: Created com.android.providers.calendar.CalendarAlarmManager@3f7cbb9(com.android.providers.calendar.CalendarProvider2@aaa4bfe)
12-01 01:12:53.308  3695  3724 V AlarmClock: AlarmInitReceiver finished
12-01 01:12:53.314  2493  3032 I AccountManagerService: getTypesVisibleToCaller: isPermitted? true
12-01 01:12:53.868  2493  3032 I ActivityManager: Start proc 3729:com.android.messaging/u0a51 for broadcast com.android.messaging/.receiver.DefaultSmsSubscriptionChangeReceiver
12-01 01:12:53.997  3729  3729 W System  : ClassLoader referenced unknown path: /system/app/messaging/lib/x86
12-01 01:12:54.057  3055  3266 E AppDataSearchHelper: Could not connect to AppDataSearch for onTableChanged, error 14
12-01 01:12:54.058  3055  3266 W AppDataSearchHelper: Table change notification failed for com.google.android.gms.appdatasearch.a.h@be7fd6a1
12-01 01:12:54.346  3055  3266 I UpdateIcingCorporaServi: UpdateCorporaTask done [took 31850 ms] updated apps [took 31564 ms] updated contacts [took 286 ms]
12-01 01:12:54.392  3055  3266 I UpdateIcingCorporaServi: Updating corpora: APPS=com.google.android.googlequicksearchbox, CONTACTS=MAYBE
12-01 01:12:54.400  3708  3708 I CalendarProvider2: Sending notification intent: Intent { act=android.intent.action.PROVIDER_CHANGED dat=content://com.android.calendar }
12-01 01:12:54.401  3708  3708 W ContentResolver: Failed to get type for: content://com.android.calendar (Unknown URL content://com.android.calendar)
12-01 01:12:54.402  3055  3266 I UpdateIcingCorporaServi: UpdateCorporaTask done [took 10 ms] updated apps [took 9 ms] 
12-01 01:12:54.462  3055  3266 I UpdateIcingCorporaServi: Updating corpora: APPS=com.google.android.gsf, CONTACTS=MAYBE
12-01 01:12:54.474  3055  3266 I UpdateIcingCorporaServi: UpdateCorporaTask done [took 12 ms] updated apps [took 11 ms] 
12-01 01:12:54.506  3055  3266 I UpdateIcingCorporaServi: Updating corpora: APPS=com.android.settings, CONTACTS=MAYBE
12-01 01:12:54.562  3055  3266 I UpdateIcingCorporaServi: UpdateCorporaTask done [took 55 ms] updated apps [took 55 ms] 
12-01 01:12:54.988  3729  3749 I MessagingApp: Upgrading shared prefs from -1 to 1
12-01 01:12:55.150  3729  3750 W MessagingApp: Rebuilt databases: reseting related state
12-01 01:12:55.200  3729  3729 I MessagingApp: Carrier config changed. Reloading MMS config.
12-01 01:12:55.210  3729  3751 I MessagingAppDataModel: Fixup: Send failed - 0 Download failed - 0
12-01 01:12:55.457  3729  3755 I MessagingAppDataModel: SyncMessagesAction: Starting batch for messages from -1 to 1512090774941 (message update limit = 80, message scan limit = 4000)
12-01 01:12:55.609  3729  3752 W MessagingApp: canonicalizeMccMnc: invalid mccmnc:null ,null
12-01 01:12:55.761  2493  3225 D MmsServiceBroker: getCarrierConfigValues() by com.android.messaging
12-01 01:12:55.761  2493  3225 W MmsServiceBroker: MmsService not connected. Try connecting...
12-01 01:12:55.762  2493  2493 I MmsServiceBroker: Connecting to MmsService
12-01 01:12:55.762  2493  2493 W ContextImpl: Calling a method in the system process without a qualified user: android.app.ContextImpl.bindService:1285 com.android.server.MmsServiceBroker.tryConnecting:240 com.android.server.MmsServiceBroker.-wrap3:-1 com.android.server.MmsServiceBroker$1.handleMessage:82 android.os.Handler.dispatchMessage:102 
12-01 01:12:55.799  2977  2977 W System  : ClassLoader referenced unknown path: /system/priv-app/MmsService/lib/x86
12-01 01:12:55.838  2977  2977 D MmsService: onCreate
12-01 01:12:55.851  3055  3418 W RefreshDomainCookieTask: Search parameters fetch failed: com.google.android.apps.gsa.shared.api.io.GsaIOException: Error code: 655362
12-01 01:12:55.853  3055  3418 W RefreshDomainCookieTask: Search parameters fetch failed
12-01 01:12:55.891  2493  2493 I MmsServiceBroker: MmsService connected
12-01 01:12:55.898  2977  3757 D MmsService: getCarrierConfigValues
12-01 01:12:55.898  2977  3757 I MmsService: mms config for sub 1: null
12-01 01:12:55.906  2977  3761 I MmsService: MmsConfigManager loads in background mcc/mnc: 310/260
12-01 01:12:55.911  3729  3752 I MessagingApp: Carrier configs loaded: Bundle[{maxImageHeight=1944, maxMessageSize=1048576, maxImageWidth=2592}] from resources+system for subId=1
12-01 01:12:56.219  3729  3752 W MessagingApp: canonicalizeMccMnc: invalid mccmnc:null ,null
12-01 01:12:56.224  2493  2702 D MmsServiceBroker: getCarrierConfigValues() by com.android.messaging
12-01 01:12:56.224  2977  3754 D MmsService: getCarrierConfigValues
12-01 01:12:56.224  2977  3754 I MmsService: mms config for sub 1: Bundle[{httpSocketTimeout=60000, aliasMinChars=2, smsToMmsTextThreshold=-1, enableSMSDeliveryReports=true, maxMessageTextSize=-1, supportMmsContentDisposition=true, enabledTransID=false, aliasEnabled=false, supportHttpCharsetHeader=false, allowAttachAudio=true, smsToMmsTextLengthThreshold=-1, recipientLimit=2147483647, uaProfTagName=x-wap-profile, aliasMaxChars=48, maxImageHeight=1944, enableMMSDeliveryReports=false, userAgent=, config_cellBroadcastAppLinks=true, maxSubjectLength=40, httpParams=, enableGroupMms=true, emailGatewayNumber=, maxMessageSize=1048576, naiSuffix=, enableMMSReadReports=false, maxImageWidth=2592, uaProfUrl=, enabledMMS=false, enabledNotifyWapMMSC=false, sendMultipartSmsAsSeparateMessages=false, enableMultipartSMS=true}]
12-01 01:12:56.224  3729  3752 I MessagingApp: Carrier configs loaded: Bundle[{httpSocketTimeout=60000, aliasMinChars=2, smsToMmsTextThreshold=-1, enableSMSDeliveryReports=true, maxMessageTextSize=-1, supportMmsContentDisposition=true, enabledTransID=false, aliasEnabled=false, supportHttpCharsetHeader=false, allowAttachAudio=true, smsToMmsTextLengthThreshold=-1, recipientLimit=2147483647, uaProfTagName=x-wap-profile, aliasMaxChars=48, maxImageHeight=1944, enableMMSDeliveryReports=false, userAgent=, config_cellBroadcastAppLinks=true, maxSubjectLength=40, httpParams=, enableGroupMms=true, emailGatewayNumber=, maxMessageSize=1048576, naiSuffix=, enableMMSReadReports=false, maxImageWidth=2592, uaProfUrl=, enabledMMS=false, enabledNotifyWapMMSC=false, sendMultipartSmsAsSeparateMessages=false, enableMultipartSMS=true}] from resources+system for subId=1
12-01 01:12:56.381  3055  3768 I UpdateIcingCorporaServi: Updating corpora: APPS=com.android.sdksetup, CONTACTS=MAYBE
12-01 01:12:56.422  2493  2493 I AccountManagerService: getTypesVisibleToCaller: isPermitted? true
12-01 01:12:56.430  3055  3768 I UpdateIcingCorporaServi: UpdateCorporaTask done [took 49 ms] updated apps [took 48 ms] 
12-01 01:12:56.631  2493  3770 I ActivityManager: Start proc 3779:com.android.keychain/1000 for service com.android.keychain/.KeyChainService
12-01 01:12:56.666  3675  3685 W art     : Suspending all threads took: 58.543ms
12-01 01:12:56.732  3779  3779 W System  : ClassLoader referenced unknown path: /system/app/KeyChain/lib/x86
12-01 01:12:56.740  2493  2601 W art     : Long monitor contention event with owner method=int com.android.server.am.ActivityManagerService.bindService(android.app.IApplicationThread, android.os.IBinder, android.content.Intent, java.lang.String, android.app.IServiceConnection, int, java.lang.String, int) from ActivityManagerService.java:15911 waiters=5 for 113ms
12-01 01:12:56.752  2493  3794 I RecoverySystem: No recovery log file
12-01 01:12:56.789  2493  3032 I ActivityManager: Start proc 3796:com.android.dialer/u0a5 for broadcast com.android.dialer/.calllog.CallLogReceiver
12-01 01:12:56.830  3729  3753 W art     : Long monitor contention event with owner method=void java.lang.System.arraycopyByteUnchecked!(byte[], int, byte[], int, int) from System.java:4294967294 waiters=0 for 523ms
12-01 01:12:56.876  3321  3769 I chatty  : uid=10008(com.google.android.gms) expire 2 lines
12-01 01:12:57.126  2493  3032 I AccountManagerService: getTypesVisibleToCaller: isPermitted? true
12-01 01:12:57.139  3796  3796 W System  : ClassLoader referenced unknown path: /system/priv-app/Dialer/lib/x86
12-01 01:12:57.146  3321  3641 I chatty  : uid=10008(com.google.android.gms) expire 11 lines
12-01 01:12:57.152  3729  3765 I MessagingAppDataModel: SyncMessagesAction: All messages now in sync
12-01 01:12:57.448  3796  3796 D ExtensionsFactory: No custom extensions.
12-01 01:12:57.488  2493  2531 I InputReader: Reconfiguring input devices.  changes=0x00000010
12-01 01:12:57.508  2493  2531 I InputReader: Reconfiguring input devices.  changes=0x00000010
12-01 01:12:57.796  1233  1301 D hwcomposer: hw_composer sent 713 syncs in 68s
12-01 01:12:57.874  2493  2702 D CountryDetector: The first listener is added
12-01 01:12:57.936  2714  2729 I art     : WaitForGcToComplete blocked for 25.374ms for cause Background
12-01 01:12:58.051  2977  2977 V OtaStartupReceiver: onOtaspChanged: mOtaspMode=3
12-01 01:12:58.063  2493  2562 D WIFI    : Registering NetworkFactory
12-01 01:12:58.064  2493  2564 D ConnectivityService: Got NetworkFactory Messenger for WIFI
12-01 01:12:58.065  2493  2562 D WIFI_UT : Registering NetworkFactory
12-01 01:12:58.069  2493  2564 D ConnectivityService: Got NetworkFactory Messenger for WIFI_UT
12-01 01:12:58.071  2493  2562 D WIFI    : got request NetworkRequest [ id=1, legacyType=-1, [ Capabilities: INTERNET&NOT_RESTRICTED&TRUSTED&NOT_VPN] ] with score 10
12-01 01:12:58.073  2493  2562 D WIFI_UT : got request NetworkRequest [ id=1, legacyType=-1, [ Capabilities: INTERNET&NOT_RESTRICTED&TRUSTED&NOT_VPN] ] with score 10
12-01 01:12:58.448  3321  3647 I chatty  : uid=10008(com.google.android.gms) expire 4 lines
12-01 01:12:58.602  2493  2601 I ActivityManager: Start proc 3818:com.android.managedprovisioning/u0a10 for broadcast com.android.managedprovisioning/.BootReminder
12-01 01:12:58.697  2493  2505 W BackupManagerService: dataChanged but no participant pkg='com.android.launcher3' uid=10009
12-01 01:12:58.948  2493  3033 W art     : Long monitor contention event with owner method=boolean com.android.server.am.ActivityManagerService.unbindService(android.app.IServiceConnection) from ActivityManagerService.java:15918 waiters=2 for 225ms
12-01 01:12:59.022  2493  2601 I ActivityManager: Killing 3018:com.android.externalstorage/u0a7 (adj 15): empty #17
12-01 01:12:59.108  3818  3818 W System  : ClassLoader referenced unknown path: /system/priv-app/ManagedProvisioning/lib/x86
12-01 01:12:59.120  3321  3767 I chatty  : uid=10008(com.google.android.gms) expire 3 lines
12-01 01:12:59.401  3729  3749 W MessagingApp: canonicalizeMccMnc: invalid mccmnc:null ,null
12-01 01:12:59.707  2493  3033 D MmsServiceBroker: getCarrierConfigValues() by com.android.messaging
12-01 01:12:59.707  2977  2988 D MmsService: getCarrierConfigValues
12-01 01:12:59.708  2977  2988 I MmsService: mms config for sub 1: Bundle[{httpSocketTimeout=60000, aliasMinChars=2, smsToMmsTextThreshold=-1, enableSMSDeliveryReports=true, maxMessageTextSize=-1, supportMmsContentDisposition=true, enabledTransID=false, aliasEnabled=false, supportHttpCharsetHeader=false, allowAttachAudio=true, smsToMmsTextLengthThreshold=-1, recipientLimit=2147483647, uaProfTagName=x-wap-profile, aliasMaxChars=48, maxImageHeight=1944, enableMMSDeliveryReports=false, userAgent=, config_cellBroadcastAppLinks=true, maxSubjectLength=40, httpParams=, enableGroupMms=true, emailGatewayNumber=, maxMessageSize=1048576, naiSuffix=, enableMMSReadReports=false, maxImageWidth=2592, uaProfUrl=, enabledMMS=false, enabledNotifyWapMMSC=false, sendMultipartSmsAsSeparateMessages=false, enableMultipartSMS=true}]
12-01 01:12:59.726  3729  3749 I MessagingApp: Carrier configs loaded: Bundle[{httpSocketTimeout=60000, aliasMinChars=2, smsToMmsTextThreshold=-1, enableSMSDeliveryReports=true, maxMessageTextSize=-1, supportMmsContentDisposition=true, enabledTransID=false, aliasEnabled=false, supportHttpCharsetHeader=false, allowAttachAudio=true, smsToMmsTextLengthThreshold=-1, recipientLimit=2147483647, uaProfTagName=x-wap-profile, aliasMaxChars=48, maxImageHeight=1944, enableMMSDeliveryReports=false, userAgent=, config_cellBroadcastAppLinks=true, maxSubjectLength=40, httpParams=, enableGroupMms=true, emailGatewayNumber=, maxMessageSize=1048576, naiSuffix=, enableMMSReadReports=false, maxImageWidth=2592, uaProfUrl=, enabledMMS=false, enabledNotifyWapMMSC=false, sendMultipartSmsAsSeparateMessages=false, enableMultipartSMS=true}] from resources+system for subId=1
12-01 01:13:00.102  3121  3836 I MediaProvider: Upgrading media database from version 0 to 800, which will destroy all old data
12-01 01:13:00.278  2493  2563 D WifiService: New client listening to asynchronous messages
12-01 01:13:00.949  3121  3836 D MediaProvider: Adjusting external storage paths to: /storage/emulated/0
12-01 01:13:01.033  3121  3836 E SQLiteLog: (1) no such table: files
12-01 01:13:01.786  3321  3840 I chatty  : uid=10008(com.google.android.gms) expire 2 lines
12-01 01:13:01.798  3675  3675 D AlertReceiver: onReceive: a=android.intent.action.BOOT_COMPLETED Intent { act=android.intent.action.BOOT_COMPLETED flg=0x8000010 cmp=com.android.calendar/.alerts.AlertReceiver (has extras) }
12-01 01:13:01.844  3695  3695 V AlarmClock: AlarmInitReceiver android.intent.action.BOOT_COMPLETED
12-01 01:13:01.859  3675  3675 D AlertUtils: Flushing old alerts from shared prefs table
12-01 01:13:01.888  3675  3843 D AlertService: 0 Action = android.intent.action.BOOT_COMPLETED
12-01 01:13:01.890  2493  2600 I AccountManagerService: getTypesVisibleToCaller: isPermitted? true
12-01 01:13:01.937  3675  3843 D AlertService: Scheduling next alarm with AlarmScheduler. sEventReminderReceived: null
12-01 01:13:01.938  3121  3836 W MediaProvider: Missing volume for /system; assuming invalid
12-01 01:13:01.940  3121  3836 W MediaProvider: Missing volume for /system/media; assuming invalid
12-01 01:13:01.942  3121  3836 W MediaProvider: Missing volume for /system/media/audio; assuming invalid
12-01 01:13:01.945  3121  3836 W MediaProvider: Missing volume for /system/media/audio/alarms; assuming invalid
12-01 01:13:01.954  3695  3724 V AlarmClock: AlarmInitReceiver - Reset timers and clear stopwatch data
12-01 01:13:02.007  3675  3685 I art     : WaitForGcToComplete blocked for 71.614ms for cause Background
12-01 01:13:02.072  3695  3724 V AlarmClock: AlarmInitReceiver - resetting volume button default
12-01 01:13:02.176  3121  3131 W art     : Suspending all threads took: 40.999ms
12-01 01:13:02.186  3695  3724 V AlarmClock: AlarmInitReceiver finished
12-01 01:13:02.249  2493  2702 I AccountManagerService: getTypesVisibleToCaller: isPermitted? true
12-01 01:13:02.255  2493  2701 I AccountManagerService: getTypesVisibleToCaller: isPermitted? true
12-01 01:13:02.271  2493  2504 I AccountManagerService: getTypesVisibleToCaller: isPermitted? true
12-01 01:13:02.287  3270  3848 I chatty  : uid=10008 com.google.android.gms.persistent expire 1 line
12-01 01:13:02.415  2956  2956 I SystemBroadcastReceiver: Boot has been completed
12-01 01:13:02.415  2956  2956 I SystemBroadcastReceiver: toggleAppIcon() : FLAG_SYSTEM = true
12-01 01:13:02.503  2493  2702 I AccountManagerService: getTypesVisibleToCaller: isPermitted? true
12-01 01:13:02.521  2493  3033 I AccountManagerService: getTypesVisibleToCaller: isPermitted? true
12-01 01:13:02.534  2493  2701 I AccountManagerService: getTypesVisibleToCaller: isPermitted? true
12-01 01:13:02.537  3675  3843 D AlarmScheduler: No events found starting within 1 week.
12-01 01:13:02.547  2493  3033 I AccountManagerService: getTypesVisibleToCaller: isPermitted? true
12-01 01:13:02.577  3140  3849 I Email   : Onetime initialization: 1
12-01 01:13:02.590  3140  3849 I Email   : Onetime initialization: 2
12-01 01:13:02.596  3140  3849 I Email   : Onetime initialization: completed.
12-01 01:13:02.603  2493  2505 I AccountManagerService: getTypesVisibleToCaller: isPermitted? true
12-01 01:13:02.607  2493  3792 I AccountManagerService: getTypesVisibleToCaller: isPermitted? true
12-01 01:13:02.624  3121  3836 W MediaProvider: Missing volume for /system/media/audio/alarms/Alarm_Beep_01.ogg; assuming invalid
12-01 01:13:02.629  3099  3099 I Exchange: EasService.onCreate
12-01 01:13:02.707  3099  3852 I Exchange: RestartPingTask
12-01 01:13:02.710  3140  3140 E ActivityThread: Service com.android.email.service.EmailBroadcastProcessorService has leaked ServiceConnection com.android.emailcommon.service.ServiceProxy$ProxyConnection@7c4b1e3 that was originally bound here
12-01 01:13:02.710  3140  3140 E ActivityThread: android.app.ServiceConnectionLeaked: Service com.android.email.service.EmailBroadcastProcessorService has leaked ServiceConnection com.android.emailcommon.service.ServiceProxy$ProxyConnection@7c4b1e3 that was originally bound here
12-01 01:13:02.710  3140  3140 E ActivityThread: 	at android.app.LoadedApk$ServiceDispatcher.<init>(LoadedApk.java:1092)
12-01 01:13:02.710  3140  3140 E ActivityThread: 	at android.app.LoadedApk.getServiceDispatcher(LoadedApk.java:986)
12-01 01:13:02.710  3140  3140 E ActivityThread: 	at android.app.ContextImpl.bindServiceCommon(ContextImpl.java:1303)
12-01 01:13:02.710  3140  3140 E ActivityThread: 	at android.app.ContextImpl.bindService(ContextImpl.java:1286)
12-01 01:13:02.710  3140  3140 E ActivityThread: 	at android.content.ContextWrapper.bindService(ContextWrapper.java:604)
12-01 01:13:02.710  3140  3140 E ActivityThread: 	at com.android.emailcommon.service.ServiceProxy.setTask(ServiceProxy.java:181)
12-01 01:13:02.710  3140  3140 E ActivityThread: 	at com.android.emailcommon.service.ServiceProxy.test(ServiceProxy.java:224)
12-01 01:13:02.710  3140  3140 E ActivityThread: 	at com.android.email.service.EmailServiceUtils.isServiceAvailable(EmailServiceUtils.java:160)
12-01 01:13:02.710  3140  3140 E ActivityThread: 	at com.android.email.provider.AccountReconciler.reconcileAccountsInternal(AccountReconciler.java:171)
12-01 01:13:02.710  3140  3140 E ActivityThread: 	at com.android.email.provider.AccountReconciler.reconcileAccounts(AccountReconciler.java:115)
12-01 01:13:02.710  3140  3140 E ActivityThread: 	at com.android.email.service.EmailBroadcastProcessorService.reconcileAndStartServices(EmailBroadcastProcessorService.java:305)
12-01 01:13:02.710  3140  3140 E ActivityThread: 	at com.android.email.service.EmailBroadcastProcessorService.onBootCompleted(EmailBroadcastProcessorService.java:295)
12-01 01:13:02.710  3140  3140 E ActivityThread: 	at com.android.email.service.EmailBroadcastProcessorService.onHandleIntent(EmailBroadcastProcessorService.java:130)
12-01 01:13:02.710  3140  3140 E ActivityThread: 	at android.app.IntentService$ServiceHandler.handleMessage(IntentService.java:66)
12-01 01:13:02.710  3140  3140 E ActivityThread: 	at android.os.Handler.dispatchMessage(Handler.java:102)
12-01 01:13:02.710  3140  3140 E ActivityThread: 	at android.os.Looper.loop(Looper.java:148)
12-01 01:13:02.710  3140  3140 E ActivityThread: 	at android.os.HandlerThread.run(HandlerThread.java:61)
12-01 01:13:02.749  2221  2487 E MetadataRetrieverClient: failed to extract an album art
12-01 01:13:02.753  3140  3215 E EmailServiceProxy: RuntimeException when trying to unbind from service
12-01 01:13:02.753  3140  3215 E EmailServiceProxy: java.lang.IllegalArgumentException: Service not registered: com.android.emailcommon.service.ServiceProxy$ProxyConnection@7c4b1e3
12-01 01:13:02.753  3140  3215 E EmailServiceProxy: 	at android.app.LoadedApk.forgetServiceDispatcher(LoadedApk.java:1044)
12-01 01:13:02.753  3140  3215 E EmailServiceProxy: 	at android.app.ContextImpl.unbindService(ContextImpl.java:1337)
12-01 01:13:02.753  3140  3215 E EmailServiceProxy: 	at android.content.ContextWrapper.unbindService(ContextWrapper.java:616)
12-01 01:13:02.753  3140  3215 E EmailServiceProxy: 	at com.android.emailcommon.service.ServiceProxy$ProxyConnection$1.doInBackground(ServiceProxy.java:124)
12-01 01:13:02.753  3140  3215 E EmailServiceProxy: 	at com.android.emailcommon.service.ServiceProxy$ProxyConnection$1.doInBackground(ServiceProxy.java:113)
12-01 01:13:02.753  3140  3215 E EmailServiceProxy: 	at android.os.AsyncTask$2.call(AsyncTask.java:295)
12-01 01:13:02.753  3140  3215 E EmailServiceProxy: 	at java.util.concurrent.FutureTask.run(FutureTask.java:237)
12-01 01:13:02.753  3140  3215 E EmailServiceProxy: 	at android.os.AsyncTask$SerialExecutor$1.run(AsyncTask.java:234)
12-01 01:13:02.753  3140  3215 E EmailServiceProxy: 	at java.util.concurrent.ThreadPoolExecutor.runWorker(ThreadPoolExecutor.java:1113)
12-01 01:13:02.753  3140  3215 E EmailServiceProxy: 	at java.util.concurrent.ThreadPoolExecutor$Worker.run(ThreadPoolExecutor.java:588)
12-01 01:13:02.753  3140  3215 E EmailServiceProxy: 	at java.lang.Thread.run(Thread.java:818)
12-01 01:13:02.771  3121  3836 W MediaProvider: Missing volume for /system/media/audio/alarms/Alarm_Beep_02.ogg; assuming invalid
12-01 01:13:02.777  3121  3836 W MediaProvider: Missing volume for /system/media/audio/alarms/Alarm_Beep_03.ogg; assuming invalid
12-01 01:13:02.780  3121  3836 W MediaProvider: Missing volume for /system/media/audio/alarms/Alarm_Buzzer.ogg; assuming invalid
12-01 01:13:02.874  2977  2977 I OmtpVvmCarrierConfigHelper: Requesting VVM activation for subId: 1
12-01 01:13:02.961  3321  3856 I chatty  : uid=10008(com.google.android.gms) expire 5 lines
12-01 01:13:02.998  3854  3854 I chatty  : uid=10008(com.google.android.gms) /system/bin/dex2oat expire 12 lines
12-01 01:13:03.060  2493  2601 I AccountManagerService: getTypesVisibleToCaller: isPermitted? true
12-01 01:13:03.069  3099  3099 I Exchange: RestartPingsTask did not start any pings.
12-01 01:13:03.069  3099  3099 I Exchange: PSS stopIfIdle
12-01 01:13:03.069  3099  3099 I Exchange: PSS has no active accounts; stopping service.
12-01 01:13:03.114  3099  3099 I Exchange: onDestroy
12-01 01:13:03.158  2493  2702 I AccountManagerService: getTypesVisibleToCaller: isPermitted? true
12-01 01:13:03.175  3321  3846 I chatty  : uid=10008(com.google.android.gms) expire 10 lines
12-01 01:13:03.183  3270  3270 I chatty  : uid=10008 com.google.android.gms.persistent expire 5 lines
12-01 01:13:03.188  2493  2702 I AccountManagerService: getTypesVisibleToCaller: isPermitted? true
12-01 01:13:03.193  2493  2504 I AccountManagerService: getTypesVisibleToCaller: isPermitted? true
12-01 01:13:03.664  3270  3640 I chatty  : uid=10008 com.google.android.gms.persistent expire 1 line
12-01 01:13:03.778  2977  2977 V VvmPhoneStateListener: Signal returned: reattempting activation for 89014103211118510720
12-01 01:13:03.782  2977  2977 I OmtpVvmCarrierConfigHelper: Requesting VVM activation for subId: 1
12-01 01:13:03.897  3121  3836 W MediaProvider: Missing volume for /system/media/audio/alarms/Alarm_Classic.ogg; assuming invalid
12-01 01:13:04.040  3321  3855 I chatty  : uid=10008(com.google.android.gms) expire 4 lines
12-01 01:13:04.059  3321  3868 I chatty  : uid=10008(com.google.android.gms) expire 2 lines
12-01 01:13:04.074  2977  2987 I art     : Background partial concurrent mark sweep GC freed 5982(676KB) AllocSpace objects, 8(188KB) LOS objects, 42% free, 1404KB/2MB, paused 2.523ms total 195.343ms
12-01 01:13:04.096  3321  3461 I chatty  : uid=10008(com.google.android.gms) expire 11 lines
12-01 01:13:04.102  2493  3792 I AccountManagerService: getTypesVisibleToCaller: isPermitted? true
12-01 01:13:04.111  2493  3032 I AccountManagerService: getTypesVisibleToCaller: isPermitted? true
12-01 01:13:04.185  2493  3032 I AccountManagerService: getTypesVisibleToCaller: isPermitted? true
12-01 01:13:04.283  2493  2525 W ActivityManager: Unable to start service Intent { act=com.google.android.gms.drive.ApiService.RESET_AFTER_BOOT flg=0x4 cmp=com.google.android.gms/.drive.api.ApiService (has extras) } U=0: not found
12-01 01:13:04.947  2493  3033 I ActivityManager: Start proc 3881:com.google.android.gms.unstable/u0a8 for service com.google.android.gms/.droidguard.DroidGuardService
12-01 01:13:05.031  3881  3881 I chatty  : uid=10008 com.google.android.gms.unstable expire 12 lines
12-01 01:13:05.553  2493  2702 I ActivityManager: Start proc 3900:com.google.android.gms.ui/u0a8 for service com.google.android.gms/.chimera.UiIntentOperationService
12-01 01:13:05.623  3900  3900 I chatty  : uid=10008 com.google.android.gms.ui expire 12 lines
12-01 01:13:05.638  3270  3871 I chatty  : uid=10008 com.google.android.gms.persistent expire 2 lines
12-01 01:13:05.747  3881  3891 I chatty  : uid=10008(com.google.android.gms) HeapTaskDaemon expire 1 line
12-01 01:13:05.807  3321  3919 I chatty  : uid=10008(com.google.android.gms) iu-sync-manager expire 5 lines
12-01 01:13:05.850  3321  3321 I chatty  : uid=10008(com.google.android.gms) expire 8 lines
12-01 01:13:05.965  2493  2505 I ActivityManager: Start proc 3923:com.google.android.apps.photos/u0a44 for broadcast com.google.android.apps.photos/.jobqueue.JobServiceBroadcastReceiver
12-01 01:13:05.967  2493  2503 I art     : Background sticky concurrent mark sweep GC freed 8559(1033KB) AllocSpace objects, 8(560KB) LOS objects, 14% free, 8MB/10MB, paused 6.987ms total 55.404ms
12-01 01:13:06.422  3923  3923 W System  : ClassLoader referenced unknown path: /system/app/Photos/lib/x86
12-01 01:13:06.463  3854  3862 I chatty  : uid=10008(com.google.android.gms) /system/bin/dex2oat expire 16 lines
12-01 01:13:06.569  2493  3792 I AccountManagerService: getTypesVisibleToCaller: isPermitted? true
12-01 01:13:06.714  3900  3947 I chatty  : uid=10008 com.google.android.gms.ui expire 1 line
12-01 01:13:07.116  3695  3705 W art     : Suspending all threads took: 5.577ms
12-01 01:13:07.302  3321  3486 I chatty  : uid=10008(com.google.android.gms) lowpool[2] expire 1 line
--------- beginning of crash
12-01 01:13:07.456  3270  3270 F libc    : Fatal signal 11 (SIGSEGV), code 1, fault addr 0x9a680000 in tid 3270 (.gms.persistent)
12-01 01:13:07.494  2493  2703 I AccountManagerService: getTypesVisibleToCaller: isPermitted? true
12-01 01:13:07.494  2493  2601 I AccountManagerService: getTypesVisibleToCaller: isPermitted? true
12-01 01:13:07.506  3321  3652 I chatty  : uid=10008(com.google.android.gms) expire 10 lines
12-01 01:13:07.598  2212  2212 I SELinux : SELinux: Loaded file_contexts contexts from /file_contexts.
12-01 01:13:07.599  2212  2212 F DEBUG   : *** *** *** *** *** *** *** *** *** *** *** *** *** *** *** ***
12-01 01:13:07.599  2212  2212 F DEBUG   : Build fingerprint: 'Android/sdk_google_phone_x86/generic_x86:6.0/MASTER/4409279:userdebug/test-keys'
12-01 01:13:07.599  2212  2212 F DEBUG   : Revision: '0'
12-01 01:13:07.599  2212  2212 F DEBUG   : ABI: 'x86'
12-01 01:13:07.599  2212  2212 F DEBUG   : pid: 3270, tid: 3270, name: .gms.persistent  >>> com.google.android.gms.persistent <<<
12-01 01:13:07.599  2212  2212 F DEBUG   : signal 11 (SIGSEGV), code 1 (SEGV_MAPERR), fault addr 0x9a680000
12-01 01:13:07.623  3321  3648 E ActivityThread: Failed to find provider info for com.google.android.wearable.settings
12-01 01:13:07.741  2212  2212 W debuggerd: type=1400 audit(0.0:27): avc: denied { search } for name="com.google.android.gms" dev="dm-0" ino=114711 scontext=u:r:debuggerd:s0 tcontext=u:object_r:app_data_file:s0:c512,c768 tclass=dir permissive=0
12-01 01:13:07.811  2212  2212 W debuggerd: type=1400 audit(0.0:28): avc: denied { search } for name="com.google.android.gms" dev="dm-0" ino=114711 scontext=u:r:debuggerd:s0 tcontext=u:object_r:app_data_file:s0:c512,c768 tclass=dir permissive=0
12-01 01:13:07.818  2212  2212 F DEBUG   :     eax 00000000  ebx 9c1b7e3c  ecx bfb5b700  edx 00000000
12-01 01:13:07.819  2212  2212 F DEBUG   :     esi 00000002  edi bfb5b700
12-01 01:13:07.819  2212  2212 F DEBUG   :     xcs 00000073  xds 0000007b  xes 0000007b  xfs 00000007  xss 0000007b
12-01 01:13:07.819  2212  2212 F DEBUG   :     eip 9c156005  ebp 9a67fffd  esp bfb5b6b8  flags 00210202
12-01 01:13:07.861  2212  2212 W debuggerd: type=1400 audit(0.0:29): avc: denied { search } for name="com.google.android.gms" dev="dm-0" ino=114711 scontext=u:r:debuggerd:s0 tcontext=u:object_r:app_data_file:s0:c512,c768 tclass=dir permissive=0
12-01 01:13:07.870  2212  2212 F DEBUG   : 
12-01 01:13:07.870  2212  2212 F DEBUG   : backtrace:
12-01 01:13:07.871  2212  2212 F DEBUG   :     #00 pc 00022005  /data/data/com.google.android.gms/app_extracted_libs/x86/libleveldbjni.so
12-01 01:13:07.871  2212  2212 F DEBUG   :     #01 pc 00010fc4  /data/data/com.google.android.gms/app_extracted_libs/x86/libleveldbjni.so
12-01 01:13:07.871  2212  2212 F DEBUG   :     #02 pc 0000cd19  /data/data/com.google.android.gms/app_extracted_libs/x86/libleveldbjni.so
12-01 01:13:07.871  2212  2212 F DEBUG   :     #03 pc 0000f9fc  /data/data/com.google.android.gms/app_extracted_libs/x86/libleveldbjni.so
12-01 01:13:07.871  2212  2212 F DEBUG   :     #04 pc 000076d0  /data/data/com.google.android.gms/app_extracted_libs/x86/libleveldbjni.so
12-01 01:13:07.871  2212  2212 F DEBUG   :     #05 pc 04b4cd03  /system/priv-app/PrebuiltGmsCore/oat/x86/PrebuiltGmsCore.odex (offset 0x3265000)
12-01 01:13:07.871  2212  2212 F DEBUG   :     #06 pc 00035fff  /dev/ashmem/dalvik-large object space allocation (deleted)
12-01 01:13:07.872  3321  3331 I chatty  : uid=10008(com.google.android.gms) HeapTaskDaemon expire 9 lines
12-01 01:13:08.239  2493  2531 I InputReader: Reconfiguring input devices.  changes=0x00000010
12-01 01:13:08.252  2493  2531 I InputReader: Reconfiguring input devices.  changes=0x00000010
12-01 01:13:08.326  2493  2531 I InputReader: Reconfiguring input devices.  changes=0x00000010
12-01 01:13:08.377  2493  2531 I InputReader: Reconfiguring input devices.  changes=0x00000010
12-01 01:13:08.427  2493  2531 I InputReader: Reconfiguring input devices.  changes=0x00000010
12-01 01:13:08.466  2493  2531 I InputReader: Reconfiguring input devices.  changes=0x00000010
12-01 01:13:09.120  2212  2212 F DEBUG   : 
12-01 01:13:09.120  2212  2212 F DEBUG   : Tombstone written to: /data/tombstones/tombstone_00
12-01 01:13:09.120  2212  2212 E DEBUG   : AM write failed: Broken pipe
12-01 01:13:09.121  2493  2510 I BootReceiver: Copying /data/tombstones/tombstone_00 to DropBox (SYSTEM_TOMBSTONE)
12-01 01:13:09.143  3270  3444 I chatty  : uid=10008 com.google.android.gms.persistent expire 1 line
12-01 01:13:09.298  2229  2229 I Zygote  : Process 3270 exited due to signal (11)
12-01 01:13:09.320  1233  1602 E SurfaceFlinger: ro.sf.lcd_density must be defined as a build property
12-01 01:13:09.338  2493  3978 D OpenGLRenderer: Use EGL_SWAP_BEHAVIOR_PRESERVED: true
12-01 01:13:09.353  2493  2563 D WifiService: Client connection lost with reason: 4
12-01 01:13:09.361  2493  2702 W art     : Long monitor contention event with owner method=void com.android.server.am.ActivityManagerService$UiHandler.handleMessage(android.os.Message) from ActivityManagerService.java:1397 waiters=1 for 154ms
12-01 01:13:09.362  2493  2704 I ActivityManager: Process com.google.android.gms.persistent (pid 3270) has died
12-01 01:13:09.371  3321  3858 I chatty  : uid=10008(com.google.android.gms) expire 2 lines
12-01 01:13:09.378  2493  2504 D GpsStatusListenerHelper: Remote Listener died: android.location.IGpsStatusListener$Stub$Proxy@cdfb98e
12-01 01:13:09.397  2493  2704 W ActivityManager: Scheduling restart of crashed service com.google.android.gms/.nearby.discovery.service.DiscoveryService in 3996ms
12-01 01:13:09.397  2493  2704 W ActivityManager: Scheduling restart of crashed service com.google.android.gms/.instantapps.routing.DomainFilterUpdateService in 13996ms
12-01 01:13:09.398  2493  2704 W ActivityManager: Scheduling restart of crashed service com.google.android.gms/.auth.setup.devicesignals.LockScreenService in 23996ms
