--------- beginning of system
12-01 01:08:44.150  1221  1221 I vold    : Vold 3.0 (the awakening) firing up
12-01 01:08:44.154  1221  1221 V vold    : Detected support for: ext4 vfat
12-01 01:08:44.416  1221  1257 D vold    : Recognized experimental block major ID 253 as virtio-blk (emulator's virtual SD card device)
12-01 01:08:44.417  1221  1257 V vold    : /system/bin/sgdisk
12-01 01:08:44.417  1221  1257 V vold    :     --android-dump
12-01 01:08:44.418  1221  1257 V vold    :     /dev/block/vold/disk:253,64
12-01 01:08:44.537  1221  1291 E Cryptfs : Bad magic for real block device /dev/block/vdd
12-01 01:08:44.624  1221  1291 D Cryptfs : Just asked init to shut down class main
12-01 01:08:44.739  1221  1257 V vold    : DISK mbr
12-01 01:08:44.740  1221  1257 W vold    : disk:253,64 has unknown partition table; trying entire device
12-01 01:08:44.741  1221  1257 V vold    : /system/bin/blkid
12-01 01:08:44.743  1221  1257 V vold    :     -c
12-01 01:08:44.743  1221  1257 V vold    :     /dev/null
12-01 01:08:44.743  1221  1257 V vold    :     -s
12-01 01:08:44.743  1221  1257 V vold    :     TYPE
12-01 01:08:44.744  1221  1257 V vold    :     -s
12-01 01:08:44.744  1221  1257 V vold    :     UUID
12-01 01:08:44.744  1221  1257 V vold    :     -s
12-01 01:08:44.744  1221  1257 V vold    :     LABEL
12-01 01:08:44.745  1221  1257 V vold    :     /dev/block/vold/disk:253,64
12-01 01:08:45.093  1221  1257 V vold    : /dev/block/vold/disk:253,64: LABEL="SDCARD" UUID="0814-3115" TYPE="vfat" 
12-01 01:08:45.095  1221  1291 W vold    : emulated unmount requires state mounted
12-01 01:08:45.095  1221  1291 W vold    : public:253,64 unmount requires state mounted
12-01 01:08:45.095  1221  1291 D Cryptfs : unmounting /data succeeded
12-01 01:08:45.107  1221  1291 D Cryptfs : Just triggered post_fs_data
12-01 01:08:45.269  1221  1291 D Cryptfs : post_fs_data done
12-01 01:08:47.366  1221  1291 I Cryptfs : keymaster module name is Keymaster OpenSSL HAL
12-01 01:08:47.366  1221  1291 I Cryptfs : keymaster version is 2
12-01 01:08:47.366  1221  1291 I Cryptfs : Found keymaster0 module, using keymaster0 API.
12-01 01:08:47.427  1221  1291 I Cryptfs : Using scrypt for cryptfs KDF
12-01 01:08:49.410  1221  1291 D Cryptfs : Just triggered restart_min_framework
12-01 01:08:49.411  1221  1291 I Cryptfs : Using scrypt for cryptfs KDF
12-01 01:08:50.220  1221  1291 I Cryptfs : Enabling support for allow_discards in dmcrypt.
12-01 01:08:50.308  1221  1257 D vold    : Disk at 252:0 changed
12-01 01:08:50.362  1221  1291 I Cryptfs : Encrypting ext4 filesystem in place...
12-01 01:08:50.362  1221  1291 I Cryptfs : Encrypting group 0
12-01 01:08:50.402  1221  1291 I Cryptfs : Encrypting from sector 0
12-01 01:08:57.475  1221  1291 I Cryptfs : Encrypting group 1
12-01 01:08:57.479  1221  1291 I Cryptfs : Encrypted to sector 5341696
12-01 01:08:57.479  1221  1291 I Cryptfs : Encrypting from sector 16777216
12-01 01:09:05.509  1221  1291 I Cryptfs : Encrypting group 2
12-01 01:09:05.515  1221  1291 I Cryptfs : Encrypted to sector 17106432
12-01 01:09:05.515  1221  1291 I Cryptfs : Encrypting from sector 33554432
12-01 01:09:09.629  1221  1291 I Cryptfs : Encrypting group 3
12-01 01:09:09.634  1221  1291 I Cryptfs : Encrypted to sector 33817600
12-01 01:09:09.634  1221  1291 I Cryptfs : Encrypting from sector 50331648
12-01 01:09:13.532  1221  1291 I Cryptfs : Encrypting group 4
12-01 01:09:13.536  1221  1291 I Cryptfs : Encrypted to sector 50660864
12-01 01:09:13.536  1221  1291 I Cryptfs : Encrypting from sector 67108864
12-01 01:09:17.816  1221  1291 I Cryptfs : Encrypting group 5
12-01 01:09:17.820  1221  1291 I Cryptfs : Encrypted to sector 67372032
12-01 01:09:17.820  1221  1291 I Cryptfs : Encrypting from sector 83886080
12-01 01:09:23.117  1221  1291 I Cryptfs : Encrypting group 6
12-01 01:09:23.139  1221  1291 I Cryptfs : Encrypted to sector 84215296
12-01 01:09:23.140  1221  1291 I Cryptfs : Encrypting from sector 100663296
12-01 01:09:30.159  1221  1291 I Cryptfs : Encrypting group 7
12-01 01:09:30.163  1221  1291 I Cryptfs : Encrypted to sector 100926464
12-01 01:09:30.163  1221  1291 I Cryptfs : Encrypting from sector 117440512
12-01 01:09:34.665  1221  1291 I Cryptfs : Encrypting group 8
12-01 01:09:34.670  1221  1291 I Cryptfs : Encrypted to sector 117769728
12-01 01:09:34.670  1221  1291 I Cryptfs : Encrypting from sector 134217728
12-01 01:09:39.587  1697  1697 I InstallerConnection: connecting...
12-01 01:09:40.134  1221  1291 I Cryptfs : Encrypting group 9
12-01 01:09:40.139  1221  1291 I Cryptfs : Encrypted to sector 134480896
12-01 01:09:40.139  1221  1291 I Cryptfs : Encrypting from sector 150994944
12-01 01:09:40.208  1697  1697 I InstallerConnection: disconnecting...
12-01 01:09:40.769  1697  1697 I SystemServer: Entered the Android system server!
12-01 01:09:42.208  1697  1697 I SystemServiceManager: Starting com.android.server.pm.Installer
12-01 01:09:42.295  1697  1697 I Installer: Waiting for installd to be ready.
12-01 01:09:42.295  1697  1697 I InstallerConnection: connecting...
12-01 01:09:42.296  1697  1697 I SystemServiceManager: Starting com.android.server.am.ActivityManagerService$Lifecycle
12-01 01:09:42.559  1697  1697 I ActivityManager: Memory class: 256
12-01 01:09:42.574  1697  1713 I ServiceThread: Enabled StrictMode logging for ActivityManager looper.
12-01 01:09:42.584  1697  1714 I ServiceThread: Enabled StrictMode logging for android.ui looper.
12-01 01:09:42.811  1697  1697 D BatteryStatsImpl: Reading daily items from /data/system/batterystats-daily.xml
12-01 01:09:42.924  1697  1697 I AppOps  : No existing app ops /data/system/appops.xml; starting empty
12-01 01:09:43.298  1697  1697 I IntentFirewall: Read new rules (A:0 B:0 S:0)
12-01 01:09:43.370  1697  1718 I ServiceThread: Enabled StrictMode logging for android.display looper.
12-01 01:09:43.447  1697  1697 D AppOps  : AppOpsService published
12-01 01:09:43.449  1697  1697 I SystemServiceManager: Starting com.android.server.power.PowerManagerService
12-01 01:09:43.494  1697  1720 I ServiceThread: Enabled StrictMode logging for PowerManagerService looper.
12-01 01:09:43.548  1697  1697 I SystemServiceManager: Starting com.android.server.lights.LightsService
12-01 01:09:43.608  1697  1697 I SystemServiceManager: Starting com.android.server.display.DisplayManagerService
12-01 01:09:43.664  1697  1697 I SystemServiceManager: Starting phase 100
12-01 01:09:43.696  1697  1718 I DisplayManagerService: Display device added: DisplayDeviceInfo{"Built-in Screen": uniqueId="local:0", 1080 x 1920, modeId 1, defaultModeId 1, supportedModes [{id=1, width=1080, height=1920, fps=60.000004}], density 480, 480.0 x 480.0 dpi, appVsyncOff 0, presDeadline 17666666, touch INTERNAL, rotation 0, type BUILT_IN, state UNKNOWN, FLAG_DEFAULT_DISPLAY, FLAG_ROTATES_WITH_CONTENT, FLAG_SECURE, FLAG_SUPPORTS_PROTECTED_BUFFERS}
12-01 01:09:43.700  1697  1718 I DisplayManagerService: Display device changed state: "Built-in Screen", ON
12-01 01:09:43.704  1697  1697 W SystemServer: Detected encryption in progress - only parsing core apps
12-01 01:09:43.705  1697  1697 I SystemServer: Package Manager
12-01 01:09:43.865  1697  1697 W SELinuxMMAC: Error opening /data/system/seapp_hash. Assuming first boot.
12-01 01:09:43.897  1697  1697 W FileUtils: Failed to chmod(/data/system/packages.list): android.system.ErrnoException: chmod failed: ENOENT (No such file or directory)
12-01 01:09:44.155  1697  1697 D SELinuxMMAC: Using policy file /system/etc/security/mac_permissions.xml
12-01 01:09:44.215  1697  1697 I PackageManager: No settings file; creating initial state
12-01 01:09:44.455  1697  1697 W PackageManager: Library not found: /system/framework/org.apache.http.legacy.jar
12-01 01:09:48.235  1697  1697 W PackageManager: Failed to parse /system/framework/oat: Missing base APK in /system/framework/oat
12-01 01:09:48.235  1697  1697 W PackageManager: Failed to parse /system/framework/x86: Missing base APK in /system/framework/x86
12-01 01:09:48.256  1697  1697 W PackageManager: Failed to parse /system/priv-app/BackupRestoreConfirmation: Not a coreApp: /system/priv-app/BackupRestoreConfirmation
12-01 01:09:48.264  1697  1697 W PackageManager: Failed to parse /system/priv-app/CalendarProvider: Not a coreApp: /system/priv-app/CalendarProvider
12-01 01:09:48.279  1697  1697 W PackageManager: Failed to parse /system/priv-app/CallLogBackup: Not a coreApp: /system/priv-app/CallLogBackup
12-01 01:09:48.289  1697  1697 W PackageManager: Failed to parse /system/priv-app/CarrierConfig: Not a coreApp: /system/priv-app/CarrierConfig
12-01 01:09:48.334  1697  1697 W PackageManager: Failed to parse /system/priv-app/Contacts: Not a coreApp: /system/priv-app/Contacts
12-01 01:09:48.348  1697  1697 W PackageManager: Failed to parse /system/priv-app/ContactsProvider: Not a coreApp: /system/priv-app/ContactsProvider
12-01 01:09:48.434  1221  1291 I Cryptfs : Encrypting group 10
12-01 01:09:48.442  1221  1291 I Cryptfs : Encrypted to sector 151324160
12-01 01:09:48.442  1221  1291 I Cryptfs : Encrypting from sector 167772160
12-01 01:09:48.511  1697  1697 W PackageParser: No actions in intent filter at /system/priv-app/Dialer/Dialer.apk Binary XML file line #172
12-01 01:09:49.087  1697  1697 W PackageManager: Failed to parse /system/priv-app/DownloadProvider: Not a coreApp: /system/priv-app/DownloadProvider
12-01 01:09:49.095  1697  1697 W PackageManager: Failed to parse /system/priv-app/ExternalStorageProvider: Not a coreApp: /system/priv-app/ExternalStorageProvider
12-01 01:09:49.200  1697  1697 W PackageManager: Failed to parse /system/priv-app/GoogleLoginService: Not a coreApp: /system/priv-app/GoogleLoginService
12-01 01:09:49.262  1697  1697 W PackageManager: Failed to parse /system/priv-app/GoogleServicesFramework: Not a coreApp: /system/priv-app/GoogleServicesFramework
12-01 01:09:49.386  1697  1697 W PackageManager: Failed to parse /system/priv-app/Launcher3: Not a coreApp: /system/priv-app/Launcher3
12-01 01:09:49.436  1697  1697 W PackageManager: Failed to parse /system/priv-app/ManagedProvisioning: Not a coreApp: /system/priv-app/ManagedProvisioning
12-01 01:09:49.452  1697  1697 W PackageManager: Failed to parse /system/priv-app/MediaProvider: Not a coreApp: /system/priv-app/MediaProvider
12-01 01:09:49.876  1697  1697 W PackageManager: Failed to parse /system/priv-app/PrebuiltGmsCore: Not a coreApp: /system/priv-app/PrebuiltGmsCore
12-01 01:09:50.360  1697  1697 W PackageParser: Ignoring duplicate uses-permissions/uses-permissions-sdk-m: android.permission.USE_CREDENTIALS in package: com.android.settings at: Binary XML file line #55
12-01 01:09:50.361  1697  1697 W PackageParser: Ignoring duplicate uses-permissions/uses-permissions-sdk-m: android.permission.READ_SYNC_SETTINGS in package: com.android.settings at: Binary XML file line #60
12-01 01:09:50.362  1697  1697 W PackageParser: Ignoring duplicate uses-permissions/uses-permissions-sdk-m: android.permission.WRITE_SYNC_SETTINGS in package: com.android.settings at: Binary XML file line #61
12-01 01:09:51.476  1697  1697 W PackageManager: Failed to parse /system/priv-app/SharedStorageBackup: Not a coreApp: /system/priv-app/SharedStorageBackup
12-01 01:09:51.482  1697  1697 W PackageParser: Ignoring duplicate uses-permissions/uses-permissions-sdk-m: android.permission.INSTALL_GRANT_RUNTIME_PERMISSIONS in package: com.android.shell at: Binary XML file line #101
12-01 01:09:51.496  1697  1697 W PackageManager: Failed to parse /system/priv-app/StatementService: Not a coreApp: /system/priv-app/StatementService
12-01 01:09:51.625  1697  1697 W PackageParser: Ignoring duplicate uses-permissions/uses-permissions-sdk-m: android.permission.CONFIGURE_WIFI_DISPLAY in package: com.android.systemui at: Binary XML file line #119
12-01 01:09:52.422  1697  1697 W PackageManager: Failed to parse /system/priv-app/Velvet: Not a coreApp: /system/priv-app/Velvet
12-01 01:09:52.425  1697  1697 W PackageManager: Failed to parse /system/priv-app/VpnDialogs: Not a coreApp: /system/priv-app/VpnDialogs
12-01 01:09:52.448  1697  1697 W PackageManager: Failed to parse /system/app/BackupTestApp: Not a coreApp: /system/app/BackupTestApp
12-01 01:09:52.452  1697  1697 W PackageManager: Failed to parse /system/app/BasicDreams: Not a coreApp: /system/app/BasicDreams
12-01 01:09:52.485  1697  1697 W PackageManager: Failed to parse /system/app/Browser: Not a coreApp: /system/app/Browser
12-01 01:09:52.499  1697  1697 W PackageManager: Failed to parse /system/app/Calculator: Not a coreApp: /system/app/Calculator
12-01 01:09:52.592  1697  1697 W PackageManager: Failed to parse /system/app/Calendar: Not a coreApp: /system/app/Calendar
12-01 01:09:52.616  1697  1697 W PackageManager: Failed to parse /system/app/CaptivePortalLogin: Not a coreApp: /system/app/CaptivePortalLogin
12-01 01:09:52.622  1697  1697 W PackageManager: Failed to parse /system/app/CertInstaller: Not a coreApp: /system/app/CertInstaller
12-01 01:09:52.626  1697  1697 W PackageManager: Failed to parse /system/app/CustomLocale: Not a coreApp: /system/app/CustomLocale
12-01 01:09:52.702  1697  1697 W PackageManager: Failed to parse /system/app/DeskClock: Not a coreApp: /system/app/DeskClock
12-01 01:09:52.728  1697  1697 W PackageManager: Failed to parse /system/app/Development: Not a coreApp: /system/app/Development
12-01 01:09:52.733  1697  1697 W PackageManager: Failed to parse /system/app/DevelopmentSettings: Not a coreApp: /system/app/DevelopmentSettings
12-01 01:09:52.745  1697  1697 W PackageManager: Failed to parse /system/app/DocumentsUI: Not a coreApp: /system/app/DocumentsUI
12-01 01:09:52.775  1697  1697 W PackageManager: Failed to parse /system/app/DownloadProviderUi: Not a coreApp: /system/app/DownloadProviderUi
12-01 01:09:52.914  1697  1697 W PackageManager: Failed to parse /system/app/Email: Not a coreApp: /system/app/Email
12-01 01:09:52.930  1697  1697 W PackageManager: Failed to parse /system/app/EmulatorSmokeTests: Not a coreApp: /system/app/EmulatorSmokeTests
12-01 01:09:52.964  1697  1697 W PackageManager: Failed to parse /system/app/Exchange2: Not a coreApp: /system/app/Exchange2
12-01 01:09:52.989  1697  1697 W PackageManager: Failed to parse /system/app/Fallback: Not a coreApp: /system/app/Fallback
12-01 01:09:53.009  1697  1697 W PackageManager: Failed to parse /system/app/Gallery: Not a coreApp: /system/app/Gallery
12-01 01:09:53.013  1697  1697 W PackageManager: Failed to parse /system/app/HTMLViewer: Not a coreApp: /system/app/HTMLViewer
12-01 01:09:53.017  1697  1697 W PackageManager: Failed to parse /system/app/KeyChain: Not a coreApp: /system/app/KeyChain
12-01 01:09:53.855  1221  1291 I Cryptfs : Encrypting group 11
12-01 01:09:53.859  1221  1291 I Cryptfs : Encrypted to sector 168035328
12-01 01:09:53.859  1221  1291 I Cryptfs : Encrypting from sector 184549376
12-01 01:09:53.951  1697  1697 W PackageManager: Failed to parse /system/app/LegacyCamera: Not a coreApp: /system/app/LegacyCamera
12-01 01:09:53.959  1697  1697 W PackageManager: Failed to parse /system/app/LicenseChecker: Not a coreApp: /system/app/LicenseChecker
12-01 01:09:53.996  1697  1697 W PackageManager: Failed to parse /system/app/LiveWallpapersPicker: Not a coreApp: /system/app/LiveWallpapersPicker
12-01 01:09:54.306  1697  1697 W PackageManager: Failed to parse /system/app/Maps: Not a coreApp: /system/app/Maps
12-01 01:09:54.352  1697  1697 W PackageManager: Failed to parse /system/app/Music: Not a coreApp: /system/app/Music
12-01 01:09:54.363  1697  1697 W PackageManager: Failed to parse /system/app/NetSpeed: Not a coreApp: /system/app/NetSpeed
12-01 01:09:54.428  1697  1697 W PackageManager: Failed to parse /system/app/OpenWnn: Not a coreApp: /system/app/OpenWnn
12-01 01:09:54.432  1697  1697 W PackageManager: Failed to parse /system/app/PacProcessor: Not a coreApp: /system/app/PacProcessor
12-01 01:09:54.595  1697  1697 W PackageManager: Failed to parse /system/app/Photos: Not a coreApp: /system/app/Photos
12-01 01:09:54.614  1697  1697 W PackageManager: Failed to parse /system/app/PicoTts: Not a coreApp: /system/app/PicoTts
12-01 01:09:54.800  1697  1697 W PackageManager: Failed to parse /system/app/PlayGames: Not a coreApp: /system/app/PlayGames
12-01 01:09:55.272  1697  1697 W PackageManager: Failed to parse /system/app/PrintSpooler: Not a coreApp: /system/app/PrintSpooler
12-01 01:09:55.328  1697  1697 W PackageManager: Failed to parse /system/app/Protips: Not a coreApp: /system/app/Protips
12-01 01:09:55.355  1697  1697 W PackageManager: Failed to parse /system/app/SdkSetup: Not a coreApp: /system/app/SdkSetup
12-01 01:09:55.393  1697  1697 W PackageManager: Failed to parse /system/app/SoundRecorder: Not a coreApp: /system/app/SoundRecorder
12-01 01:09:55.405  1697  1697 W PackageManager: Failed to parse /system/app/UserDictionaryProvider: Not a coreApp: /system/app/UserDictionaryProvider
12-01 01:09:55.595  1697  1697 W PackageManager: Failed to parse /system/app/messaging: Not a coreApp: /system/app/messaging
12-01 01:09:55.777  1697  1697 W PackageManager: Failed to parse /system/app/webview: Not a coreApp: /system/app/webview
12-01 01:09:55.829  1697  1697 I PackageManager: Adjusting ABI for : com.android.inputdevices to x86
12-01 01:09:55.832  1697  1697 I PackageManager: Adjusting ABI for : com.android.providers.settings to x86
12-01 01:09:55.832  1697  1697 I PackageManager: Adjusting ABI for : com.android.location.fused to x86
12-01 01:09:55.833  1697  1697 I PackageManager: Adjusting ABI for : com.android.settings to x86
12-01 01:09:55.834  1697  1697 I PackageManager: Adjusting ABI for : com.android.server.telecom to x86
12-01 01:09:55.835  1697  1697 I PackageManager: Time to scan packages: 11.581 seconds
12-01 01:09:55.838  1697  1697 W PackageManager: Unknown permission android.permission.DOWNLOAD_WITHOUT_NOTIFICATION in package com.android.inputmethod.latin
12-01 01:09:55.838  1697  1697 W PackageManager: Unknown permission com.google.android.googleapps.permission.GOOGLE_AUTH in package com.android.settings
12-01 01:09:55.839  1697  1697 W PackageManager: Unknown permission android.permission.ACCESS_DOWNLOAD_MANAGER in package com.android.settings
12-01 01:09:55.839  1697  1697 W PackageManager: Unknown permission com.android.certinstaller.INSTALL_AS_USER in package com.android.settings
12-01 01:09:55.839  1697  1697 W PackageManager: Unknown permission com.android.launcher.permission.READ_SETTINGS in package com.android.settings
12-01 01:09:55.840  1697  1697 W PackageManager: Unknown permission com.android.launcher.permission.WRITE_SETTINGS in package com.android.settings
12-01 01:09:55.846  1697  1697 W PackageManager: Unknown permission com.android.smspush.WAPPUSH_MANAGER_BIND in package com.android.phone
12-01 01:09:56.036  1697  1697 I SystemServer: User Service
12-01 01:09:56.196  1697  1697 I SystemServiceManager: Starting com.android.server.BatteryService
12-01 01:09:56.296  1697  1697 I SystemServiceManager: Starting com.android.server.usage.UsageStatsService
12-01 01:09:56.375  1697  1697 I UsageStatsDatabase: Upgrading from version 0 to 3
12-01 01:09:56.376  1697  1697 I UsageStatsDatabase: Deleting all usage stats files
12-01 01:09:56.378  1697  1697 I UsageStatsService: User[0] Rollover scheduled @ 2017-12-02 00:00:00(1512172800000)
12-01 01:09:56.382  1697  1697 I UsageStatsService: User[0] Flushing usage stats to disk
12-01 01:09:56.387  1697  1697 I SystemServiceManager: Starting com.android.server.webkit.WebViewUpdateService
12-01 01:09:56.466  1697  1697 I SystemServer: Reading configuration...
12-01 01:09:56.466  1697  1697 I SystemServer: Scheduling Policy
12-01 01:09:56.468  1697  1697 I SystemServiceManager: Starting com.android.server.telecom.TelecomLoaderService
12-01 01:09:56.494  1697  1697 I SystemServer: Telephony Registry
12-01 01:09:56.555  1697  1697 I SystemServer: Entropy Mixer
12-01 01:09:56.558  1697  1697 W EntropyMixer: No existing entropy file -- first boot?
12-01 01:09:56.560  1697  1697 I EntropyMixer: Writing entropy...
12-01 01:09:56.562  1697  1697 I SystemServer: Camera Service
12-01 01:09:56.563  1697  1697 I SystemServiceManager: Starting com.android.server.camera.CameraService
12-01 01:09:56.648  1697  1727 I ServiceThread: Enabled StrictMode logging for CameraService_proxy looper.
12-01 01:09:56.649  1697  1697 I SystemServer: Account Manager
12-01 01:09:56.694  1697  1697 I SystemServer: Content Manager
12-01 01:09:56.714  1697  1697 I SystemServer: System Content Providers
12-01 01:09:57.045  1697  1697 D SettingsProvider: Generated and saved new ANDROID_ID [f5c754da13979893] for user 0
12-01 01:09:57.226  1697  1697 I SystemServer: Vibrator Service
12-01 01:09:57.233  1697  1697 I SystemServer: Consumer IR Service
12-01 01:09:57.239  1697  1697 I SystemServiceManager: Starting com.android.server.AlarmManagerService
12-01 01:09:57.314  1697  1697 I SystemServer: Init Watchdog
12-01 01:09:57.315  1697  1697 I SystemServer: Input Manager
12-01 01:09:57.316  1697  1697 I InputManager: Initializing input manager, mUseDevInputEventForAudioJack=false
12-01 01:09:57.387  1697  1697 I SystemServer: Window Manager
12-01 01:09:57.605  1697  1718 I WindowManager: No existing display settings /data/system/display_settings.xml; starting empty
12-01 01:09:57.899  1697  1697 I InputManager: Starting input manager
12-01 01:09:57.915  1697  1697 I SystemServer: No Bluetooh Service (emulator)
12-01 01:09:57.915  1697  1697 I SystemServer: Input Method Service
12-01 01:09:58.045  1697  1697 W InputMethodManagerService: No IME selected. Choose the most applicable IME.
12-01 01:09:58.045  1697  1697 I InputMethodManagerService: Default found, using com.android.inputmethod.latin/.LatinIME
12-01 01:09:58.077  1697  1697 I SystemServer: Accessibility Manager
12-01 01:09:58.156  1697  1697 I ActivityManager: Config changes=1df8 {1.0 ?mcc?mnc en_US ldltr sw360dp w360dp h640dp 480dpi nrml long port ?uimode ?night -touch -keyb/h/h -nav/h s.2}
12-01 01:09:58.203  1697  1697 I ActivityManager: Config changes=500 {1.0 ?mcc?mnc en_US ldltr sw360dp w360dp h568dp 480dpi nrml port ?uimode ?night -touch -keyb/h/h -nav/h s.3}
12-01 01:09:58.207  1697  1697 I SystemServiceManager: Starting com.android.server.MountService$Lifecycle
12-01 01:09:58.259  1697  1697 I SystemServiceManager: Starting com.android.server.UiModeManagerService
12-01 01:09:58.274  1697  1735 D MountService: Thinking about reset, mSystemReady=false, mDaemonConnected=true
12-01 01:09:58.275  1697  1735 D MountService: Thinking about reset, mSystemReady=false, mDaemonConnected=true
12-01 01:09:58.276  1697  1735 W MountService: No primary storage mounted!
12-01 01:09:58.276  1697  1735 D VoldConnector: SND -> {1 asec list}
12-01 01:09:58.278  1697  1736 D VoldConnector: RCV <- {200 1 asec operation succeeded}
12-01 01:09:58.280  1697  1735 W PackageManager: Unknown permission android.permission.DOWNLOAD_WITHOUT_NOTIFICATION in package com.android.inputmethod.latin
12-01 01:09:58.280  1697  1735 W PackageManager: Unknown permission com.google.android.googleapps.permission.GOOGLE_AUTH in package com.android.settings
12-01 01:09:58.302  1697  1735 W PackageManager: Unknown permission android.permission.ACCESS_DOWNLOAD_MANAGER in package com.android.settings
12-01 01:09:58.386  1697  1735 W PackageManager: Unknown permission com.android.certinstaller.INSTALL_AS_USER in package com.android.settings
12-01 01:09:58.386  1697  1735 W PackageManager: Unknown permission com.android.launcher.permission.READ_SETTINGS in package com.android.settings
12-01 01:09:58.386  1697  1735 W PackageManager: Unknown permission com.android.launcher.permission.WRITE_SETTINGS in package com.android.settings
12-01 01:09:58.387  1697  1735 W PackageManager: Unknown permission com.android.smspush.WAPPUSH_MANAGER_BIND in package com.android.phone
12-01 01:09:58.455  1697  1697 I ActivityManager: Config changes=200 {1.0 ?mcc?mnc en_US ldltr sw360dp w360dp h568dp 480dpi nrml port -touch -keyb/h/h -nav/h s.4}
12-01 01:09:58.463  1697  1697 W PackageManager: No disk maintenance in 1512090598463; running immediately
12-01 01:09:58.476  1697  1697 I SystemServer: LockSettingsService
12-01 01:09:58.482  1697  1735 W MountService: No primary storage mounted!
12-01 01:09:58.483  1697  1735 D VoldConnector: SND -> {2 asec list}
12-01 01:09:58.488  1697  1736 D VoldConnector: RCV <- {200 2 asec operation succeeded}
12-01 01:09:58.495  1697  1697 I SystemServiceManager: Starting com.android.server.DeviceIdleController
12-01 01:09:58.504  1697  1735 I MountService: Running fstrim idle maintenance
12-01 01:09:58.505  1697  1735 D VoldConnector: SND -> {3 fstrim dotrim}
12-01 01:09:58.507  1697  1736 D VoldConnector: RCV <- {200 3 Command succeeded}
12-01 01:09:58.527  1697  1733 I ActivityManager: Config changes=8 {1.0 ?mcc?mnc en_US ldltr sw360dp w360dp h568dp 480dpi nrml port finger -keyb/h/h -nav/h s.5}
12-01 01:09:58.528  1221  1738 D vold    : Starting trim of /cache
12-01 01:09:58.528  1221  1738 W vold    : Trim failed on /cache: Operation not supported on transport endpoint
12-01 01:09:58.528  1697  1736 D VoldConnector: RCV <- {662 /cache -1 -1}
12-01 01:09:58.534  1697  1715 E VoldConnector: Error handling '662 /cache -1 -1': java.lang.NullPointerException: Attempt to invoke virtual method 'void android.os.DropBoxManager.addText(java.lang.String, java.lang.String)' on a null object reference
12-01 01:09:58.535  1221  1738 D vold    : Starting trim of /data
12-01 01:09:58.536  1221  1738 W vold    : Trim failed on /data: Not a typewriter
12-01 01:09:58.536  1697  1736 D VoldConnector: RCV <- {662 /data -1 -1}
12-01 01:09:58.537  1697  1715 E VoldConnector: Error handling '662 /data -1 -1': java.lang.NullPointerException: Attempt to invoke virtual method 'void android.os.DropBoxManager.addText(java.lang.String, java.lang.String)' on a null object reference
12-01 01:09:58.545  1697  1697 I SystemServiceManager: Starting com.android.server.devicepolicy.DevicePolicyManagerService$Lifecycle
12-01 01:09:58.569  1697  1697 I SystemServer: Status Bar
12-01 01:09:58.593  1697  1697 I SystemServer: Clipboard Service
12-01 01:09:58.598  1697  1697 I SystemServer: NetworkManagement Service
12-01 01:09:58.604  1697  1697 I SystemServer: Text Service Manager Service
12-01 01:09:58.619  1697  1697 I SystemServer: Network Score Service
12-01 01:09:58.655  1697  1697 I SystemServer: NetworkStats Service
12-01 01:09:58.738  1697  1697 I SystemServer: NetworkPolicy Service
12-01 01:09:58.843  1697  1697 I SystemServiceManager: Starting com.android.server.wifi.p2p.WifiP2pService
12-01 01:09:59.109  1697  1697 I SystemServiceManager: Starting com.android.server.wifi.WifiService
12-01 01:10:00.474  1697  1697 I SystemServiceManager: Starting com.android.server.wifi.WifiScanningService
12-01 01:10:00.476  1697  1697 I SystemServiceManager: Starting com.android.server.wifi.RttService
12-01 01:10:00.478  1697  1697 I SystemServer: Connectivity Service
12-01 01:10:00.482  1697  1697 D ConnectivityService: ConnectivityService starting up
12-01 01:10:00.487  1697  1697 D ConnectivityService: wifiOnly=false
12-01 01:10:00.497  1697  1697 I SystemServer: Network Service Discovery Service
12-01 01:10:00.502  1697  1697 D NsdService: Network service discovery enabled true
12-01 01:10:00.505  1697  1697 I SystemServer: UpdateLock Service
12-01 01:10:00.507  1697  1697 I SystemServiceManager: Starting com.android.server.notification.NotificationManagerService
12-01 01:10:00.732  1697  1697 I SystemServiceManager: Starting com.android.server.storage.DeviceStorageMonitorService
12-01 01:10:00.737  1697  1697 I SystemServer: Location Manager
12-01 01:10:00.767  1697  1697 I SystemServer: Country Detector
12-01 01:10:00.830  1697  1697 I SystemServer: Search Service
12-01 01:10:00.833  1697  1697 I SystemServer: DropBox Service
12-01 01:10:00.834  1697  1697 I SystemServer: Wallpaper Service
12-01 01:10:00.837  1697  1697 W WallpaperManagerService: no current wallpaper -- first boot?
12-01 01:10:00.838  1697  1697 I SystemServer: Audio Service
12-01 01:10:00.959  1221  1291 I Cryptfs : Encrypting group 12
12-01 01:10:00.967  1221  1291 I Cryptfs : Encrypted to sector 184812544
12-01 01:10:00.967  1221  1291 I Cryptfs : Encrypting from sector 201326592
12-01 01:10:00.983  1697  1697 I SystemServiceManager: Starting com.android.server.DockObserver
12-01 01:10:00.985  1697  1697 W DockObserver: This kernel does not have dock station support
12-01 01:10:00.986  1697  1697 I SystemServer: Wired Accessory Manager
12-01 01:10:00.987  1697  1697 W WiredAccessoryManager: This kernel does not have wired headset support
12-01 01:10:00.988  1697  1697 W WiredAccessoryManager: This kernel does not have usb audio support
12-01 01:10:00.988  1697  1697 W WiredAccessoryManager: This kernel does not have HDMI audio support
12-01 01:10:00.988  1697  1697 I SystemServiceManager: Starting com.android.server.midi.MidiService$Lifecycle
12-01 01:10:00.992  1697  1697 I SystemServiceManager: Starting com.android.server.usb.UsbService$Lifecycle
12-01 01:10:01.204  1697  1697 E UsbDeviceManager: failed to write to /sys/class/android_usb/android0/f_rndis/ethaddr
12-01 01:10:01.213  1697  1697 I SystemServer: Serial Service
12-01 01:10:01.215  1697  1697 I SystemServiceManager: Starting com.android.server.twilight.TwilightService
12-01 01:10:01.230  1697  1697 I SystemServiceManager: Starting com.android.server.job.JobSchedulerService
12-01 01:10:01.250  1697  1697 I SystemServiceManager: Starting com.android.server.backup.BackupManagerService$Lifecycle
12-01 01:10:01.254  1697  1697 I SystemServiceManager: Starting com.android.server.appwidget.AppWidgetService
12-01 01:10:01.260  1697  1697 I SystemServiceManager: Starting com.android.server.voiceinteraction.VoiceInteractionManagerService
12-01 01:10:01.269  1697  1697 W SoundTriggerHelper: listModules status=0, # of modules=0
12-01 01:10:01.273  1697  1697 I SystemServer: DiskStats Service
12-01 01:10:01.278  1697  1697 I SystemServer: SamplingProfiler Service
12-01 01:10:01.289  1697  1697 I SystemServer: NetworkTimeUpdateService
12-01 01:10:01.292  1697  1697 I SystemServer: CommonTimeManagementService
12-01 01:10:01.302  1697  1697 I SystemServer: CertBlacklister
12-01 01:10:01.304  1697  1697 I SystemServiceManager: Starting com.android.server.dreams.DreamManagerService
12-01 01:10:01.442  1697  1697 I SystemServer: Assets Atlas Service
12-01 01:10:01.448  1697  1697 I SystemServiceManager: Starting com.android.server.print.PrintManagerService
12-01 01:10:01.455  1697  1697 I SystemServiceManager: Starting com.android.server.restrictions.RestrictionsManagerService
12-01 01:10:01.456  1697  1697 I SystemServiceManager: Starting com.android.server.media.MediaSessionService
12-01 01:10:01.464  1697  1697 I SystemServer: Media Router Service
12-01 01:10:01.473  1697  1697 I SystemServiceManager: Starting com.android.server.trust.TrustManagerService
12-01 01:10:01.478  1697  1697 I SystemServiceManager: Starting com.android.server.fingerprint.FingerprintService
12-01 01:10:01.548  1697  1697 W FingerprintService: fingerprint service not available
12-01 01:10:01.548  1697  1697 V FingerprintService: Fingerprint HAL id: 0
12-01 01:10:01.549  1697  1697 I SystemServer: BackgroundDexOptService
12-01 01:10:01.557  1697  1697 I SystemServiceManager: Starting com.android.server.pm.LauncherAppsService
12-01 01:10:01.573  1697  1697 I SystemServiceManager: Starting com.android.server.media.projection.MediaProjectionManagerService
12-01 01:10:01.727  1697  1697 I SystemServiceManager: Starting com.android.server.MmsServiceBroker
12-01 01:10:01.785  1697  1697 I LockSettingsService: Migrated lock settings to new location
12-01 01:10:01.790  1697  1697 I LockSettingsService: Migrated per-user lock settings to new location
12-01 01:10:01.798  1697  1697 I LockSettingsService: Migrated biometric weak to use the fallback instead
12-01 01:10:01.800  1697  1697 I LockSettingsService: Migrated lockscreen disabled flag
12-01 01:10:01.801  1697  1697 E LockSettingsService: Unable to acquire GateKeeperService
12-01 01:10:01.802  1697  1697 E LockSettingsStorage: Cannot read file java.io.FileNotFoundException: /data/system/gatekeeper.password.key: open failed: ENOENT (No such file or directory)
12-01 01:10:01.802  1697  1697 E LockSettingsStorage: Cannot read file java.io.FileNotFoundException: /data/system/password.key: open failed: ENOENT (No such file or directory)
12-01 01:10:01.802  1697  1697 E LockSettingsStorage: Cannot read file java.io.FileNotFoundException: /data/system/gatekeeper.pattern.key: open failed: ENOENT (No such file or directory)
12-01 01:10:01.803  1697  1697 E LockSettingsStorage: Cannot read file java.io.FileNotFoundException: /data/system/gatekeeper.gesture.key: open failed: ENOENT (No such file or directory)
12-01 01:10:01.803  1697  1697 E LockSettingsStorage: Cannot read file java.io.FileNotFoundException: /data/system/gesture.key: open failed: ENOENT (No such file or directory)
12-01 01:10:01.803  1697  1697 I SystemServiceManager: Starting phase 480
12-01 01:10:01.805  1697  1697 I SystemServiceManager: Starting phase 500
12-01 01:10:01.809  1697  1697 I WifiService: WifiService starting up with Wi-Fi disabled
12-01 01:10:01.826  1697  1745 D WifiService: New client listening to asynchronous messages
12-01 01:10:01.904  1697  1697 V BackupManagerService: No ancestral data
12-01 01:10:01.907  1697  1697 V KeyValueBackupJob: Scheduling k/v pass in 247 minutes
12-01 01:10:01.908  1697  1697 V BackupManagerService: Starting with transport android/com.android.internal.backup.LocalTransport
12-01 01:10:01.908  1697  1697 V BackupManagerService: Found transports: 1
12-01 01:10:01.977  1697  1697 D VoldConnector: SND -> {4 volume remount_uid 1001 none}
12-01 01:10:01.977  1221  1290 D vold    : Remounting 1001 as mode none
12-01 01:10:01.978  1221  1290 D vold    : Found matching PID 1316
12-01 01:10:01.978  1221  1290 W vold    : Skipping due to root namespace
12-01 01:10:01.979  1697  1736 D VoldConnector: RCV <- {200 4 Command succeeded}
12-01 01:10:01.982  1697  1697 D VoldConnector: SND -> {5 volume remount_uid 1001 none}
12-01 01:10:01.982  1221  1290 D vold    : Remounting 1001 as mode none
12-01 01:10:01.983  1221  1290 D vold    : Found matching PID 1316
12-01 01:10:01.983  1221  1290 W vold    : Skipping due to root namespace
12-01 01:10:01.984  1697  1736 D VoldConnector: RCV <- {200 5 Command succeeded}
12-01 01:10:01.987  1697  1697 D VoldConnector: SND -> {6 volume remount_uid 1000 none}
12-01 01:10:01.987  1221  1290 D vold    : Remounting 1000 as mode none
12-01 01:10:01.988  1221  1290 D vold    : Found matching PID 1232
12-01 01:10:01.988  1221  1290 W vold    : Skipping due to root namespace
12-01 01:10:01.988  1221  1290 D vold    : Found matching PID 1233
12-01 01:10:01.988  1221  1290 W vold    : Skipping due to root namespace
12-01 01:10:01.988  1221  1290 D vold    : Found matching PID 1697
12-01 01:10:01.992  1697  1720 W KeyguardServiceDelegate: onScreenTurningOn(): no keyguard service!
12-01 01:10:02.023  1697  1736 D VoldConnector: RCV <- {200 6 Command succeeded}
12-01 01:10:02.026  1697  1697 D VoldConnector: SND -> {7 volume remount_uid 1000 none}
12-01 01:10:02.026  1221  1290 D vold    : Remounting 1000 as mode none
12-01 01:10:02.027  1221  1290 D vold    : Found matching PID 1232
12-01 01:10:02.027  1221  1290 W vold    : Skipping due to root namespace
12-01 01:10:02.027  1221  1290 D vold    : Found matching PID 1233
12-01 01:10:02.027  1221  1290 W vold    : Skipping due to root namespace
12-01 01:10:02.027  1221  1290 D vold    : Found matching PID 1697
12-01 01:10:02.082  1697  1736 D VoldConnector: RCV <- {200 7 Command succeeded}
12-01 01:10:02.103  1697  1697 D VoldConnector: SND -> {8 volume remount_uid 2000 none}
12-01 01:10:02.104  1221  1290 D vold    : Remounting 2000 as mode none
12-01 01:10:02.105  1221  1290 D vold    : Found matching PID 1236
12-01 01:10:02.105  1221  1290 W vold    : Skipping due to root namespace
12-01 01:10:02.105  1697  1736 D VoldConnector: RCV <- {200 8 Command succeeded}
12-01 01:10:02.107  1697  1697 D VoldConnector: SND -> {9 volume remount_uid 2000 none}
12-01 01:10:02.108  1221  1290 D vold    : Remounting 2000 as mode none
12-01 01:10:02.108  1221  1290 D vold    : Found matching PID 1236
12-01 01:10:02.108  1221  1290 W vold    : Skipping due to root namespace
12-01 01:10:02.109  1697  1736 D VoldConnector: RCV <- {200 9 Command succeeded}
12-01 01:10:02.112  1697  1697 D VoldConnector: SND -> {10 volume remount_uid 10004 none}
12-01 01:10:02.113  1221  1290 D vold    : Remounting 10004 as mode none
12-01 01:10:02.115  1697  1736 D VoldConnector: RCV <- {200 10 Command succeeded}
12-01 01:10:02.117  1697  1697 D VoldConnector: SND -> {11 volume remount_uid 10004 none}
12-01 01:10:02.118  1221  1290 D vold    : Remounting 10004 as mode none
12-01 01:10:02.122  1697  1736 D VoldConnector: RCV <- {200 11 Command succeeded}
12-01 01:10:02.125  1697  1697 W VoiceInteractionManagerService: no available voice interaction services found for user 0
12-01 01:10:02.125  1697  1697 W VoiceInteractionManagerService: no available voice recognition services found for user 0
12-01 01:10:02.126  1697  1697 D VoldConnector: SND -> {12 volume remount_uid 10002 none}
12-01 01:10:02.127  1221  1290 D vold    : Remounting 10002 as mode none
12-01 01:10:02.128  1697  1736 D VoldConnector: RCV <- {200 12 Command succeeded}
12-01 01:10:02.139  1697  1697 I ActivityManager: Pre-boot of {com.android.settings/com.android.settings.ManagedProfileSetup} for user 0
12-01 01:10:02.144  1697  1697 I SystemServer: Enabled StrictMode for system server main thread.
12-01 01:10:02.157  1697  1713 I ActivityManager: Start proc 1771:com.android.settings/1000 for broadcast com.android.settings/.ManagedProfileSetup
12-01 01:10:02.283  1697  1708 I ActivityManager: Launching preboot mode app: ProcessRecord{ad5b98c 1771:com.android.settings/1000}
12-01 01:10:02.347  1697  1697 V BackupManagerService: Connected to transport ComponentInfo{android/com.android.internal.backup.LocalTransportService}
12-01 01:10:02.349  1697  1697 V BackupManagerService: Registering transport android/com.android.internal.backup.LocalTransportService::android/com.android.internal.backup.LocalTransport = android.app.backup.BackupTransport$TransportImpl@9d0d8d5
12-01 01:10:02.818  1697  1713 I ActivityManager: Removing system update proc: ProcessRecord{ad5b98c 1771:com.android.settings/1000}
12-01 01:10:02.818  1697  1713 I ActivityManager: Killing 1771:com.android.settings/1000 (adj 9): system update done
12-01 01:10:02.865  1697  1713 I ActivityManager: System now ready
12-01 01:10:02.866  1697  1709 W ActivityManager: Spurious death for ProcessRecord{ad5b98c 0:com.android.settings/1000}, curProc for 1771: null
12-01 01:10:02.872  1697  1713 I SystemServer: Making services ready
12-01 01:10:02.873  1697  1713 I SystemServiceManager: Starting phase 550
12-01 01:10:02.880  1697  1713 D UsbAlsaManager: Adding ALSA device AlsaDevice: [card: 0, device: 0, type: 1]
12-01 01:10:02.880  1697  1713 D UsbAlsaManager: Adding ALSA device AlsaDevice: [card: 0, device: 0, type: 2]
12-01 01:10:02.882  1697  1735 D MountService: Thinking about reset, mSystemReady=true, mDaemonConnected=true
12-01 01:10:02.892  1697  1735 D VoldConnector: SND -> {13 volume reset}
12-01 01:10:02.893  1221  1290 D vold    : Recognized experimental block major ID 253 as virtio-blk (emulator's virtual SD card device)
12-01 01:10:02.893  1221  1290 V vold    : /system/bin/sgdisk
12-01 01:10:02.893  1221  1290 V vold    :     --android-dump
12-01 01:10:02.893  1221  1290 V vold    :     /dev/block/vold/disk:253,64
12-01 01:10:02.893  1697  1736 D VoldConnector: RCV <- {651 emulated 7}
12-01 01:10:02.894  1697  1736 D VoldConnector: RCV <- {659 emulated}
12-01 01:10:02.894  1697  1736 D VoldConnector: RCV <- {650 emulated 2 "" ""}
12-01 01:10:02.895  1697  1736 D VoldConnector: RCV <- {651 emulated 0}
12-01 01:10:02.896  1697  1736 D VoldConnector: RCV <- {651 public:253,64 7}
12-01 01:10:02.896  1697  1736 D VoldConnector: RCV <- {659 public:253,64}
12-01 01:10:02.897  1697  1736 D VoldConnector: RCV <- {649 disk:253,64}
12-01 01:10:02.897  1697  1736 D VoldConnector: RCV <- {640 disk:253,64 5}
12-01 01:10:02.898  1697  1736 D VoldConnector: RCV <- {641 disk:253,64 104857600}
12-01 01:10:02.899  1697  1736 D VoldConnector: RCV <- {642 disk:253,64 Virtual}
12-01 01:10:02.899  1697  1736 D VoldConnector: RCV <- {644 disk:253,64 /sys//devices/pci0000:00/0000:00:07.0/virtio4/block/vde}
12-01 01:10:02.917  1221  1290 V vold    : DISK mbr
12-01 01:10:02.918  1221  1290 W vold    : disk:253,64 has unknown partition table; trying entire device
12-01 01:10:02.918  1221  1290 V vold    : /system/bin/blkid
12-01 01:10:02.918  1221  1290 V vold    :     -c
12-01 01:10:02.918  1221  1290 V vold    :     /dev/null
12-01 01:10:02.918  1221  1290 V vold    :     -s
12-01 01:10:02.918  1221  1290 V vold    :     TYPE
12-01 01:10:02.918  1221  1290 V vold    :     -s
12-01 01:10:02.918  1221  1290 V vold    :     UUID
12-01 01:10:02.918  1221  1290 V vold    :     -s
12-01 01:10:02.919  1221  1290 V vold    :     LABEL
12-01 01:10:02.919  1221  1290 V vold    :     /dev/block/vold/disk:253,64
12-01 01:10:02.939  1221  1290 V vold    : /dev/block/vold/disk:253,64: LABEL="SDCARD" UUID="0814-3115" TYPE="vfat" 
12-01 01:10:02.940  1697  1736 D VoldConnector: RCV <- {650 public:253,64 0 "disk:253,64" ""}
12-01 01:10:02.941  1697  1736 D VoldConnector: RCV <- {651 public:253,64 0}
12-01 01:10:02.942  1697  1736 D VoldConnector: RCV <- {643 disk:253,64}
12-01 01:10:02.943  1697  1736 D VoldConnector: RCV <- {200 13 Command succeeded}
12-01 01:10:02.944  1697  1735 D VoldConnector: SND -> {14 volume user_added 0 0}
12-01 01:10:02.944  1697  1736 D VoldConnector: RCV <- {200 14 Command succeeded}
12-01 01:10:02.973  1697  1713 I SystemServer: WebViewFactory preparation
12-01 01:10:02.979  1697  1715 V MountService: Found primary storage at VolumeInfo{emulated}:
12-01 01:10:02.979  1697  1715 V MountService:     type=EMULATED diskId=null partGuid=null mountFlags=0 mountUserId=-1 
12-01 01:10:02.979  1697  1715 V MountService:     state=UNMOUNTED 
12-01 01:10:02.979  1697  1715 V MountService:     fsType=null fsUuid=null fsLabel=null 
12-01 01:10:02.979  1697  1715 V MountService:     path=null internalPath=null 
12-01 01:10:02.981  1697  1735 D VoldConnector: SND -> {15 volume mount emulated 3 -1}
12-01 01:10:02.983  1221  1290 V vold    : Waiting for FUSE to spin up...
12-01 01:10:02.983  1697  1736 D VoldConnector: RCV <- {651 emulated 1}
12-01 01:10:02.985  1697  1736 D VoldConnector: RCV <- {656 emulated /data/media}
12-01 01:10:02.985  1697  1736 D VoldConnector: RCV <- {655 emulated /storage/emulated}
12-01 01:10:02.993  1697  1714 W WindowManager: Keyguard drawn timeout. Setting mKeyguardDrawComplete
12-01 01:10:03.034  1221  1290 V vold    : Waiting for FUSE to spin up...
12-01 01:10:03.045  1697  1713 I ActivityManager: Start proc 1796:com.android.systemui/u0a4 for service com.android.systemui/.SystemUIService
12-01 01:10:03.056  1697  1713 D NetworkManagement: enabling bandwidth control
12-01 01:10:03.082  1697  1816 E ActivityThread: Failed to find provider info for call_log
12-01 01:10:03.087  1697  1736 D VoldConnector: RCV <- {651 emulated 2}
12-01 01:10:03.088  1697  1736 D VoldConnector: RCV <- {200 15 Command succeeded}
12-01 01:10:03.091  1697  1735 D VoldConnector: SND -> {16 volume mount public:253,64 2 0}
12-01 01:10:03.092  1221  1290 V vold    : /system/bin/blkid
12-01 01:10:03.093  1221  1290 V vold    :     -c
12-01 01:10:03.093  1221  1290 V vold    :     /dev/null
12-01 01:10:03.093  1221  1290 V vold    :     -s
12-01 01:10:03.093  1221  1290 V vold    :     TYPE
12-01 01:10:03.093  1221  1290 V vold    :     -s
12-01 01:10:03.093  1221  1290 V vold    :     UUID
12-01 01:10:03.093  1221  1290 V vold    :     -s
12-01 01:10:03.093  1221  1290 V vold    :     LABEL
12-01 01:10:03.094  1221  1290 V vold    :     /dev/block/vold/public:253,64
12-01 01:10:03.094  1697  1736 D VoldConnector: RCV <- {651 public:253,64 1}
12-01 01:10:03.129  1221  1290 V vold    : /dev/block/vold/public:253,64: LABEL="SDCARD" UUID="0814-3115" TYPE="vfat" 
12-01 01:10:03.145  1697  1736 D VoldConnector: RCV <- {652 public:253,64 vfat}
12-01 01:10:03.151  1221  1290 V vold    : /system/bin/fsck_msdos
12-01 01:10:03.151  1221  1290 V vold    :     -p
12-01 01:10:03.152  1221  1290 V vold    :     -f
12-01 01:10:03.152  1221  1290 V vold    :     /dev/block/vold/public:253,64
12-01 01:10:03.152  1697  1736 D VoldConnector: RCV <- {653 public:253,64 0814-3115}
12-01 01:10:03.154  1697  1736 D VoldConnector: RCV <- {654 public:253,64 SDCARD}
12-01 01:10:03.172  1697  1697 I Telecom : Class: TelecomSystem.INSTANCE being set
12-01 01:10:03.361  1221  1290 I Vold    : Filesystem check completed OK
12-01 01:10:03.362  1697  1736 D VoldConnector: RCV <- {656 public:253,64 /mnt/media_rw/0814-3115}
12-01 01:10:03.362  1697  1736 D VoldConnector: RCV <- {655 public:253,64 /storage/0814-3115}
12-01 01:10:03.397  1221  1290 V vold    : Waiting for FUSE to spin up...
12-01 01:10:03.444  1697  1697 I Telecom : PhoneAccountRegistrar: SimCallManager queried, returning: null
12-01 01:10:03.450  1697  1736 D VoldConnector: RCV <- {651 public:253,64 2}
12-01 01:10:03.451  1697  1736 D VoldConnector: RCV <- {200 16 Command succeeded}
12-01 01:10:03.678  1697  1713 I SystemServiceManager: Starting phase 600
12-01 01:10:03.697  1697  1713 I BackupManagerService: Backup enabled => false
12-01 01:10:03.765  1697  1713 E InputMethodManagerService: Ignoring updateSystemUiLocked due to an invalid token. uid:1000 token:null
12-01 01:10:03.767  1697  1713 W InputMethodManagerService: Reset the default IME as "Resource" is ready here.
12-01 01:10:03.769  1697  1713 I InputMethodManagerService: Selected default: com.android.inputmethod.latin/.LatinIME
12-01 01:10:03.780  1697  1766 V KeyValueBackupJob: Scheduling k/v pass in 242 minutes
12-01 01:10:03.789  1697  1713 I ActivityManager: Start proc 1918:com.android.inputmethod.latin/u0a5 for service com.android.inputmethod.latin/.LatinIME
12-01 01:10:03.790  1697  1713 V InputMethodManagerService: Adding window token: android.os.Binder@9cee17a
12-01 01:10:03.797  1697  1714 I ActivityManager: Config changes=20 {1.0 ?mcc?mnc en_US ldltr sw360dp w360dp h568dp 480dpi nrml port finger -keyb/v/h -nav/h s.6}
12-01 01:10:03.799  1697  1697 W InputMethodManagerService: Illegal subtype state: old subtype = null, new subtype = android.view.inputmethod.InputMethodSubtype@c9194f98
12-01 01:10:04.039  1697  1713 W LocationManagerService: no network location provider found
12-01 01:10:04.053  1697  1713 E LocationManagerService: no geocoder provider found
12-01 01:10:04.055  1697  1713 E LocationManagerService: FLP HAL not supported
12-01 01:10:04.058  1697  1713 E LocationManagerService: Unable to bind FLP Geofence proxy.
12-01 01:10:04.059  1697  1713 E LocationManagerService: Hardware Activity-Recognition not supported.
12-01 01:10:04.088  1697  1697 V WiredAccessoryManager: init()
12-01 01:10:04.088  1697  1713 I MmsServiceBroker: Delay connecting to MmsService until an API is called
12-01 01:10:04.092  1697  1713 D MountService: onStartUser 0
12-01 01:10:04.092  1697  1713 D VoldConnector: SND -> {17 volume user_started 0}
12-01 01:10:04.094  1221  1290 D vold    : Linking /storage/emulated/0 to /mnt/user/0/primary
12-01 01:10:04.094  1697  1736 D VoldConnector: RCV <- {200 17 Command succeeded}
12-01 01:10:04.095  1697  1735 D MountService: Volume public:253,64 broadcasting mounted to UserHandle{0}
12-01 01:10:04.096  1697  1735 D MountService: Volume emulated broadcasting mounted to UserHandle{0}
12-01 01:10:04.102  1697  1713 W VoiceInteractionManagerService: no available voice interaction services found for user 0
12-01 01:10:04.102  1697  1713 W VoiceInteractionManagerService: no available voice recognition services found for user 0
12-01 01:10:04.109  1697  1712 W ActivityManager: Unable to start service Intent { cmp=com.android.printspooler/.model.PrintSpoolerService } U=0: not found
12-01 01:10:04.118  1697  1713 I ActivityManager: Start proc 1947:com.android.phone/1001 for added application com.android.phone
12-01 01:10:04.119  1697  1713 I ActivityManager: START u0 {act=android.intent.action.MAIN cat=[android.intent.category.HOME] flg=0x10000000 cmp=com.android.settings/.CryptKeeper} from uid 0 on display 0
12-01 01:10:04.143  1697  1713 I ActivityManager: Start proc 1959:com.android.settings:CryptKeeper/1000 for activity com.android.settings/.CryptKeeper
12-01 01:10:04.531  1697  1788 W ActivityManager: SLOW OOM ADJ: 333ms for pid 1947 = -12
12-01 01:10:04.595  1697  1697 W AppWidgetServiceImpl: Failed to read state: java.io.FileNotFoundException: /data/system/users/0/appwidgets.xml: open failed: ENOENT (No such file or directory)
12-01 01:10:04.595  1697  1697 V AppWidgetServiceImpl: Upgrading widget database from 0 to 1
12-01 01:10:06.002  1221  1291 I Cryptfs : Encrypting group 13
12-01 01:10:06.006  1221  1291 I Cryptfs : Encrypted to sector 201589760
12-01 01:10:06.007  1221  1291 I Cryptfs : Encrypting from sector 218103808
